#
# There is insufficient memory for the Java Runtime Environment to continue.
# Native memory allocation (mmap) failed to map 780140544 bytes. Error detail: G1 virtual space
# Possible reasons:
#   The system is out of physical RAM or swap space
#   This process is running with CompressedOops enabled, and the Java Heap may be blocking the growth of the native heap
# Possible solutions:
#   Reduce memory load on the system
#   Increase physical memory or swap space
#   Check if swap backing store is full
#   Decrease Java heap size (-Xmx/-Xms)
#   Decrease number of Java threads
#   Decrease Java thread stack sizes (-Xss)
#   Set larger code cache with -XX:ReservedCodeCacheSize=
#   JVM is running with Zero Based Compressed Oops mode in which the Java heap is
#     placed in the first 32GB address space. The Java Heap base address is the
#     maximum limit for the native heap growth. Please use -XX:HeapBaseMinAddress
#     to set the Java Heap base and to place the Java Heap above 32GB virtual address.
# This output file may be truncated or incomplete.
#
#  Out of Memory Error (os_windows.cpp:3618), pid=15052, tid=16536
#
# JRE version: OpenJDK Runtime Environment Temurin-17.0.15+6 (17.0.15+6) (build 17.0.15+6)
# Java VM: OpenJDK 64-Bit Server VM Temurin-17.0.15+6 (17.0.15+6, mixed mode, sharing, tiered, compressed oops, compressed class ptrs, g1 gc, windows-amd64)
# No core dump will be written. Minidumps are not enabled by default on client versions of Windows
#

---------------  S U M M A R Y ------------

Command Line: --add-opens=java.base/java.util=ALL-UNNAMED --add-opens=java.base/java.lang=ALL-UNNAMED --add-opens=java.base/java.lang.invoke=ALL-UNNAMED --add-opens=java.prefs/java.util.prefs=ALL-UNNAMED --add-opens=java.base/java.nio.charset=ALL-UNNAMED --add-opens=java.base/java.net=ALL-UNNAMED --add-opens=java.base/java.util.concurrent.atomic=ALL-UNNAMED -Xmx4536m -Dfile.encoding=windows-1252 -Duser.country=CO -Duser.language=es -Duser.variant -javaagent:C:\Users\julia\.gradle\wrapper\dists\gradle-8.2-bin\bbg7u40eoinfdyxsxr3z4i7ta\gradle-8.2\lib\agents\gradle-instrumentation-agent-8.2.jar org.gradle.launcher.daemon.bootstrap.GradleDaemon 8.2

Host: AMD Ryzen 5 3450U with Radeon Vega Mobile Gfx  , 8 cores, 9G,  Windows 11 , 64 bit Build 26100 (10.0.26100.3775)
Time: Tue Apr 29 19:52:32 2025 Hora est. Pacífico, Sudamérica elapsed time: 418.154406 seconds (0d 0h 6m 58s)

---------------  T H R E A D  ---------------

Current thread (0x0000019e1a27c1b0):  VMThread "VM Thread" [stack: 0x0000008f65b00000,0x0000008f65c00000] [id=16536]

Stack: [0x0000008f65b00000,0x0000008f65c00000]
Native frames: (J=compiled Java code, j=interpreted, Vv=VM code, C=native code)
V  [jvm.dll+0x682fc9]
V  [jvm.dll+0x839878]
V  [jvm.dll+0x83b323]
V  [jvm.dll+0x83b993]
V  [jvm.dll+0x24725f]
V  [jvm.dll+0x67fda9]
V  [jvm.dll+0x674c9a]
V  [jvm.dll+0x304d06]
V  [jvm.dll+0x30c1c6]
V  [jvm.dll+0x35dd4e]
V  [jvm.dll+0x35df8d]
V  [jvm.dll+0x2dc0cc]
V  [jvm.dll+0x2da46f]
V  [jvm.dll+0x2d9bdc]
V  [jvm.dll+0x31d781]
V  [jvm.dll+0x8401cd]
V  [jvm.dll+0x840f03]
V  [jvm.dll+0x84142f]
V  [jvm.dll+0x841814]
V  [jvm.dll+0x8418de]
V  [jvm.dll+0x7e94dc]
V  [jvm.dll+0x681ea7]
C  [ucrtbase.dll+0x37b0]
C  [KERNEL32.DLL+0x2e8d7]
C  [ntdll.dll+0xb14fc]

VM_Operation (0x0000008f6a5f9ba0): G1TryInitiateConcMark, mode: safepoint, requested by thread 0x0000019e646dbdc0


---------------  P R O C E S S  ---------------

Threads class SMR info:
_java_thread_list=0x0000019e636d56f0, length=138, elements={
0x0000019e75a4d6b0, 0x0000019e1a2801a0, 0x0000019e1a280880, 0x0000019e1a29da30,
0x0000019e1a29df10, 0x0000019e1a29e3f0, 0x0000019e1a2a6900, 0x0000019e1a2a98d0,
0x0000019e1a2b6110, 0x0000019e1a2abb40, 0x0000019e1a60b4e0, 0x0000019e1a6d9390,
0x0000019e620d29d0, 0x0000019e60f771e0, 0x0000019e61a14020, 0x0000019e628a9690,
0x0000019e62797490, 0x0000019e61b88c90, 0x0000019e61b88270, 0x0000019e61b88780,
0x0000019e61b8aaf0, 0x0000019e61b891a0, 0x0000019e61b896b0, 0x0000019e61b87d60,
0x0000019e61b8a5e0, 0x0000019e62833f20, 0x0000019e62833500, 0x0000019e62835360,
0x0000019e62836290, 0x0000019e62834e50, 0x0000019e62835870, 0x0000019e62832ff0,
0x0000019e628367a0, 0x0000019e62834940, 0x0000019e628380f0, 0x0000019e6283a460,
0x0000019e62838600, 0x0000019e62839a40, 0x0000019e62838b10, 0x0000019e6283a970,
0x0000019e646d8b20, 0x0000019e646d9030, 0x0000019e646d5880, 0x0000019e646d5d90,
0x0000019e646d6cc0, 0x0000019e646d9540, 0x0000019e646d8610, 0x0000019e646d8100,
0x0000019e646d9a50, 0x0000019e646d62a0, 0x0000019e646d71d0, 0x0000019e646d9f60,
0x0000019e646d67b0, 0x0000019e646da470, 0x0000019e646da980, 0x0000019e646dae90,
0x0000019e646d76e0, 0x0000019e646dc7e0, 0x0000019e646db3a0, 0x0000019e646db8b0,
0x0000019e646dccf0, 0x0000019e646dc2d0, 0x0000019e646dd200, 0x0000019e646dbdc0,
0x0000019e632030e0, 0x0000019e632035f0, 0x0000019e632021b0, 0x0000019e63201790,
0x0000019e63201ca0, 0x0000019e63202bd0, 0x0000019e63200350, 0x0000019e63200860,
0x0000019e63203b00, 0x0000019e632026c0, 0x0000019e63200d70, 0x0000019e63201280,
0x0000019e63174550, 0x0000019e631763b0, 0x0000019e63176dd0, 0x0000019e63174040,
0x0000019e631768c0, 0x0000019e63174f70, 0x0000019e631772e0, 0x0000019e63174a60,
0x0000019e63173b30, 0x0000019e63175ea0, 0x0000019e631777f0, 0x0000019e63178720,
0x0000019e63177d00, 0x0000019e63178c30, 0x0000019e63175480, 0x0000019e63178210,
0x0000019e63179140, 0x0000019e63175990, 0x0000019e63179b60, 0x0000019e6317afa0,
0x0000019e6317a580, 0x0000019e63179650, 0x0000019e6317b4b0, 0x0000019e6317a070,
0x0000019e6317aa90, 0x0000019e605c1170, 0x0000019e605c1680, 0x0000019e605bf310,
0x0000019e605bee00, 0x0000019e605c1b90, 0x0000019e605c20a0, 0x0000019e605c0240,
0x0000019e605bf820, 0x0000019e605c0750, 0x0000019e605c25b0, 0x0000019e605c2fd0,
0x0000019e605c2ac0, 0x0000019e605c34e0, 0x0000019e605bfd30, 0x0000019e605c39f0,
0x0000019e605c3f00, 0x0000019e605c4410, 0x0000019e605c0c60, 0x0000019e605c6270,
0x0000019e605c5850, 0x0000019e605c5d60, 0x0000019e605c6780, 0x0000019e651a49c0,
0x0000019e651a8170, 0x0000019e651a90a0, 0x0000019e61b89bc0, 0x0000019e646d7bf0,
0x0000019e62833a10, 0x0000019e605c5340, 0x0000019e664a6950, 0x0000019e664a5510,
0x0000019e664a7d90, 0x0000019e664a82a0, 0x0000019e664a5f30, 0x0000019e664a6e60,
0x0000019e645bc990, 0x0000019e645ba460
}

Java Threads: ( => current thread )
  0x0000019e75a4d6b0 JavaThread "main" [_thread_blocked, id=3884, stack(0x0000008f65500000,0x0000008f65600000)]
  0x0000019e1a2801a0 JavaThread "Reference Handler" daemon [_thread_blocked, id=16388, stack(0x0000008f65c00000,0x0000008f65d00000)]
  0x0000019e1a280880 JavaThread "Finalizer" daemon [_thread_blocked, id=11636, stack(0x0000008f65d00000,0x0000008f65e00000)]
  0x0000019e1a29da30 JavaThread "Signal Dispatcher" daemon [_thread_blocked, id=13816, stack(0x0000008f65e00000,0x0000008f65f00000)]
  0x0000019e1a29df10 JavaThread "Attach Listener" daemon [_thread_blocked, id=2660, stack(0x0000008f65f00000,0x0000008f66000000)]
  0x0000019e1a29e3f0 JavaThread "Service Thread" daemon [_thread_blocked, id=5036, stack(0x0000008f66000000,0x0000008f66100000)]
  0x0000019e1a2a6900 JavaThread "Monitor Deflation Thread" daemon [_thread_blocked, id=6876, stack(0x0000008f66100000,0x0000008f66200000)]
  0x0000019e1a2a98d0 JavaThread "C2 CompilerThread0" daemon [_thread_blocked, id=11012, stack(0x0000008f66200000,0x0000008f66300000)]
  0x0000019e1a2b6110 JavaThread "C1 CompilerThread0" daemon [_thread_blocked, id=16900, stack(0x0000008f66300000,0x0000008f66400000)]
  0x0000019e1a2abb40 JavaThread "Sweeper thread" daemon [_thread_blocked, id=8632, stack(0x0000008f66400000,0x0000008f66500000)]
  0x0000019e1a60b4e0 JavaThread "Common-Cleaner" daemon [_thread_blocked, id=3336, stack(0x0000008f66500000,0x0000008f66600000)]
  0x0000019e1a6d9390 JavaThread "Notification Thread" daemon [_thread_blocked, id=3740, stack(0x0000008f66600000,0x0000008f66700000)]
  0x0000019e620d29d0 JavaThread "Daemon health stats" [_thread_blocked, id=5168, stack(0x0000008f66e00000,0x0000008f66f00000)]
  0x0000019e60f771e0 JavaThread "Incoming local TCP Connector on port 65488" [_thread_in_native, id=1724, stack(0x0000008f66d00000,0x0000008f66e00000)]
  0x0000019e61a14020 JavaThread "Daemon periodic checks" [_thread_blocked, id=16584, stack(0x0000008f66f00000,0x0000008f67000000)]
  0x0000019e628a9690 JavaThread "Daemon" [_thread_blocked, id=17392, stack(0x0000008f67000000,0x0000008f67100000)]
  0x0000019e62797490 JavaThread "Handler for socket connection from /127.0.0.1:65488 to /127.0.0.1:65489" [_thread_in_native, id=8148, stack(0x0000008f67100000,0x0000008f67200000)]
  0x0000019e61b88c90 JavaThread "Cancel handler" [_thread_blocked, id=16616, stack(0x0000008f67200000,0x0000008f67300000)]
  0x0000019e61b88270 JavaThread "Daemon worker" [_thread_blocked, id=4272, stack(0x0000008f67300000,0x0000008f67400000)]
  0x0000019e61b88780 JavaThread "Asynchronous log dispatcher for DefaultDaemonConnection: socket connection from /127.0.0.1:65488 to /127.0.0.1:65489" [_thread_blocked, id=4776, stack(0x0000008f67400000,0x0000008f67500000)]
  0x0000019e61b8aaf0 JavaThread "Stdin handler" [_thread_blocked, id=3952, stack(0x0000008f67500000,0x0000008f67600000)]
  0x0000019e61b891a0 JavaThread "Daemon client event forwarder" [_thread_blocked, id=15356, stack(0x0000008f67600000,0x0000008f67700000)]
  0x0000019e61b896b0 JavaThread "Cache worker for journal cache (C:\Users\julia\.gradle\caches\journal-1)" [_thread_blocked, id=7572, stack(0x0000008f67a00000,0x0000008f67b00000)]
  0x0000019e61b87d60 JavaThread "File lock request listener" [_thread_in_native, id=9052, stack(0x0000008f67b00000,0x0000008f67c00000)]
  0x0000019e61b8a5e0 JavaThread "Cache worker for file hash cache (C:\Users\julia\.gradle\caches\8.2\fileHashes)" [_thread_blocked, id=16924, stack(0x0000008f67c00000,0x0000008f67d00000)]
  0x0000019e62833f20 JavaThread "File watcher server" daemon [_thread_in_native, id=13952, stack(0x0000008f67d00000,0x0000008f67e00000)]
  0x0000019e62833500 JavaThread "File watcher consumer" daemon [_thread_blocked, id=11712, stack(0x0000008f67e00000,0x0000008f67f00000)]
  0x0000019e62835360 JavaThread "Cache worker for checksums cache (C:\Users\julia\Documents\bolas\Balls-Game\android\build\.gradle\8.2\checksums)" [_thread_blocked, id=13280, stack(0x0000008f67f00000,0x0000008f68000000)]
  0x0000019e62836290 JavaThread "Cache worker for cache directory md-rule (C:\Users\julia\.gradle\caches\8.2\md-rule)" [_thread_blocked, id=16312, stack(0x0000008f68000000,0x0000008f68100000)]
  0x0000019e62834e50 JavaThread "Cache worker for file content cache (C:\Users\julia\.gradle\caches\8.2\fileContent)" [_thread_blocked, id=14412, stack(0x0000008f68100000,0x0000008f68200000)]
  0x0000019e62835870 JavaThread "Cache worker for file hash cache (C:\Users\julia\Documents\bolas\Balls-Game\android\build\.gradle\8.2\fileHashes)" [_thread_blocked, id=4412, stack(0x0000008f68300000,0x0000008f68400000)]
  0x0000019e62832ff0 JavaThread "Cache worker for cache directory md-supplier (C:\Users\julia\.gradle\caches\8.2\md-supplier)" [_thread_blocked, id=17144, stack(0x0000008f68400000,0x0000008f68500000)]
  0x0000019e628367a0 JavaThread "Cache worker for execution history cache (C:\Users\julia\.gradle\caches\8.2\executionHistory)" [_thread_blocked, id=13912, stack(0x0000008f68500000,0x0000008f68600000)]
  0x0000019e62834940 JavaThread "jar transforms" [_thread_blocked, id=18020, stack(0x0000008f68700000,0x0000008f68800000)]
  0x0000019e628380f0 JavaThread "jar transforms Thread 2" [_thread_blocked, id=17932, stack(0x0000008f68800000,0x0000008f68900000)]
  0x0000019e6283a460 JavaThread "jar transforms Thread 3" [_thread_blocked, id=9460, stack(0x0000008f68900000,0x0000008f68a00000)]
  0x0000019e62838600 JavaThread "jar transforms Thread 4" [_thread_blocked, id=8512, stack(0x0000008f68a00000,0x0000008f68b00000)]
  0x0000019e62839a40 JavaThread "Cache worker for dependencies-accessors (C:\Users\julia\Documents\bolas\Balls-Game\android\build\.gradle\8.2\dependencies-accessors)" [_thread_blocked, id=15500, stack(0x0000008f68b00000,0x0000008f68c00000)]
  0x0000019e62838b10 JavaThread "jar transforms Thread 5" [_thread_blocked, id=1104, stack(0x0000008f68d00000,0x0000008f68e00000)]
  0x0000019e6283a970 JavaThread "Cache worker for Build Output Cleanup Cache (C:\Users\julia\Documents\bolas\Balls-Game\android\build\.gradle\buildOutputCleanup)" [_thread_blocked, id=15228, stack(0x0000008f68600000,0x0000008f68700000)]
  0x0000019e646d8b20 JavaThread "Unconstrained build operations" [_thread_blocked, id=13548, stack(0x0000008f69000000,0x0000008f69100000)]
  0x0000019e646d9030 JavaThread "Unconstrained build operations Thread 2" [_thread_blocked, id=4152, stack(0x0000008f69100000,0x0000008f69200000)]
  0x0000019e646d5880 JavaThread "Unconstrained build operations Thread 3" [_thread_blocked, id=4860, stack(0x0000008f69200000,0x0000008f69300000)]
  0x0000019e646d5d90 JavaThread "Unconstrained build operations Thread 4" [_thread_blocked, id=13340, stack(0x0000008f69300000,0x0000008f69400000)]
  0x0000019e646d6cc0 JavaThread "Unconstrained build operations Thread 5" [_thread_blocked, id=18164, stack(0x0000008f69400000,0x0000008f69500000)]
  0x0000019e646d9540 JavaThread "Unconstrained build operations Thread 6" [_thread_blocked, id=7644, stack(0x0000008f69500000,0x0000008f69600000)]
  0x0000019e646d8610 JavaThread "Unconstrained build operations Thread 7" [_thread_blocked, id=13600, stack(0x0000008f69600000,0x0000008f69700000)]
  0x0000019e646d8100 JavaThread "Unconstrained build operations Thread 8" [_thread_blocked, id=17844, stack(0x0000008f68f00000,0x0000008f69000000)]
  0x0000019e646d9a50 JavaThread "Unconstrained build operations Thread 9" [_thread_blocked, id=16888, stack(0x0000008f69700000,0x0000008f69800000)]
  0x0000019e646d62a0 JavaThread "Unconstrained build operations Thread 10" [_thread_blocked, id=17028, stack(0x0000008f69800000,0x0000008f69900000)]
  0x0000019e646d71d0 JavaThread "Unconstrained build operations Thread 11" [_thread_blocked, id=6220, stack(0x0000008f69900000,0x0000008f69a00000)]
  0x0000019e646d9f60 JavaThread "Unconstrained build operations Thread 12" [_thread_blocked, id=13780, stack(0x0000008f69a00000,0x0000008f69b00000)]
  0x0000019e646d67b0 JavaThread "Unconstrained build operations Thread 13" [_thread_blocked, id=9620, stack(0x0000008f69b00000,0x0000008f69c00000)]
  0x0000019e646da470 JavaThread "Unconstrained build operations Thread 14" [_thread_blocked, id=14620, stack(0x0000008f69c00000,0x0000008f69d00000)]
  0x0000019e646da980 JavaThread "Unconstrained build operations Thread 15" [_thread_blocked, id=11428, stack(0x0000008f66800000,0x0000008f66900000)]
  0x0000019e646dae90 JavaThread "Unconstrained build operations Thread 16" [_thread_blocked, id=12976, stack(0x0000008f69d00000,0x0000008f69e00000)]
  0x0000019e646d76e0 JavaThread "Unconstrained build operations Thread 17" [_thread_blocked, id=13680, stack(0x0000008f69e00000,0x0000008f69f00000)]
  0x0000019e646dc7e0 JavaThread "Unconstrained build operations Thread 18" [_thread_blocked, id=17016, stack(0x0000008f69f00000,0x0000008f6a000000)]
  0x0000019e646db3a0 JavaThread "Unconstrained build operations Thread 19" [_thread_blocked, id=14116, stack(0x0000008f6a000000,0x0000008f6a100000)]
  0x0000019e646db8b0 JavaThread "Unconstrained build operations Thread 20" [_thread_blocked, id=5244, stack(0x0000008f6a100000,0x0000008f6a200000)]
  0x0000019e646dccf0 JavaThread "Unconstrained build operations Thread 21" [_thread_blocked, id=13324, stack(0x0000008f6a200000,0x0000008f6a300000)]
  0x0000019e646dc2d0 JavaThread "Unconstrained build operations Thread 22" [_thread_blocked, id=784, stack(0x0000008f6a300000,0x0000008f6a400000)]
  0x0000019e646dd200 JavaThread "Unconstrained build operations Thread 23" [_thread_blocked, id=18108, stack(0x0000008f6a400000,0x0000008f6a500000)]
  0x0000019e646dbdc0 JavaThread "Unconstrained build operations Thread 24" [_thread_blocked, id=8780, stack(0x0000008f6a500000,0x0000008f6a600000)]
  0x0000019e632030e0 JavaThread "Unconstrained build operations Thread 25" [_thread_blocked, id=15372, stack(0x0000008f6a600000,0x0000008f6a700000)]
  0x0000019e632035f0 JavaThread "Unconstrained build operations Thread 26" [_thread_blocked, id=1648, stack(0x0000008f6a700000,0x0000008f6a800000)]
  0x0000019e632021b0 JavaThread "Unconstrained build operations Thread 27" [_thread_blocked, id=12868, stack(0x0000008f6a800000,0x0000008f6a900000)]
  0x0000019e63201790 JavaThread "Unconstrained build operations Thread 28" [_thread_blocked, id=6628, stack(0x0000008f6a900000,0x0000008f6aa00000)]
  0x0000019e63201ca0 JavaThread "Unconstrained build operations Thread 29" [_thread_blocked, id=16540, stack(0x0000008f6aa00000,0x0000008f6ab00000)]
  0x0000019e63202bd0 JavaThread "Unconstrained build operations Thread 30" [_thread_blocked, id=3620, stack(0x0000008f6ab00000,0x0000008f6ac00000)]
  0x0000019e63200350 JavaThread "Unconstrained build operations Thread 31" [_thread_blocked, id=10428, stack(0x0000008f6ac00000,0x0000008f6ad00000)]
  0x0000019e63200860 JavaThread "Unconstrained build operations Thread 32" [_thread_blocked, id=11924, stack(0x0000008f6ad00000,0x0000008f6ae00000)]
  0x0000019e63203b00 JavaThread "Unconstrained build operations Thread 33" [_thread_blocked, id=2308, stack(0x0000008f6ae00000,0x0000008f6af00000)]
  0x0000019e632026c0 JavaThread "Unconstrained build operations Thread 34" [_thread_blocked, id=18332, stack(0x0000008f6af00000,0x0000008f6b000000)]
  0x0000019e63200d70 JavaThread "Unconstrained build operations Thread 35" [_thread_blocked, id=16380, stack(0x0000008f6b000000,0x0000008f6b100000)]
  0x0000019e63201280 JavaThread "Unconstrained build operations Thread 36" [_thread_blocked, id=17000, stack(0x0000008f6b100000,0x0000008f6b200000)]
  0x0000019e63174550 JavaThread "Unconstrained build operations Thread 37" [_thread_blocked, id=13628, stack(0x0000008f6b200000,0x0000008f6b300000)]
  0x0000019e631763b0 JavaThread "Unconstrained build operations Thread 38" [_thread_blocked, id=17612, stack(0x0000008f6b300000,0x0000008f6b400000)]
  0x0000019e63176dd0 JavaThread "Unconstrained build operations Thread 39" [_thread_blocked, id=12048, stack(0x0000008f6b500000,0x0000008f6b600000)]
  0x0000019e63174040 JavaThread "Unconstrained build operations Thread 40" [_thread_blocked, id=6468, stack(0x0000008f6b600000,0x0000008f6b700000)]
  0x0000019e631768c0 JavaThread "Unconstrained build operations Thread 41" [_thread_blocked, id=3312, stack(0x0000008f6b700000,0x0000008f6b800000)]
  0x0000019e63174f70 JavaThread "Unconstrained build operations Thread 42" [_thread_blocked, id=9568, stack(0x0000008f6b800000,0x0000008f6b900000)]
  0x0000019e631772e0 JavaThread "Unconstrained build operations Thread 43" [_thread_blocked, id=10136, stack(0x0000008f6b900000,0x0000008f6ba00000)]
  0x0000019e63174a60 JavaThread "Unconstrained build operations Thread 44" [_thread_blocked, id=12328, stack(0x0000008f6b400000,0x0000008f6b500000)]
  0x0000019e63173b30 JavaThread "Unconstrained build operations Thread 45" [_thread_blocked, id=15904, stack(0x0000008f6ba00000,0x0000008f6bb00000)]
  0x0000019e63175ea0 JavaThread "Unconstrained build operations Thread 46" [_thread_blocked, id=6964, stack(0x0000008f6bb00000,0x0000008f6bc00000)]
  0x0000019e631777f0 JavaThread "Unconstrained build operations Thread 47" [_thread_blocked, id=6280, stack(0x0000008f6bc00000,0x0000008f6bd00000)]
  0x0000019e63178720 JavaThread "Unconstrained build operations Thread 48" [_thread_blocked, id=17796, stack(0x0000008f6bd00000,0x0000008f6be00000)]
  0x0000019e63177d00 JavaThread "Unconstrained build operations Thread 49" [_thread_blocked, id=15908, stack(0x0000008f6be00000,0x0000008f6bf00000)]
  0x0000019e63178c30 JavaThread "Unconstrained build operations Thread 50" [_thread_blocked, id=15996, stack(0x0000008f6bf00000,0x0000008f6c000000)]
  0x0000019e63175480 JavaThread "Unconstrained build operations Thread 51" [_thread_blocked, id=13360, stack(0x0000008f6c000000,0x0000008f6c100000)]
  0x0000019e63178210 JavaThread "Unconstrained build operations Thread 52" [_thread_blocked, id=13988, stack(0x0000008f6c200000,0x0000008f6c300000)]
  0x0000019e63179140 JavaThread "Unconstrained build operations Thread 53" [_thread_blocked, id=3612, stack(0x0000008f6c300000,0x0000008f6c400000)]
  0x0000019e63175990 JavaThread "Unconstrained build operations Thread 54" [_thread_blocked, id=12764, stack(0x0000008f6c400000,0x0000008f6c500000)]
  0x0000019e63179b60 JavaThread "Unconstrained build operations Thread 55" [_thread_blocked, id=8808, stack(0x0000008f6c500000,0x0000008f6c600000)]
  0x0000019e6317afa0 JavaThread "Unconstrained build operations Thread 56" [_thread_blocked, id=8724, stack(0x0000008f6c600000,0x0000008f6c700000)]
  0x0000019e6317a580 JavaThread "Unconstrained build operations Thread 57" [_thread_blocked, id=9736, stack(0x0000008f6c700000,0x0000008f6c800000)]
  0x0000019e63179650 JavaThread "Unconstrained build operations Thread 58" [_thread_blocked, id=12032, stack(0x0000008f6c800000,0x0000008f6c900000)]
  0x0000019e6317b4b0 JavaThread "Unconstrained build operations Thread 59" [_thread_blocked, id=17884, stack(0x0000008f6c900000,0x0000008f6ca00000)]
  0x0000019e6317a070 JavaThread "Unconstrained build operations Thread 60" [_thread_blocked, id=4436, stack(0x0000008f6ca00000,0x0000008f6cb00000)]
  0x0000019e6317aa90 JavaThread "Unconstrained build operations Thread 61" [_thread_blocked, id=17976, stack(0x0000008f65400000,0x0000008f65500000)]
  0x0000019e605c1170 JavaThread "Unconstrained build operations Thread 62" [_thread_blocked, id=6728, stack(0x0000008f6c100000,0x0000008f6c200000)]
  0x0000019e605c1680 JavaThread "Unconstrained build operations Thread 63" [_thread_blocked, id=16752, stack(0x0000008f6cb00000,0x0000008f6cc00000)]
  0x0000019e605bf310 JavaThread "Unconstrained build operations Thread 64" [_thread_blocked, id=9840, stack(0x0000008f6cc00000,0x0000008f6cd00000)]
  0x0000019e605bee00 JavaThread "Unconstrained build operations Thread 65" [_thread_blocked, id=17924, stack(0x0000008f6cd00000,0x0000008f6ce00000)]
  0x0000019e605c1b90 JavaThread "Unconstrained build operations Thread 66" [_thread_blocked, id=17096, stack(0x0000008f6ce00000,0x0000008f6cf00000)]
  0x0000019e605c20a0 JavaThread "Unconstrained build operations Thread 67" [_thread_blocked, id=4408, stack(0x0000008f6cf00000,0x0000008f6d000000)]
  0x0000019e605c0240 JavaThread "Unconstrained build operations Thread 68" [_thread_blocked, id=13176, stack(0x0000008f6d200000,0x0000008f6d300000)]
  0x0000019e605bf820 JavaThread "Unconstrained build operations Thread 69" [_thread_blocked, id=4060, stack(0x0000008f6d300000,0x0000008f6d400000)]
  0x0000019e605c0750 JavaThread "Unconstrained build operations Thread 70" [_thread_blocked, id=15588, stack(0x0000008f6d400000,0x0000008f6d500000)]
  0x0000019e605c25b0 JavaThread "Unconstrained build operations Thread 71" [_thread_blocked, id=17968, stack(0x0000008f6d500000,0x0000008f6d600000)]
  0x0000019e605c2fd0 JavaThread "Unconstrained build operations Thread 72" [_thread_blocked, id=3600, stack(0x0000008f6d600000,0x0000008f6d700000)]
  0x0000019e605c2ac0 JavaThread "Unconstrained build operations Thread 73" [_thread_blocked, id=12956, stack(0x0000008f6d700000,0x0000008f6d800000)]
  0x0000019e605c34e0 JavaThread "Unconstrained build operations Thread 74" [_thread_blocked, id=2076, stack(0x0000008f6d800000,0x0000008f6d900000)]
  0x0000019e605bfd30 JavaThread "Unconstrained build operations Thread 75" [_thread_blocked, id=1500, stack(0x0000008f6d900000,0x0000008f6da00000)]
  0x0000019e605c39f0 JavaThread "Unconstrained build operations Thread 76" [_thread_blocked, id=9988, stack(0x0000008f6da00000,0x0000008f6db00000)]
  0x0000019e605c3f00 JavaThread "Unconstrained build operations Thread 77" [_thread_blocked, id=6928, stack(0x0000008f6db00000,0x0000008f6dc00000)]
  0x0000019e605c4410 JavaThread "Unconstrained build operations Thread 78" [_thread_blocked, id=17516, stack(0x0000008f6dc00000,0x0000008f6dd00000)]
  0x0000019e605c0c60 JavaThread "Unconstrained build operations Thread 79" [_thread_blocked, id=6296, stack(0x0000008f6dd00000,0x0000008f6de00000)]
  0x0000019e605c6270 JavaThread "Unconstrained build operations Thread 80" [_thread_blocked, id=18052, stack(0x0000008f6de00000,0x0000008f6df00000)]
  0x0000019e605c5850 JavaThread "jar transforms Thread 6" [_thread_blocked, id=14148, stack(0x0000008f65300000,0x0000008f65400000)]
  0x0000019e605c5d60 JavaThread "jar transforms Thread 7" [_thread_blocked, id=4664, stack(0x0000008f68e00000,0x0000008f68f00000)]
  0x0000019e605c6780 JavaThread "jar transforms Thread 8" [_thread_blocked, id=3996, stack(0x0000008f6d000000,0x0000008f6d100000)]
  0x0000019e651a49c0 JavaThread "Memory manager" [_thread_blocked, id=6568, stack(0x0000008f6df00000,0x0000008f6e000000)]
  0x0000019e651a8170 JavaThread "build event listener" [_thread_blocked, id=12784, stack(0x0000008f6d100000,0x0000008f6d200000)]
  0x0000019e651a90a0 JavaThread "pool-4-thread-1" [_thread_blocked, id=3476, stack(0x0000008f6e200000,0x0000008f6e300000)]
  0x0000019e61b89bc0 JavaThread "build event listener" [_thread_blocked, id=18008, stack(0x0000008f6e300000,0x0000008f6e400000)]
  0x0000019e646d7bf0 JavaThread "included builds" [_thread_blocked, id=18360, stack(0x0000008f6e400000,0x0000008f6e500000)]
  0x0000019e62833a10 JavaThread "Execution worker" [_thread_blocked, id=15960, stack(0x0000008f6e500000,0x0000008f6e600000)]
  0x0000019e605c5340 JavaThread "Execution worker Thread 2" [_thread_blocked, id=13776, stack(0x0000008f6e600000,0x0000008f6e700000)]
  0x0000019e664a6950 JavaThread "Execution worker Thread 3" [_thread_blocked, id=11968, stack(0x0000008f6e700000,0x0000008f6e800000)]
  0x0000019e664a5510 JavaThread "Execution worker Thread 4" [_thread_blocked, id=11084, stack(0x0000008f6e800000,0x0000008f6e900000)]
  0x0000019e664a7d90 JavaThread "Execution worker Thread 5" [_thread_blocked, id=17024, stack(0x0000008f6e900000,0x0000008f6ea00000)]
  0x0000019e664a82a0 JavaThread "Execution worker Thread 6" [_thread_blocked, id=14784, stack(0x0000008f6ea00000,0x0000008f6eb00000)]
  0x0000019e664a5f30 JavaThread "Execution worker Thread 7" [_thread_blocked, id=10328, stack(0x0000008f6eb00000,0x0000008f6ec00000)]
  0x0000019e664a6e60 JavaThread "Cache worker for execution history cache (C:\Users\julia\Documents\bolas\Balls-Game\android\build\.gradle\8.2\executionHistory)" [_thread_blocked, id=8868, stack(0x0000008f6ec00000,0x0000008f6ed00000)]
  0x0000019e645bc990 JavaThread "C2 CompilerThread1" daemon [_thread_blocked, id=9080, stack(0x0000008f65200000,0x0000008f65300000)]
  0x0000019e645ba460 JavaThread "C2 CompilerThread2" daemon [_thread_blocked, id=15044, stack(0x0000008f6e000000,0x0000008f6e100000)]

Other Threads:
=>0x0000019e1a27c1b0 VMThread "VM Thread" [stack: 0x0000008f65b00000,0x0000008f65c00000] [id=16536]
  0x0000019e1a6dc8a0 WatcherThread [stack: 0x0000008f66700000,0x0000008f66800000] [id=8052]
  0x0000019e75ab9490 GCTaskThread "GC Thread#0" [stack: 0x0000008f65600000,0x0000008f65700000] [id=10356]
  0x0000019e604751d0 GCTaskThread "GC Thread#1" [stack: 0x0000008f66900000,0x0000008f66a00000] [id=9832]
  0x0000019e1a8773f0 GCTaskThread "GC Thread#2" [stack: 0x0000008f66a00000,0x0000008f66b00000] [id=17444]
  0x0000019e607713d0 GCTaskThread "GC Thread#3" [stack: 0x0000008f66b00000,0x0000008f66c00000] [id=16716]
  0x0000019e60860010 GCTaskThread "GC Thread#4" [stack: 0x0000008f66c00000,0x0000008f66d00000] [id=10700]
  0x0000019e621d3d40 GCTaskThread "GC Thread#5" [stack: 0x0000008f67700000,0x0000008f67800000] [id=2000]
  0x0000019e6186cc90 GCTaskThread "GC Thread#6" [stack: 0x0000008f67800000,0x0000008f67900000] [id=11060]
  0x0000019e61857030 GCTaskThread "GC Thread#7" [stack: 0x0000008f67900000,0x0000008f67a00000] [id=14812]
  0x0000019e75ac3210 ConcurrentGCThread "G1 Main Marker" [stack: 0x0000008f65700000,0x0000008f65800000] [id=16512]
  0x0000019e75ac46b0 ConcurrentGCThread "G1 Conc#0" [stack: 0x0000008f65800000,0x0000008f65900000] [id=4816]
  0x0000019e62400980 ConcurrentGCThread "G1 Conc#1" [stack: 0x0000008f68200000,0x0000008f68300000] [id=16496]
  0x0000019e1a138530 ConcurrentGCThread "G1 Refine#0" [stack: 0x0000008f65900000,0x0000008f65a00000] [id=15404]
  0x0000019e634d9380 ConcurrentGCThread "G1 Refine#1" [stack: 0x0000008f68c00000,0x0000008f68d00000] [id=12572]
  0x0000019e1a139930 ConcurrentGCThread "G1 Service" [stack: 0x0000008f65a00000,0x0000008f65b00000] [id=1808]

Threads with active compile tasks:

VM state: at safepoint (normal execution)

VM Mutex/Monitor currently owned by a thread:  ([mutex/lock_event])
[0x0000019e75a49320] Threads_lock - owner thread: 0x0000019e1a27c1b0
[0x0000019e75a49290] Heap_lock - owner thread: 0x0000019e646dbdc0

Heap address: 0x00000006e4800000, size: 4536 MB, Compressed Oops mode: Zero based, Oop shift amount: 3

CDS archive(s) mapped at: [0x0000019e1b000000-0x0000019e1bbb0000-0x0000019e1bbb0000), size 12255232, SharedBaseAddress: 0x0000019e1b000000, ArchiveRelocationMode: 1.
Compressed class space mapped at: 0x0000019e1c000000-0x0000019e5c000000, reserved size: 1073741824
Narrow klass base: 0x0000019e1b000000, Narrow klass shift: 0, Narrow klass range: 0x100000000

GC Precious Log:
 CPUs: 8 total, 8 available
 Memory: 10182M
 Large Page Support: Disabled
 NUMA Support: Disabled
 Compressed Oops: Enabled (Zero based)
 Heap Region Size: 4M
 Heap Min Capacity: 8M
 Heap Initial Capacity: 160M
 Heap Max Capacity: 4536M
 Pre-touch: Disabled
 Parallel Workers: 8
 Concurrent Workers: 2
 Concurrent Refinement Workers: 8
 Periodic GC: Disabled

Heap:
 garbage-first heap   total 839680K, used 367244K [0x00000006e4800000, 0x0000000800000000)
  region size 4096K, 4 young (16384K), 4 survivors (16384K)
 Metaspace       used 109630K, committed 110400K, reserved 1179648K
  class space    used 14481K, committed 14848K, reserved 1048576K

Heap Regions: E=young(eden), S=young(survivor), O=old, HS=humongous(starts), HC=humongous(continues), CS=collection set, F=free, OA=open archive, CA=closed archive, TAMS=top-at-mark-start (previous, next)
|   0|0x00000006e4800000, 0x00000006e4c00000, 0x00000006e4c00000|100%|HS|  |TAMS 0x00000006e4c00000, 0x00000006e4c00000| Complete 
|   1|0x00000006e4c00000, 0x00000006e5000000, 0x00000006e5000000|100%| O|  |TAMS 0x00000006e5000000, 0x00000006e5000000| Untracked 
|   2|0x00000006e5000000, 0x00000006e5400000, 0x00000006e5400000|100%| O|  |TAMS 0x00000006e5400000, 0x00000006e5400000| Untracked 
|   3|0x00000006e5400000, 0x00000006e5800000, 0x00000006e5800000|100%| O|  |TAMS 0x00000006e5800000, 0x00000006e5800000| Untracked 
|   4|0x00000006e5800000, 0x00000006e5c00000, 0x00000006e5c00000|100%| O|  |TAMS 0x00000006e5c00000, 0x00000006e5c00000| Untracked 
|   5|0x00000006e5c00000, 0x00000006e6000000, 0x00000006e6000000|100%| O|  |TAMS 0x00000006e6000000, 0x00000006e6000000| Untracked 
|   6|0x00000006e6000000, 0x00000006e6400000, 0x00000006e6400000|100%| O|  |TAMS 0x00000006e6400000, 0x00000006e6400000| Untracked 
|   7|0x00000006e6400000, 0x00000006e6800000, 0x00000006e6800000|100%| O|  |TAMS 0x00000006e6800000, 0x00000006e6800000| Untracked 
|   8|0x00000006e6800000, 0x00000006e6c00000, 0x00000006e6c00000|100%| O|  |TAMS 0x00000006e6c00000, 0x00000006e6c00000| Untracked 
|   9|0x00000006e6c00000, 0x00000006e7000000, 0x00000006e7000000|100%| O|  |TAMS 0x00000006e7000000, 0x00000006e7000000| Untracked 
|  10|0x00000006e7000000, 0x00000006e7400000, 0x00000006e7400000|100%| O|  |TAMS 0x00000006e7400000, 0x00000006e7400000| Untracked 
|  11|0x00000006e7400000, 0x00000006e7800000, 0x00000006e7800000|100%| O|  |TAMS 0x00000006e7800000, 0x00000006e7800000| Untracked 
|  12|0x00000006e7800000, 0x00000006e7c00000, 0x00000006e7c00000|100%| O|  |TAMS 0x00000006e7c00000, 0x00000006e7c00000| Untracked 
|  13|0x00000006e7c00000, 0x00000006e8000000, 0x00000006e8000000|100%| O|  |TAMS 0x00000006e8000000, 0x00000006e8000000| Untracked 
|  14|0x00000006e8000000, 0x00000006e8400000, 0x00000006e8400000|100%| O|  |TAMS 0x00000006e8400000, 0x00000006e8400000| Untracked 
|  15|0x00000006e8400000, 0x00000006e8800000, 0x00000006e8800000|100%|HS|  |TAMS 0x00000006e8800000, 0x00000006e8800000| Complete 
|  16|0x00000006e8800000, 0x00000006e8c00000, 0x00000006e8c00000|100%| O|  |TAMS 0x00000006e8800000, 0x00000006e8c00000| Untracked 
|  17|0x00000006e8c00000, 0x00000006e9000000, 0x00000006e9000000|100%| O|  |TAMS 0x00000006e9000000, 0x00000006e9000000| Untracked 
|  18|0x00000006e9000000, 0x00000006e9400000, 0x00000006e9400000|100%|HS|  |TAMS 0x00000006e9400000, 0x00000006e9400000| Complete 
|  19|0x00000006e9400000, 0x00000006e9800000, 0x00000006e9800000|100%| O|  |TAMS 0x00000006e9800000, 0x00000006e9800000| Untracked 
|  20|0x00000006e9800000, 0x00000006e9c00000, 0x00000006e9c00000|100%| O|  |TAMS 0x00000006e9c00000, 0x00000006e9c00000| Untracked 
|  21|0x00000006e9c00000, 0x00000006ea000000, 0x00000006ea000000|100%| O|  |TAMS 0x00000006ea000000, 0x00000006ea000000| Untracked 
|  22|0x00000006ea000000, 0x00000006ea400000, 0x00000006ea400000|100%| O|  |TAMS 0x00000006ea400000, 0x00000006ea400000| Untracked 
|  23|0x00000006ea400000, 0x00000006ea800000, 0x00000006ea800000|100%| O|  |TAMS 0x00000006ea78fa00, 0x00000006ea800000| Untracked 
|  24|0x00000006ea800000, 0x00000006eac00000, 0x00000006eac00000|100%| O|  |TAMS 0x00000006ea800000, 0x00000006eac00000| Untracked 
|  25|0x00000006eac00000, 0x00000006ead7f400, 0x00000006eb000000| 37%| O|  |TAMS 0x00000006eac00000, 0x00000006ead7f400| Untracked 
|  26|0x00000006eb000000, 0x00000006eb400000, 0x00000006eb400000|100%| O|  |TAMS 0x00000006eb000000, 0x00000006eb400000| Untracked 
|  27|0x00000006eb400000, 0x00000006eb800000, 0x00000006eb800000|100%| O|  |TAMS 0x00000006eb400000, 0x00000006eb800000| Untracked 
|  28|0x00000006eb800000, 0x00000006ebc00000, 0x00000006ebc00000|100%| O|  |TAMS 0x00000006eb800000, 0x00000006ebc00000| Untracked 
|  29|0x00000006ebc00000, 0x00000006ebc8fe00, 0x00000006ec000000| 14%| O|  |TAMS 0x00000006ebc00000, 0x00000006ebc8fe00| Untracked 
|  30|0x00000006ec000000, 0x00000006ec000000, 0x00000006ec400000|  0%| F|  |TAMS 0x00000006ec000000, 0x00000006ec000000| Untracked 
|  31|0x00000006ec400000, 0x00000006ec400000, 0x00000006ec800000|  0%| F|  |TAMS 0x00000006ec400000, 0x00000006ec400000| Untracked 
|  32|0x00000006ec800000, 0x00000006ec800000, 0x00000006ecc00000|  0%| F|  |TAMS 0x00000006ec800000, 0x00000006ec800000| Untracked 
|  33|0x00000006ecc00000, 0x00000006ed000000, 0x00000006ed000000|100%|HS|  |TAMS 0x00000006ecc00000, 0x00000006ed000000| Complete 
|  34|0x00000006ed000000, 0x00000006ed400000, 0x00000006ed400000|100%|HC|  |TAMS 0x00000006ed000000, 0x00000006ed400000| Complete 
|  35|0x00000006ed400000, 0x00000006ed800000, 0x00000006ed800000|100%|HS|  |TAMS 0x00000006ed400000, 0x00000006ed800000| Complete 
|  36|0x00000006ed800000, 0x00000006edc00000, 0x00000006edc00000|100%|HC|  |TAMS 0x00000006ed800000, 0x00000006edc00000| Complete 
|  37|0x00000006edc00000, 0x00000006edc00000, 0x00000006ee000000|  0%| F|  |TAMS 0x00000006edc00000, 0x00000006edc00000| Untracked 
|  38|0x00000006ee000000, 0x00000006ee000000, 0x00000006ee400000|  0%| F|  |TAMS 0x00000006ee000000, 0x00000006ee000000| Untracked 
|  39|0x00000006ee400000, 0x00000006ee400000, 0x00000006ee800000|  0%| F|  |TAMS 0x00000006ee400000, 0x00000006ee400000| Untracked 
|  40|0x00000006ee800000, 0x00000006eec00000, 0x00000006eec00000|100%|HS|  |TAMS 0x00000006ee800000, 0x00000006eec00000| Complete 
|  41|0x00000006eec00000, 0x00000006ef000000, 0x00000006ef000000|100%|HC|  |TAMS 0x00000006eec00000, 0x00000006ef000000| Complete 
|  42|0x00000006ef000000, 0x00000006ef000000, 0x00000006ef400000|  0%| F|  |TAMS 0x00000006ef000000, 0x00000006ef000000| Untracked 
|  43|0x00000006ef400000, 0x00000006ef400000, 0x00000006ef800000|  0%| F|  |TAMS 0x00000006ef400000, 0x00000006ef400000| Untracked 
|  44|0x00000006ef800000, 0x00000006ef800000, 0x00000006efc00000|  0%| F|  |TAMS 0x00000006ef800000, 0x00000006ef800000| Untracked 
|  45|0x00000006efc00000, 0x00000006efc00000, 0x00000006f0000000|  0%| F|  |TAMS 0x00000006efc00000, 0x00000006efc00000| Untracked 
|  46|0x00000006f0000000, 0x00000006f0000000, 0x00000006f0400000|  0%| F|  |TAMS 0x00000006f0000000, 0x00000006f0000000| Untracked 
|  47|0x00000006f0400000, 0x00000006f0400000, 0x00000006f0800000|  0%| F|  |TAMS 0x00000006f0400000, 0x00000006f0400000| Untracked 
|  48|0x00000006f0800000, 0x00000006f0800000, 0x00000006f0c00000|  0%| F|  |TAMS 0x00000006f0800000, 0x00000006f0800000| Untracked 
|  49|0x00000006f0c00000, 0x00000006f0c00000, 0x00000006f1000000|  0%| F|  |TAMS 0x00000006f0c00000, 0x00000006f0c00000| Untracked 
|  50|0x00000006f1000000, 0x00000006f1000000, 0x00000006f1400000|  0%| F|  |TAMS 0x00000006f1000000, 0x00000006f1000000| Untracked 
|  51|0x00000006f1400000, 0x00000006f1400000, 0x00000006f1800000|  0%| F|  |TAMS 0x00000006f1400000, 0x00000006f1400000| Untracked 
|  52|0x00000006f1800000, 0x00000006f1c00000, 0x00000006f1c00000|100%| O|  |TAMS 0x00000006f1800000, 0x00000006f1c00000| Untracked 
|  53|0x00000006f1c00000, 0x00000006f2000000, 0x00000006f2000000|100%|HS|  |TAMS 0x00000006f1c00000, 0x00000006f2000000| Complete 
|  54|0x00000006f2000000, 0x00000006f2400000, 0x00000006f2400000|100%|HC|  |TAMS 0x00000006f2000000, 0x00000006f2400000| Complete 
|  55|0x00000006f2400000, 0x00000006f2800000, 0x00000006f2800000|100%|HC|  |TAMS 0x00000006f2400000, 0x00000006f2800000| Complete 
|  56|0x00000006f2800000, 0x00000006f2c00000, 0x00000006f2c00000|100%|HC|  |TAMS 0x00000006f2800000, 0x00000006f2c00000| Complete 
|  57|0x00000006f2c00000, 0x00000006f3000000, 0x00000006f3000000|100%|HC|  |TAMS 0x00000006f2c00000, 0x00000006f3000000| Complete 
|  58|0x00000006f3000000, 0x00000006f3400000, 0x00000006f3400000|100%|HC|  |TAMS 0x00000006f3000000, 0x00000006f3400000| Complete 
|  59|0x00000006f3400000, 0x00000006f3800000, 0x00000006f3800000|100%|HC|  |TAMS 0x00000006f3400000, 0x00000006f3800000| Complete 
|  60|0x00000006f3800000, 0x00000006f3c00000, 0x00000006f3c00000|100%|HC|  |TAMS 0x00000006f3800000, 0x00000006f3c00000| Complete 
|  61|0x00000006f3c00000, 0x00000006f4000000, 0x00000006f4000000|100%|HC|  |TAMS 0x00000006f3c00000, 0x00000006f4000000| Complete 
|  62|0x00000006f4000000, 0x00000006f4400000, 0x00000006f4400000|100%|HC|  |TAMS 0x00000006f4000000, 0x00000006f4400000| Complete 
|  63|0x00000006f4400000, 0x00000006f4800000, 0x00000006f4800000|100%|HC|  |TAMS 0x00000006f4400000, 0x00000006f4800000| Complete 
|  64|0x00000006f4800000, 0x00000006f4c00000, 0x00000006f4c00000|100%|HC|  |TAMS 0x00000006f4800000, 0x00000006f4c00000| Complete 
|  65|0x00000006f4c00000, 0x00000006f5000000, 0x00000006f5000000|100%|HC|  |TAMS 0x00000006f4c00000, 0x00000006f5000000| Complete 
|  66|0x00000006f5000000, 0x00000006f5400000, 0x00000006f5400000|100%|HC|  |TAMS 0x00000006f5000000, 0x00000006f5400000| Complete 
|  67|0x00000006f5400000, 0x00000006f5800000, 0x00000006f5800000|100%|HC|  |TAMS 0x00000006f5400000, 0x00000006f5800000| Complete 
|  68|0x00000006f5800000, 0x00000006f5c00000, 0x00000006f5c00000|100%|HC|  |TAMS 0x00000006f5800000, 0x00000006f5c00000| Complete 
|  69|0x00000006f5c00000, 0x00000006f6000000, 0x00000006f6000000|100%|HC|  |TAMS 0x00000006f5c00000, 0x00000006f6000000| Complete 
|  70|0x00000006f6000000, 0x00000006f6400000, 0x00000006f6400000|100%|HS|  |TAMS 0x00000006f6000000, 0x00000006f6400000| Complete 
|  71|0x00000006f6400000, 0x00000006f6800000, 0x00000006f6800000|100%|HC|  |TAMS 0x00000006f6400000, 0x00000006f6800000| Complete 
|  72|0x00000006f6800000, 0x00000006f6c00000, 0x00000006f6c00000|100%|HC|  |TAMS 0x00000006f6800000, 0x00000006f6c00000| Complete 
|  73|0x00000006f6c00000, 0x00000006f7000000, 0x00000006f7000000|100%|HC|  |TAMS 0x00000006f6c00000, 0x00000006f7000000| Complete 
|  74|0x00000006f7000000, 0x00000006f7400000, 0x00000006f7400000|100%|HC|  |TAMS 0x00000006f7000000, 0x00000006f7400000| Complete 
|  75|0x00000006f7400000, 0x00000006f7800000, 0x00000006f7800000|100%|HC|  |TAMS 0x00000006f7400000, 0x00000006f7800000| Complete 
|  76|0x00000006f7800000, 0x00000006f7c00000, 0x00000006f7c00000|100%|HC|  |TAMS 0x00000006f7800000, 0x00000006f7c00000| Complete 
|  77|0x00000006f7c00000, 0x00000006f8000000, 0x00000006f8000000|100%|HC|  |TAMS 0x00000006f7c00000, 0x00000006f8000000| Complete 
|  78|0x00000006f8000000, 0x00000006f8400000, 0x00000006f8400000|100%|HC|  |TAMS 0x00000006f8000000, 0x00000006f8400000| Complete 
|  79|0x00000006f8400000, 0x00000006f8800000, 0x00000006f8800000|100%|HC|  |TAMS 0x00000006f8400000, 0x00000006f8800000| Complete 
|  80|0x00000006f8800000, 0x00000006f8c00000, 0x00000006f8c00000|100%|HC|  |TAMS 0x00000006f8800000, 0x00000006f8c00000| Complete 
|  81|0x00000006f8c00000, 0x00000006f9000000, 0x00000006f9000000|100%|HC|  |TAMS 0x00000006f8c00000, 0x00000006f9000000| Complete 
|  82|0x00000006f9000000, 0x00000006f9400000, 0x00000006f9400000|100%|HC|  |TAMS 0x00000006f9000000, 0x00000006f9400000| Complete 
|  83|0x00000006f9400000, 0x00000006f9800000, 0x00000006f9800000|100%|HC|  |TAMS 0x00000006f9400000, 0x00000006f9800000| Complete 
|  84|0x00000006f9800000, 0x00000006f9c00000, 0x00000006f9c00000|100%|HC|  |TAMS 0x00000006f9800000, 0x00000006f9c00000| Complete 
|  85|0x00000006f9c00000, 0x00000006fa000000, 0x00000006fa000000|100%|HC|  |TAMS 0x00000006f9c00000, 0x00000006fa000000| Complete 
|  86|0x00000006fa000000, 0x00000006fa000000, 0x00000006fa400000|  0%| F|  |TAMS 0x00000006fa000000, 0x00000006fa000000| Untracked 
|  87|0x00000006fa400000, 0x00000006fa400000, 0x00000006fa800000|  0%| F|  |TAMS 0x00000006fa400000, 0x00000006fa400000| Untracked 
|  88|0x00000006fa800000, 0x00000006fa800000, 0x00000006fac00000|  0%| F|  |TAMS 0x00000006fa800000, 0x00000006fa800000| Untracked 
|  89|0x00000006fac00000, 0x00000006fac00000, 0x00000006fb000000|  0%| F|  |TAMS 0x00000006fac00000, 0x00000006fac00000| Untracked 
|  90|0x00000006fb000000, 0x00000006fb000000, 0x00000006fb400000|  0%| F|  |TAMS 0x00000006fb000000, 0x00000006fb000000| Untracked 
|  91|0x00000006fb400000, 0x00000006fb400000, 0x00000006fb800000|  0%| F|  |TAMS 0x00000006fb400000, 0x00000006fb400000| Untracked 
|  92|0x00000006fb800000, 0x00000006fb800000, 0x00000006fbc00000|  0%| F|  |TAMS 0x00000006fb800000, 0x00000006fb800000| Untracked 
|  93|0x00000006fbc00000, 0x00000006fbc00000, 0x00000006fc000000|  0%| F|  |TAMS 0x00000006fbc00000, 0x00000006fbc00000| Untracked 
|  94|0x00000006fc000000, 0x00000006fc000000, 0x00000006fc400000|  0%| F|  |TAMS 0x00000006fc000000, 0x00000006fc000000| Untracked 
|  95|0x00000006fc400000, 0x00000006fc400000, 0x00000006fc800000|  0%| F|  |TAMS 0x00000006fc400000, 0x00000006fc400000| Untracked 
|  96|0x00000006fc800000, 0x00000006fc800000, 0x00000006fcc00000|  0%| F|  |TAMS 0x00000006fc800000, 0x00000006fc800000| Untracked 
|  97|0x00000006fcc00000, 0x00000006fcc00000, 0x00000006fd000000|  0%| F|  |TAMS 0x00000006fcc00000, 0x00000006fcc00000| Untracked 
|  98|0x00000006fd000000, 0x00000006fd000000, 0x00000006fd400000|  0%| F|  |TAMS 0x00000006fd000000, 0x00000006fd000000| Untracked 
|  99|0x00000006fd400000, 0x00000006fd400000, 0x00000006fd800000|  0%| F|  |TAMS 0x00000006fd400000, 0x00000006fd400000| Untracked 
| 100|0x00000006fd800000, 0x00000006fd800000, 0x00000006fdc00000|  0%| F|  |TAMS 0x00000006fd800000, 0x00000006fd800000| Untracked 
| 101|0x00000006fdc00000, 0x00000006fdc00000, 0x00000006fe000000|  0%| F|  |TAMS 0x00000006fdc00000, 0x00000006fdc00000| Untracked 
| 102|0x00000006fe000000, 0x00000006fe000000, 0x00000006fe400000|  0%| F|  |TAMS 0x00000006fe000000, 0x00000006fe000000| Untracked 
| 103|0x00000006fe400000, 0x00000006fe400000, 0x00000006fe800000|  0%| F|  |TAMS 0x00000006fe400000, 0x00000006fe400000| Untracked 
| 104|0x00000006fe800000, 0x00000006fe800000, 0x00000006fec00000|  0%| F|  |TAMS 0x00000006fe800000, 0x00000006fe800000| Untracked 
| 105|0x00000006fec00000, 0x00000006fec00000, 0x00000006ff000000|  0%| F|  |TAMS 0x00000006fec00000, 0x00000006fec00000| Untracked 
| 106|0x00000006ff000000, 0x00000006ff000000, 0x00000006ff400000|  0%| F|  |TAMS 0x00000006ff000000, 0x00000006ff000000| Untracked 
| 107|0x00000006ff400000, 0x00000006ff400000, 0x00000006ff800000|  0%| F|  |TAMS 0x00000006ff400000, 0x00000006ff400000| Untracked 
| 108|0x00000006ff800000, 0x00000006ff800000, 0x00000006ffc00000|  0%| F|  |TAMS 0x00000006ff800000, 0x00000006ff800000| Untracked 
| 109|0x00000006ffc00000, 0x00000006ffc00000, 0x0000000700000000|  0%| F|  |TAMS 0x00000006ffc00000, 0x00000006ffc00000| Untracked 
| 110|0x0000000700000000, 0x0000000700000000, 0x0000000700400000|  0%| F|  |TAMS 0x0000000700000000, 0x0000000700000000| Untracked 
| 111|0x0000000700400000, 0x0000000700400000, 0x0000000700800000|  0%| F|  |TAMS 0x0000000700400000, 0x0000000700400000| Untracked 
| 112|0x0000000700800000, 0x0000000700800000, 0x0000000700c00000|  0%| F|  |TAMS 0x0000000700800000, 0x0000000700800000| Untracked 
| 113|0x0000000700c00000, 0x0000000700c00000, 0x0000000701000000|  0%| F|  |TAMS 0x0000000700c00000, 0x0000000700c00000| Untracked 
| 114|0x0000000701000000, 0x0000000701000000, 0x0000000701400000|  0%| F|  |TAMS 0x0000000701000000, 0x0000000701000000| Untracked 
| 115|0x0000000701400000, 0x0000000701400000, 0x0000000701800000|  0%| F|  |TAMS 0x0000000701400000, 0x0000000701400000| Untracked 
| 116|0x0000000701800000, 0x0000000701800000, 0x0000000701c00000|  0%| F|  |TAMS 0x0000000701800000, 0x0000000701800000| Untracked 
| 117|0x0000000701c00000, 0x0000000701c00000, 0x0000000702000000|  0%| F|  |TAMS 0x0000000701c00000, 0x0000000701c00000| Untracked 
| 118|0x0000000702000000, 0x0000000702000000, 0x0000000702400000|  0%| F|  |TAMS 0x0000000702000000, 0x0000000702000000| Untracked 
| 119|0x0000000702400000, 0x0000000702400000, 0x0000000702800000|  0%| F|  |TAMS 0x0000000702400000, 0x0000000702400000| Untracked 
| 120|0x0000000702800000, 0x0000000702800000, 0x0000000702c00000|  0%| F|  |TAMS 0x0000000702800000, 0x0000000702800000| Untracked 
| 121|0x0000000702c00000, 0x0000000702c00000, 0x0000000703000000|  0%| F|  |TAMS 0x0000000702c00000, 0x0000000702c00000| Untracked 
| 122|0x0000000703000000, 0x0000000703000000, 0x0000000703400000|  0%| F|  |TAMS 0x0000000703000000, 0x0000000703000000| Untracked 
| 123|0x0000000703400000, 0x0000000703400000, 0x0000000703800000|  0%| F|  |TAMS 0x0000000703400000, 0x0000000703400000| Untracked 
| 124|0x0000000703800000, 0x0000000703800000, 0x0000000703c00000|  0%| F|  |TAMS 0x0000000703800000, 0x0000000703800000| Untracked 
| 125|0x0000000703c00000, 0x0000000703c00000, 0x0000000704000000|  0%| F|  |TAMS 0x0000000703c00000, 0x0000000703c00000| Untracked 
| 126|0x0000000704000000, 0x0000000704000000, 0x0000000704400000|  0%| F|  |TAMS 0x0000000704000000, 0x0000000704000000| Untracked 
| 127|0x0000000704400000, 0x0000000704400000, 0x0000000704800000|  0%| F|  |TAMS 0x0000000704400000, 0x0000000704400000| Untracked 
| 128|0x0000000704800000, 0x0000000704800000, 0x0000000704c00000|  0%| F|  |TAMS 0x0000000704800000, 0x0000000704800000| Untracked 
| 129|0x0000000704c00000, 0x0000000704c00000, 0x0000000705000000|  0%| F|  |TAMS 0x0000000704c00000, 0x0000000704c00000| Untracked 
| 130|0x0000000705000000, 0x0000000705000000, 0x0000000705400000|  0%| F|  |TAMS 0x0000000705000000, 0x0000000705000000| Untracked 
| 131|0x0000000705400000, 0x0000000705400000, 0x0000000705800000|  0%| F|  |TAMS 0x0000000705400000, 0x0000000705400000| Untracked 
| 132|0x0000000705800000, 0x0000000705800000, 0x0000000705c00000|  0%| F|  |TAMS 0x0000000705800000, 0x0000000705800000| Untracked 
| 133|0x0000000705c00000, 0x0000000705c00000, 0x0000000706000000|  0%| F|  |TAMS 0x0000000705c00000, 0x0000000705c00000| Untracked 
| 134|0x0000000706000000, 0x0000000706000000, 0x0000000706400000|  0%| F|  |TAMS 0x0000000706000000, 0x0000000706000000| Untracked 
| 135|0x0000000706400000, 0x0000000706400000, 0x0000000706800000|  0%| F|  |TAMS 0x0000000706400000, 0x0000000706400000| Untracked 
| 136|0x0000000706800000, 0x0000000706c00000, 0x0000000706c00000|100%|HS|  |TAMS 0x0000000706800000, 0x0000000706c00000| Complete 
| 137|0x0000000706c00000, 0x0000000707000000, 0x0000000707000000|100%|HC|  |TAMS 0x0000000706c00000, 0x0000000707000000| Complete 
| 138|0x0000000707000000, 0x0000000707400000, 0x0000000707400000|100%|HC|  |TAMS 0x0000000707000000, 0x0000000707400000| Complete 
| 139|0x0000000707400000, 0x0000000707800000, 0x0000000707800000|100%|HC|  |TAMS 0x0000000707400000, 0x0000000707800000| Complete 
| 140|0x0000000707800000, 0x0000000707c00000, 0x0000000707c00000|100%|HC|  |TAMS 0x0000000707800000, 0x0000000707c00000| Complete 
| 141|0x0000000707c00000, 0x0000000708000000, 0x0000000708000000|100%|HC|  |TAMS 0x0000000707c00000, 0x0000000708000000| Complete 
| 142|0x0000000708000000, 0x0000000708400000, 0x0000000708400000|100%|HC|  |TAMS 0x0000000708000000, 0x0000000708400000| Complete 
| 143|0x0000000708400000, 0x0000000708800000, 0x0000000708800000|100%|HC|  |TAMS 0x0000000708400000, 0x0000000708800000| Complete 
| 144|0x0000000708800000, 0x0000000708c00000, 0x0000000708c00000|100%|HC|  |TAMS 0x0000000708800000, 0x0000000708c00000| Complete 
| 145|0x0000000708c00000, 0x0000000709000000, 0x0000000709000000|100%|HC|  |TAMS 0x0000000708c00000, 0x0000000709000000| Complete 
| 146|0x0000000709000000, 0x0000000709400000, 0x0000000709400000|100%|HC|  |TAMS 0x0000000709000000, 0x0000000709400000| Complete 
| 147|0x0000000709400000, 0x0000000709800000, 0x0000000709800000|100%|HC|  |TAMS 0x0000000709400000, 0x0000000709800000| Complete 
| 148|0x0000000709800000, 0x0000000709c00000, 0x0000000709c00000|100%|HC|  |TAMS 0x0000000709800000, 0x0000000709c00000| Complete 
| 149|0x0000000709c00000, 0x000000070a000000, 0x000000070a000000|100%|HC|  |TAMS 0x0000000709c00000, 0x000000070a000000| Complete 
| 150|0x000000070a000000, 0x000000070a400000, 0x000000070a400000|100%|HC|  |TAMS 0x000000070a000000, 0x000000070a400000| Complete 
| 151|0x000000070a400000, 0x000000070a800000, 0x000000070a800000|100%|HC|  |TAMS 0x000000070a400000, 0x000000070a800000| Complete 
| 152|0x000000070a800000, 0x000000070ac00000, 0x000000070ac00000|100%|HC|  |TAMS 0x000000070a800000, 0x000000070ac00000| Complete 
| 153|0x000000070ac00000, 0x000000070b000000, 0x000000070b000000|100%|HC|  |TAMS 0x000000070ac00000, 0x000000070b000000| Complete 
| 154|0x000000070b000000, 0x000000070b000000, 0x000000070b400000|  0%| F|  |TAMS 0x000000070b000000, 0x000000070b000000| Untracked 
| 155|0x000000070b400000, 0x000000070b400000, 0x000000070b800000|  0%| F|  |TAMS 0x000000070b400000, 0x000000070b400000| Untracked 
| 156|0x000000070b800000, 0x000000070b800000, 0x000000070bc00000|  0%| F|  |TAMS 0x000000070b800000, 0x000000070b800000| Untracked 
| 157|0x000000070bc00000, 0x000000070bc00000, 0x000000070c000000|  0%| F|  |TAMS 0x000000070bc00000, 0x000000070bc00000| Untracked 
| 158|0x000000070c000000, 0x000000070c000000, 0x000000070c400000|  0%| F|  |TAMS 0x000000070c000000, 0x000000070c000000| Untracked 
| 159|0x000000070c400000, 0x000000070c400000, 0x000000070c800000|  0%| F|  |TAMS 0x000000070c400000, 0x000000070c400000| Untracked 
| 160|0x000000070c800000, 0x000000070c800000, 0x000000070cc00000|  0%| F|  |TAMS 0x000000070c800000, 0x000000070c800000| Untracked 
| 161|0x000000070cc00000, 0x000000070cc00000, 0x000000070d000000|  0%| F|  |TAMS 0x000000070cc00000, 0x000000070cc00000| Untracked 
| 162|0x000000070d000000, 0x000000070d000000, 0x000000070d400000|  0%| F|  |TAMS 0x000000070d000000, 0x000000070d000000| Untracked 
| 163|0x000000070d400000, 0x000000070d400000, 0x000000070d800000|  0%| F|  |TAMS 0x000000070d400000, 0x000000070d400000| Untracked 
| 164|0x000000070d800000, 0x000000070d800000, 0x000000070dc00000|  0%| F|  |TAMS 0x000000070d800000, 0x000000070d800000| Untracked 
| 165|0x000000070dc00000, 0x000000070dc00000, 0x000000070e000000|  0%| F|  |TAMS 0x000000070dc00000, 0x000000070dc00000| Untracked 
| 166|0x000000070e000000, 0x000000070e000000, 0x000000070e400000|  0%| F|  |TAMS 0x000000070e000000, 0x000000070e000000| Untracked 
| 167|0x000000070e400000, 0x000000070e400000, 0x000000070e800000|  0%| F|  |TAMS 0x000000070e400000, 0x000000070e400000| Untracked 
| 168|0x000000070e800000, 0x000000070e800000, 0x000000070ec00000|  0%| F|  |TAMS 0x000000070e800000, 0x000000070e800000| Untracked 
| 169|0x000000070ec00000, 0x000000070ec00000, 0x000000070f000000|  0%| F|  |TAMS 0x000000070ec00000, 0x000000070ec00000| Untracked 
| 170|0x000000070f000000, 0x000000070f000000, 0x000000070f400000|  0%| F|  |TAMS 0x000000070f000000, 0x000000070f000000| Untracked 
| 171|0x000000070f400000, 0x000000070f400000, 0x000000070f800000|  0%| F|  |TAMS 0x000000070f400000, 0x000000070f400000| Untracked 
| 172|0x000000070f800000, 0x000000070f800000, 0x000000070fc00000|  0%| F|  |TAMS 0x000000070f800000, 0x000000070f800000| Untracked 
| 173|0x000000070fc00000, 0x000000070fc00000, 0x0000000710000000|  0%| F|  |TAMS 0x000000070fc00000, 0x000000070fc00000| Untracked 
| 174|0x0000000710000000, 0x0000000710000000, 0x0000000710400000|  0%| F|  |TAMS 0x0000000710000000, 0x0000000710000000| Untracked 
| 175|0x0000000710400000, 0x0000000710400000, 0x0000000710800000|  0%| F|  |TAMS 0x0000000710400000, 0x0000000710400000| Untracked 
| 176|0x0000000710800000, 0x0000000710800000, 0x0000000710c00000|  0%| F|  |TAMS 0x0000000710800000, 0x0000000710800000| Untracked 
| 177|0x0000000710c00000, 0x0000000710c00000, 0x0000000711000000|  0%| F|  |TAMS 0x0000000710c00000, 0x0000000710c00000| Untracked 
| 178|0x0000000711000000, 0x0000000711000000, 0x0000000711400000|  0%| F|  |TAMS 0x0000000711000000, 0x0000000711000000| Untracked 
| 179|0x0000000711400000, 0x0000000711400000, 0x0000000711800000|  0%| F|  |TAMS 0x0000000711400000, 0x0000000711400000| Untracked 
| 180|0x0000000711800000, 0x0000000711800000, 0x0000000711c00000|  0%| F|  |TAMS 0x0000000711800000, 0x0000000711800000| Untracked 
| 181|0x0000000711c00000, 0x0000000711c00000, 0x0000000712000000|  0%| F|  |TAMS 0x0000000711c00000, 0x0000000711c00000| Untracked 
| 182|0x0000000712000000, 0x0000000712000000, 0x0000000712400000|  0%| F|  |TAMS 0x0000000712000000, 0x0000000712000000| Untracked 
| 183|0x0000000712400000, 0x0000000712400000, 0x0000000712800000|  0%| F|  |TAMS 0x0000000712400000, 0x0000000712400000| Untracked 
| 184|0x0000000712800000, 0x0000000712800000, 0x0000000712c00000|  0%| F|  |TAMS 0x0000000712800000, 0x0000000712800000| Untracked 
| 185|0x0000000712c00000, 0x0000000712c00000, 0x0000000713000000|  0%| F|  |TAMS 0x0000000712c00000, 0x0000000712c00000| Untracked 
| 186|0x0000000713000000, 0x0000000713000000, 0x0000000713400000|  0%| F|  |TAMS 0x0000000713000000, 0x0000000713000000| Untracked 
| 187|0x0000000713400000, 0x0000000713400000, 0x0000000713800000|  0%| F|  |TAMS 0x0000000713400000, 0x0000000713400000| Untracked 
| 188|0x0000000713800000, 0x0000000713800000, 0x0000000713c00000|  0%| F|  |TAMS 0x0000000713800000, 0x0000000713800000| Untracked 
| 189|0x0000000713c00000, 0x0000000713c00000, 0x0000000714000000|  0%| F|  |TAMS 0x0000000713c00000, 0x0000000713c00000| Untracked 
| 190|0x0000000714000000, 0x0000000714000000, 0x0000000714400000|  0%| F|  |TAMS 0x0000000714000000, 0x0000000714000000| Untracked 
| 191|0x0000000714400000, 0x0000000714400000, 0x0000000714800000|  0%| F|  |TAMS 0x0000000714400000, 0x0000000714400000| Untracked 
| 192|0x0000000714800000, 0x0000000714800000, 0x0000000714c00000|  0%| F|  |TAMS 0x0000000714800000, 0x0000000714800000| Untracked 
| 193|0x0000000714c00000, 0x0000000714c00000, 0x0000000715000000|  0%| F|  |TAMS 0x0000000714c00000, 0x0000000714c00000| Untracked 
| 194|0x0000000715000000, 0x0000000715000000, 0x0000000715400000|  0%| F|  |TAMS 0x0000000715000000, 0x0000000715000000| Untracked 
| 195|0x0000000715400000, 0x0000000715400000, 0x0000000715800000|  0%| F|  |TAMS 0x0000000715400000, 0x0000000715400000| Untracked 
| 196|0x0000000715800000, 0x0000000715800000, 0x0000000715c00000|  0%| F|  |TAMS 0x0000000715800000, 0x0000000715800000| Untracked 
| 197|0x0000000715c00000, 0x0000000715c00000, 0x0000000716000000|  0%| F|  |TAMS 0x0000000715c00000, 0x0000000715c00000| Untracked 
| 198|0x0000000716000000, 0x0000000716000000, 0x0000000716400000|  0%| F|  |TAMS 0x0000000716000000, 0x0000000716000000| Untracked 
| 199|0x0000000716400000, 0x0000000716494140, 0x0000000716800000| 14%| S|CS|TAMS 0x0000000716400000, 0x0000000716400000| Complete 
| 200|0x0000000716800000, 0x0000000716c00000, 0x0000000716c00000|100%| S|CS|TAMS 0x0000000716800000, 0x0000000716800000| Complete 
| 201|0x0000000716c00000, 0x0000000717000000, 0x0000000717000000|100%| S|CS|TAMS 0x0000000716c00000, 0x0000000716c00000| Complete 
| 202|0x0000000717000000, 0x0000000717400000, 0x0000000717400000|100%| S|CS|TAMS 0x0000000717000000, 0x0000000717000000| Complete 
| 203|0x0000000717400000, 0x0000000717400000, 0x0000000717800000|  0%| F|  |TAMS 0x0000000717400000, 0x0000000717400000| Untracked 
| 204|0x0000000717800000, 0x0000000717800000, 0x0000000717c00000|  0%| F|  |TAMS 0x0000000717800000, 0x0000000717800000| Untracked 

Card table byte_map: [0x0000019e7e930000,0x0000019e7f210000] _byte_map_base: 0x0000019e7b20c000

Marking Bits (Prev, Next): (CMBitMap*) 0x0000019e75ab99c0, (CMBitMap*) 0x0000019e75ab9a00
 Prev Bits: [0x0000019e0f000000, 0x0000019e136e0000)
 Next Bits: [0x0000019e136e0000, 0x0000019e17dc0000)

Polling page: 0x0000019e75af0000

Metaspace:

Usage:
  Non-class:     92.92 MB used.
      Class:     14.14 MB used.
       Both:    107.06 MB used.

Virtual space:
  Non-class space:      128.00 MB reserved,      93.31 MB ( 73%) committed,  2 nodes.
      Class space:        1.00 GB reserved,      14.50 MB (  1%) committed,  1 nodes.
             Both:        1.12 GB reserved,     107.81 MB (  9%) committed. 

Chunk freelists:
   Non-Class:  2.73 MB
       Class:  1.38 MB
        Both:  4.12 MB

MaxMetaspaceSize: unlimited
CompressedClassSpaceSize: 1.00 GB
Initial GC threshold: 21.00 MB
Current GC threshold: 163.88 MB
CDS: on
MetaspaceReclaimPolicy: balanced
 - commit_granule_bytes: 65536.
 - commit_granule_words: 8192.
 - virtual_space_node_default_size: 8388608.
 - enlarge_chunks_in_place: 1.
 - new_chunks_are_fully_committed: 0.
 - uncommit_free_chunks: 1.
 - use_allocation_guard: 0.
 - handle_deallocations: 1.


Internal statistics:

num_allocs_failed_limit: 12.
num_arena_births: 1048.
num_arena_deaths: 8.
num_vsnodes_births: 3.
num_vsnodes_deaths: 0.
num_space_committed: 1724.
num_space_uncommitted: 0.
num_chunks_returned_to_freelist: 34.
num_chunks_taken_from_freelist: 5332.
num_chunk_merges: 10.
num_chunk_splits: 3520.
num_chunks_enlarged: 2346.
num_inconsistent_stats: 0.

CodeHeap 'non-profiled nmethods': size=120000Kb used=13322Kb max_used=13420Kb free=106677Kb
 bounds [0x0000019e07ad0000, 0x0000019e08800000, 0x0000019e0f000000]
CodeHeap 'profiled nmethods': size=120000Kb used=28601Kb max_used=29442Kb free=91398Kb
 bounds [0x0000019e00000000, 0x0000019e01cd0000, 0x0000019e07530000]
CodeHeap 'non-nmethods': size=5760Kb used=2473Kb max_used=2544Kb free=3286Kb
 bounds [0x0000019e07530000, 0x0000019e077d0000, 0x0000019e07ad0000]
 total_blobs=16424 nmethods=15412 adapters=922
 compilation: enabled
              stopped_count=0, restarted_count=0
 full_count=0

Compilation events (20 events):
Event: 416.084 Thread 0x0000019e1a2b6110 nmethod 20157 0x0000019e0031e210 code [0x0000019e0031e520, 0x0000019e0031f7d8]
Event: 416.084 Thread 0x0000019e1a2b6110 20158       3       org.gradle.internal.execution.steps.ValidationFinishedContext::<init> (10 bytes)
Event: 416.085 Thread 0x0000019e1a2b6110 nmethod 20158 0x0000019e00cffc90 code [0x0000019e00cffee0, 0x0000019e00d00c18]
Event: 416.085 Thread 0x0000019e1a2b6110 20159   !   3       java.util.concurrent.ConcurrentHashMap::clear (176 bytes)
Event: 416.086 Thread 0x0000019e1a2b6110 nmethod 20159 0x0000019e005cec10 code [0x0000019e005cee40, 0x0000019e005cf728]
Event: 416.089 Thread 0x0000019e1a2b6110 20160       3       org.gradle.internal.vfs.impl.VersionHierarchy::empty (13 bytes)
Event: 416.089 Thread 0x0000019e1a2b6110 nmethod 20160 0x0000019e0026a790 code [0x0000019e0026a940, 0x0000019e0026ac18]
Event: 416.089 Thread 0x0000019e1a2b6110 20161       3       org.gradle.internal.vfs.impl.VersionHierarchyRoot::<init> (15 bytes)
Event: 416.089 Thread 0x0000019e1a2b6110 nmethod 20161 0x0000019e002d7b90 code [0x0000019e002d7d40, 0x0000019e002d7f78]
Event: 416.090 Thread 0x0000019e645bc990 20162       4       java.util.concurrent.ArrayBlockingQueue::enqueue (53 bytes)
Event: 416.091 Thread 0x0000019e645ba460 20163       4       java.util.concurrent.ArrayBlockingQueue::dequeue (75 bytes)
Event: 416.092 Thread 0x0000019e1a2b6110 20164       3       org.gradle.internal.execution.steps.Result::<init> (15 bytes)
Event: 416.092 Thread 0x0000019e1a2b6110 nmethod 20164 0x0000019e0066c810 code [0x0000019e0066c9c0, 0x0000019e0066cbf8]
Event: 416.092 Thread 0x0000019e1a2b6110 20165       3       org.gradle.execution.plan.DefaultPlanExecutor$ExecutorWorker$$Lambda$1634/0x0000019e1ce2c910::transform (20 bytes)
Event: 416.092 Thread 0x0000019e1a2b6110 nmethod 20165 0x0000019e0026b890 code [0x0000019e0026ba40, 0x0000019e0026bcc8]
Event: 416.092 Thread 0x0000019e1a2b6110 20166   !   3       org.gradle.execution.plan.DefaultPlanExecutor$ExecutorWorker::lambda$getNextItem$1 (177 bytes)
Event: 416.096 Thread 0x0000019e1a2b6110 nmethod 20166 0x0000019e01945190 code [0x0000019e01945740, 0x0000019e01948478]
Event: 416.104 Thread 0x0000019e645bc990 nmethod 20162 0x0000019e07fa6390 code [0x0000019e07fa6540, 0x0000019e07fa6e88]
Event: 416.104 Thread 0x0000019e645ba460 nmethod 20163 0x0000019e07d27b90 code [0x0000019e07d27d40, 0x0000019e07d286a8]
Event: 416.125 Thread 0x0000019e1a2a98d0 nmethod 20139 0x0000019e087eed10 code [0x0000019e087ef120, 0x0000019e087f2cb8]

GC Heap History (20 events):
Event: 414.681 GC heap after
{Heap after GC invocations=65 (full 0):
 garbage-first heap   total 425984K, used 178891K [0x00000006e4800000, 0x0000000800000000)
  region size 4096K, 4 young (16384K), 4 survivors (16384K)
 Metaspace       used 109458K, committed 110208K, reserved 1179648K
  class space    used 14476K, committed 14848K, reserved 1048576K
}
Event: 415.078 GC heap before
{Heap before GC invocations=65 (full 0):
 garbage-first heap   total 425984K, used 269003K [0x00000006e4800000, 0x0000000800000000)
  region size 4096K, 10 young (40960K), 4 survivors (16384K)
 Metaspace       used 109514K, committed 110272K, reserved 1179648K
  class space    used 14477K, committed 14848K, reserved 1048576K
}
Event: 415.091 GC heap after
{Heap after GC invocations=66 (full 0):
 garbage-first heap   total 630784K, used 211658K [0x00000006e4800000, 0x0000000800000000)
  region size 4096K, 4 young (16384K), 4 survivors (16384K)
 Metaspace       used 109514K, committed 110272K, reserved 1179648K
  class space    used 14477K, committed 14848K, reserved 1048576K
}
Event: 415.205 GC heap before
{Heap before GC invocations=66 (full 0):
 garbage-first heap   total 630784K, used 297674K [0x00000006e4800000, 0x0000000800000000)
  region size 4096K, 8 young (32768K), 4 survivors (16384K)
 Metaspace       used 109532K, committed 110272K, reserved 1179648K
  class space    used 14479K, committed 14848K, reserved 1048576K
}
Event: 415.214 GC heap after
{Heap after GC invocations=67 (full 0):
 garbage-first heap   total 630784K, used 215701K [0x00000006e4800000, 0x0000000800000000)
  region size 4096K, 4 young (16384K), 4 survivors (16384K)
 Metaspace       used 109532K, committed 110272K, reserved 1179648K
  class space    used 14479K, committed 14848K, reserved 1048576K
}
Event: 415.404 GC heap before
{Heap before GC invocations=67 (full 0):
 garbage-first heap   total 630784K, used 285333K [0x00000006e4800000, 0x0000000800000000)
  region size 4096K, 6 young (24576K), 4 survivors (16384K)
 Metaspace       used 109544K, committed 110272K, reserved 1179648K
  class space    used 14480K, committed 14848K, reserved 1048576K
}
Event: 415.414 GC heap after
{Heap after GC invocations=68 (full 0):
 garbage-first heap   total 630784K, used 236460K [0x00000006e4800000, 0x0000000800000000)
  region size 4096K, 4 young (16384K), 4 survivors (16384K)
 Metaspace       used 109544K, committed 110272K, reserved 1179648K
  class space    used 14480K, committed 14848K, reserved 1048576K
}
Event: 415.670 GC heap before
{Heap before GC invocations=68 (full 0):
 garbage-first heap   total 630784K, used 277420K [0x00000006e4800000, 0x0000000800000000)
  region size 4096K, 6 young (24576K), 4 survivors (16384K)
 Metaspace       used 109567K, committed 110336K, reserved 1179648K
  class space    used 14481K, committed 14848K, reserved 1048576K
}
Event: 415.679 GC heap after
{Heap after GC invocations=69 (full 0):
 garbage-first heap   total 630784K, used 252845K [0x00000006e4800000, 0x0000000800000000)
  region size 4096K, 4 young (16384K), 4 survivors (16384K)
 Metaspace       used 109567K, committed 110336K, reserved 1179648K
  class space    used 14481K, committed 14848K, reserved 1048576K
}
Event: 416.054 GC heap before
{Heap before GC invocations=69 (full 0):
 garbage-first heap   total 630784K, used 342957K [0x00000006e4800000, 0x0000000800000000)
  region size 4096K, 10 young (40960K), 4 survivors (16384K)
 Metaspace       used 109620K, committed 110336K, reserved 1179648K
  class space    used 14481K, committed 14848K, reserved 1048576K
}
Event: 416.065 GC heap after
{Heap after GC invocations=70 (full 0):
 garbage-first heap   total 839680K, used 285312K [0x00000006e4800000, 0x0000000800000000)
  region size 4096K, 4 young (16384K), 4 survivors (16384K)
 Metaspace       used 109620K, committed 110336K, reserved 1179648K
  class space    used 14481K, committed 14848K, reserved 1048576K
}
Event: 416.176 GC heap before
{Heap before GC invocations=70 (full 0):
 garbage-first heap   total 839680K, used 424576K [0x00000006e4800000, 0x0000000800000000)
  region size 4096K, 6 young (24576K), 4 survivors (16384K)
 Metaspace       used 109630K, committed 110400K, reserved 1179648K
  class space    used 14481K, committed 14848K, reserved 1048576K
}
Event: 416.187 GC heap after
{Heap after GC invocations=71 (full 0):
 garbage-first heap   total 839680K, used 350858K [0x00000006e4800000, 0x0000000800000000)
  region size 4096K, 4 young (16384K), 4 survivors (16384K)
 Metaspace       used 109630K, committed 110400K, reserved 1179648K
  class space    used 14481K, committed 14848K, reserved 1048576K
}
Event: 416.222 GC heap before
{Heap before GC invocations=71 (full 0):
 garbage-first heap   total 839680K, used 424586K [0x00000006e4800000, 0x0000000800000000)
  region size 4096K, 5 young (20480K), 4 survivors (16384K)
 Metaspace       used 109630K, committed 110400K, reserved 1179648K
  class space    used 14481K, committed 14848K, reserved 1048576K
}
Event: 416.233 GC heap after
{Heap after GC invocations=72 (full 0):
 garbage-first heap   total 839680K, used 290373K [0x00000006e4800000, 0x0000000800000000)
  region size 4096K, 4 young (16384K), 4 survivors (16384K)
 Metaspace       used 109630K, committed 110400K, reserved 1179648K
  class space    used 14481K, committed 14848K, reserved 1048576K
}
Event: 416.373 GC heap before
{Heap before GC invocations=72 (full 0):
 garbage-first heap   total 839680K, used 368197K [0x00000006e4800000, 0x0000000800000000)
  region size 4096K, 5 young (20480K), 4 survivors (16384K)
 Metaspace       used 109630K, committed 110400K, reserved 1179648K
  class space    used 14481K, committed 14848K, reserved 1048576K
}
Event: 416.383 GC heap after
{Heap after GC invocations=73 (full 0):
 garbage-first heap   total 839680K, used 318086K [0x00000006e4800000, 0x0000000800000000)
  region size 4096K, 4 young (16384K), 4 survivors (16384K)
 Metaspace       used 109630K, committed 110400K, reserved 1179648K
  class space    used 14481K, committed 14848K, reserved 1048576K
}
Event: 416.512 GC heap before
{Heap before GC invocations=73 (full 0):
 garbage-first heap   total 839680K, used 354950K [0x00000006e4800000, 0x0000000800000000)
  region size 4096K, 5 young (20480K), 4 survivors (16384K)
 Metaspace       used 109630K, committed 110400K, reserved 1179648K
  class space    used 14481K, committed 14848K, reserved 1048576K
}
Event: 416.522 GC heap after
{Heap after GC invocations=74 (full 0):
 garbage-first heap   total 839680K, used 335062K [0x00000006e4800000, 0x0000000800000000)
  region size 4096K, 4 young (16384K), 4 survivors (16384K)
 Metaspace       used 109630K, committed 110400K, reserved 1179648K
  class space    used 14481K, committed 14848K, reserved 1048576K
}
Event: 416.784 GC heap before
{Heap before GC invocations=74 (full 0):
 garbage-first heap   total 839680K, used 404694K [0x00000006e4800000, 0x0000000800000000)
  region size 4096K, 5 young (20480K), 4 survivors (16384K)
 Metaspace       used 109630K, committed 110400K, reserved 1179648K
  class space    used 14481K, committed 14848K, reserved 1048576K
}

Dll operation events (15 events):
Event: 0.015 Loaded shared library C:\Program Files\Eclipse Adoptium\jdk-17.0.15.6-hotspot\bin\java.dll
Event: 0.038 Loaded shared library C:\Program Files\Eclipse Adoptium\jdk-17.0.15.6-hotspot\bin\jsvml.dll
Event: 0.103 Loaded shared library C:\Program Files\Eclipse Adoptium\jdk-17.0.15.6-hotspot\bin\zip.dll
Event: 0.106 Loaded shared library C:\Program Files\Eclipse Adoptium\jdk-17.0.15.6-hotspot\bin\instrument.dll
Event: 0.112 Loaded shared library C:\Program Files\Eclipse Adoptium\jdk-17.0.15.6-hotspot\bin\net.dll
Event: 0.114 Loaded shared library C:\Program Files\Eclipse Adoptium\jdk-17.0.15.6-hotspot\bin\nio.dll
Event: 0.119 Loaded shared library C:\Program Files\Eclipse Adoptium\jdk-17.0.15.6-hotspot\bin\zip.dll
Event: 0.383 Loaded shared library C:\Program Files\Eclipse Adoptium\jdk-17.0.15.6-hotspot\bin\jimage.dll
Event: 0.484 Loaded shared library C:\Program Files\Eclipse Adoptium\jdk-17.0.15.6-hotspot\bin\verify.dll
Event: 0.713 Loaded shared library C:\Users\julia\.gradle\native\68d5fa5c4cc2d200863cafc0d521ce42e7d3e7ee720ec0a83991735586a16f82\windows-amd64\native-platform.dll
Event: 0.738 Loaded shared library C:\Users\julia\.gradle\native\e376f236ea51e6404a007f0833ffe2c6e607c4080706a723a18a27aeea778392\windows-amd64\native-platform-file-events.dll
Event: 1.905 Loaded shared library C:\Program Files\Eclipse Adoptium\jdk-17.0.15.6-hotspot\bin\management.dll
Event: 1.909 Loaded shared library C:\Program Files\Eclipse Adoptium\jdk-17.0.15.6-hotspot\bin\management_ext.dll
Event: 2.206 Loaded shared library C:\Program Files\Eclipse Adoptium\jdk-17.0.15.6-hotspot\bin\extnet.dll
Event: 2.519 Loaded shared library C:\Program Files\Eclipse Adoptium\jdk-17.0.15.6-hotspot\bin\sunmscapi.dll

Deoptimization events (20 events):
Event: 415.417 Thread 0x0000019e63201790 DEOPT PACKING pc=0x0000019e08657688 sp=0x0000008f6a9fa070
Event: 415.417 Thread 0x0000019e63201790 DEOPT UNPACKING pc=0x0000019e075869a3 sp=0x0000008f6a9fa040 mode 2
Event: 415.597 Thread 0x0000019e646dbdc0 DEOPT PACKING pc=0x0000019e01c62cd2 sp=0x0000008f6a5fb2b0
Event: 415.597 Thread 0x0000019e646dbdc0 DEOPT UNPACKING pc=0x0000019e07587143 sp=0x0000008f6a5fa7c0 mode 0
Event: 415.723 Thread 0x0000019e63201790 Uncommon trap: trap_request=0xffffffc6 fr.pc=0x0000019e0837d704 relative=0x0000000000000b64
Event: 415.723 Thread 0x0000019e63201790 Uncommon trap: reason=bimorphic_or_optimized_type_check action=maybe_recompile pc=0x0000019e0837d704 method=com.google.common.io.ByteStreams.read(Ljava/io/InputStream;[BII)I @ 66 c2
Event: 415.723 Thread 0x0000019e63201790 DEOPT PACKING pc=0x0000019e0837d704 sp=0x0000008f6a9fb380
Event: 415.723 Thread 0x0000019e63201790 DEOPT UNPACKING pc=0x0000019e075869a3 sp=0x0000008f6a9fb398 mode 2
Event: 415.784 Thread 0x0000019e63201790 Uncommon trap: trap_request=0xffffff45 fr.pc=0x0000019e08377094 relative=0x0000000000000094
Event: 415.784 Thread 0x0000019e63201790 Uncommon trap: reason=unstable_if action=reinterpret pc=0x0000019e08377094 method=com.google.common.cache.LongAdder.add(J)V @ 24 c2
Event: 415.784 Thread 0x0000019e63201790 DEOPT PACKING pc=0x0000019e08377094 sp=0x0000008f6a9fa290
Event: 415.784 Thread 0x0000019e63201790 DEOPT UNPACKING pc=0x0000019e075869a3 sp=0x0000008f6a9fa1d0 mode 2
Event: 415.952 Thread 0x0000019e628367a0 Uncommon trap: trap_request=0xffffffc6 fr.pc=0x0000019e08084ce4 relative=0x0000000000000424
Event: 415.952 Thread 0x0000019e628367a0 Uncommon trap: reason=bimorphic_or_optimized_type_check action=maybe_recompile pc=0x0000019e08084ce4 method=java.io.BufferedOutputStream.write([BII)V @ 20 c2
Event: 415.952 Thread 0x0000019e628367a0 DEOPT PACKING pc=0x0000019e08084ce4 sp=0x0000008f685fe5b0
Event: 415.952 Thread 0x0000019e628367a0 DEOPT UNPACKING pc=0x0000019e075869a3 sp=0x0000008f685fe548 mode 2
Event: 415.952 Thread 0x0000019e628367a0 Uncommon trap: trap_request=0xffffffc6 fr.pc=0x0000019e08084ce4 relative=0x0000000000000424
Event: 415.952 Thread 0x0000019e628367a0 Uncommon trap: reason=bimorphic_or_optimized_type_check action=maybe_recompile pc=0x0000019e08084ce4 method=java.io.BufferedOutputStream.write([BII)V @ 20 c2
Event: 415.952 Thread 0x0000019e628367a0 DEOPT PACKING pc=0x0000019e08084ce4 sp=0x0000008f685fe5b0
Event: 415.952 Thread 0x0000019e628367a0 DEOPT UNPACKING pc=0x0000019e075869a3 sp=0x0000008f685fe548 mode 2

Classes loaded (20 events):
Event: 404.484 Loading class javax/xml/datatype/FactoryFinder$1
Event: 404.484 Loading class javax/xml/datatype/FactoryFinder$1 done
Event: 404.649 Loading class java/util/EnumMap$EntrySet
Event: 404.649 Loading class java/util/EnumMap$EntrySet done
Event: 404.650 Loading class java/util/EnumMap$EntryIterator
Event: 404.650 Loading class java/util/EnumMap$EnumMapIterator
Event: 404.650 Loading class java/util/EnumMap$EnumMapIterator done
Event: 404.650 Loading class java/util/EnumMap$EntryIterator done
Event: 404.650 Loading class java/util/EnumMap$EntryIterator$Entry
Event: 404.651 Loading class java/util/EnumMap$EntryIterator$Entry done
Event: 404.735 Loading class java/net/InetAddress$CachedLocalHost
Event: 404.736 Loading class java/net/InetAddress$CachedLocalHost done
Event: 405.373 Loading class java/io/SerialCallbackContext
Event: 405.373 Loading class java/io/SerialCallbackContext done
Event: 405.374 Loading class jdk/internal/reflect/UnsafeQualifiedStaticLongFieldAccessorImpl
Event: 405.375 Loading class jdk/internal/reflect/UnsafeQualifiedStaticLongFieldAccessorImpl done
Event: 405.390 Loading class java/util/HashMap$UnsafeHolder
Event: 405.390 Loading class java/util/HashMap$UnsafeHolder done
Event: 413.242 Loading class java/nio/file/FileTreeWalker$1
Event: 413.242 Loading class java/nio/file/FileTreeWalker$1 done

Classes unloaded (20 events):
Event: 363.178 Thread 0x0000019e1a27c1b0 Unloading class 0x0000019e1c57bb58 '_BuildScript_$_run_closure14'
Event: 363.178 Thread 0x0000019e1a27c1b0 Unloading class 0x0000019e1c57b770 '_BuildScript_$_run_closure13'
Event: 363.178 Thread 0x0000019e1a27c1b0 Unloading class 0x0000019e1c57b388 '_BuildScript_$_run_closure12'
Event: 363.178 Thread 0x0000019e1a27c1b0 Unloading class 0x0000019e1c57afa0 '_BuildScript_$_run_closure11'
Event: 363.178 Thread 0x0000019e1a27c1b0 Unloading class 0x0000019e1c57abb8 '_BuildScript_$_run_closure10'
Event: 363.178 Thread 0x0000019e1a27c1b0 Unloading class 0x0000019e1c57a7d0 '_BuildScript_$_run_closure9'
Event: 363.178 Thread 0x0000019e1a27c1b0 Unloading class 0x0000019e1c57a3e8 '_BuildScript_$_run_closure8'
Event: 363.178 Thread 0x0000019e1a27c1b0 Unloading class 0x0000019e1c57a000 '_BuildScript_$_run_closure7'
Event: 363.178 Thread 0x0000019e1a27c1b0 Unloading class 0x0000019e1c579bb8 '_BuildScript_$_run_closure6'
Event: 363.178 Thread 0x0000019e1a27c1b0 Unloading class 0x0000019e1c5797d0 '_BuildScript_$_run_closure5'
Event: 363.178 Thread 0x0000019e1a27c1b0 Unloading class 0x0000019e1c5793e8 '_BuildScript_$_run_closure4'
Event: 363.178 Thread 0x0000019e1a27c1b0 Unloading class 0x0000019e1c579000 '_BuildScript_$_run_closure3'
Event: 363.178 Thread 0x0000019e1a27c1b0 Unloading class 0x0000019e1c578908 '_BuildScript_$_run_closure2'
Event: 363.179 Thread 0x0000019e1a27c1b0 Unloading class 0x0000019e1c578520 '_BuildScript_$_run_closure1'
Event: 363.179 Thread 0x0000019e1a27c1b0 Unloading class 0x0000019e1c578000 '_BuildScript_'
Event: 363.179 Thread 0x0000019e1a27c1b0 Unloading class 0x0000019e1c51d3e8 '_BuildScript_$_run_closure1$_closure3$_closure4'
Event: 363.179 Thread 0x0000019e1a27c1b0 Unloading class 0x0000019e1c51d000 '_BuildScript_$_run_closure1$_closure3'
Event: 363.179 Thread 0x0000019e1a27c1b0 Unloading class 0x0000019e1c51c918 '_BuildScript_$_run_closure1$_closure2'
Event: 363.179 Thread 0x0000019e1a27c1b0 Unloading class 0x0000019e1c51c530 '_BuildScript_$_run_closure1'
Event: 363.179 Thread 0x0000019e1a27c1b0 Unloading class 0x0000019e1c51c000 '_BuildScript_'

Classes redefined (0 events):
No events

Internal exceptions (20 events):
Event: 405.604 Thread 0x0000019e664a5510 Exception <a 'sun/nio/fs/WindowsException'{0x00000006f6df5cf0}> (0x00000006f6df5cf0) 
thrown [s\src\hotspot\share\prims\jni.cpp, line 516]
Event: 405.656 Thread 0x0000019e664a5510 Exception <a 'sun/nio/fs/WindowsException'{0x00000006f6ff7750}> (0x00000006f6ff7750) 
thrown [s\src\hotspot\share\prims\jni.cpp, line 516]
Event: 405.669 Thread 0x0000019e664a5510 Exception <a 'java/lang/IncompatibleClassChangeError'{0x00000006f684ee58}: Found class java.lang.Object, but interface was expected> (0x00000006f684ee58) 
thrown [s\src\hotspot\share\interpreter\linkResolver.cpp, line 826]
Event: 405.704 Thread 0x0000019e664a5510 Implicit null exception at 0x0000019e08700f15 to 0x0000019e08701690
Event: 405.704 Thread 0x0000019e646d8610 Implicit null exception at 0x0000019e08700f15 to 0x0000019e08701690
Event: 405.704 Thread 0x0000019e646d6cc0 Implicit null exception at 0x0000019e08700f15 to 0x0000019e08701690
Event: 406.318 Thread 0x0000019e664a5510 Implicit null exception at 0x0000019e08180735 to 0x0000019e0818183c
Event: 408.341 Thread 0x0000019e664a5510 Implicit null exception at 0x0000019e0878e300 to 0x0000019e0878eb08
Event: 413.257 Thread 0x0000019e664a5510 Exception <a 'java/lang/NoSuchMethodError'{0x00000006f4905b30}: 'void java.lang.invoke.DirectMethodHandle$Holder.invokeStatic(java.lang.Object, java.lang.Object, java.lang.Object, java.lang.Object, int, java.lang.Object, java.lang.Object)'> (0x00000006f4905b30) 
thrown [s\src\hotspot\share\interpreter\linkResolver.cpp, line 759]
Event: 413.626 Thread 0x0000019e664a5510 Exception <a 'java/lang/NoSuchMethodError'{0x00000006f4b601e0}: 'java.lang.Object java.lang.invoke.DirectMethodHandle$Holder.invokeSpecialIFC(java.lang.Object, java.lang.Object, java.lang.Object)'> (0x00000006f4b601e0) 
thrown [s\src\hotspot\share\interpreter\linkResolver.cpp, line 759]
Event: 413.764 Thread 0x0000019e646dc2d0 Exception <a 'sun/nio/fs/WindowsException'{0x00000006fea81498}> (0x00000006fea81498) 
thrown [s\src\hotspot\share\prims\jni.cpp, line 516]
Event: 413.861 Thread 0x0000019e632021b0 Exception <a 'sun/nio/fs/WindowsException'{0x00000006fe343600}> (0x00000006fe343600) 
thrown [s\src\hotspot\share\prims\jni.cpp, line 516]
Event: 413.994 Thread 0x0000019e632035f0 Exception <a 'sun/nio/fs/WindowsException'{0x00000006fe092888}> (0x00000006fe092888) 
thrown [s\src\hotspot\share\prims\jni.cpp, line 516]
Event: 414.177 Thread 0x0000019e632030e0 Exception <a 'sun/nio/fs/WindowsException'{0x00000006feb47400}> (0x00000006feb47400) 
thrown [s\src\hotspot\share\prims\jni.cpp, line 516]
Event: 414.611 Thread 0x0000019e632030e0 Exception <a 'sun/nio/fs/WindowsException'{0x00000006fc9605e8}> (0x00000006fc9605e8) 
thrown [s\src\hotspot\share\prims\jni.cpp, line 516]
Event: 415.017 Thread 0x0000019e632035f0 Exception <a 'sun/nio/fs/WindowsException'{0x00000006fd712770}> (0x00000006fd712770) 
thrown [s\src\hotspot\share\prims\jni.cpp, line 516]
Event: 415.133 Thread 0x0000019e63201790 Exception <a 'sun/nio/fs/WindowsException'{0x000000070a59d0c8}> (0x000000070a59d0c8) 
thrown [s\src\hotspot\share\prims\jni.cpp, line 516]
Event: 415.425 Thread 0x0000019e63201790 Exception <a 'sun/nio/fs/WindowsException'{0x000000070adbcbe8}> (0x000000070adbcbe8) 
thrown [s\src\hotspot\share\prims\jni.cpp, line 516]
Event: 415.711 Thread 0x0000019e63201790 Exception <a 'sun/nio/fs/WindowsException'{0x000000070af92ed0}> (0x000000070af92ed0) 
thrown [s\src\hotspot\share\prims\jni.cpp, line 516]
Event: 416.027 Thread 0x0000019e632035f0 Exception <a 'sun/nio/fs/WindowsException'{0x00000007089d5bf8}> (0x00000007089d5bf8) 
thrown [s\src\hotspot\share\prims\jni.cpp, line 516]

VM Operations (20 events):
Event: 415.204 Executing VM operation: G1TryInitiateConcMark done
Event: 415.205 Executing VM operation: G1TryInitiateConcMark
Event: 415.214 Executing VM operation: G1TryInitiateConcMark done
Event: 415.404 Executing VM operation: G1TryInitiateConcMark
Event: 415.414 Executing VM operation: G1TryInitiateConcMark done
Event: 415.670 Executing VM operation: G1TryInitiateConcMark
Event: 415.679 Executing VM operation: G1TryInitiateConcMark done
Event: 415.999 Executing VM operation: HandshakeAllThreads
Event: 415.999 Executing VM operation: HandshakeAllThreads done
Event: 416.054 Executing VM operation: G1TryInitiateConcMark
Event: 416.065 Executing VM operation: G1TryInitiateConcMark done
Event: 416.176 Executing VM operation: G1TryInitiateConcMark
Event: 416.187 Executing VM operation: G1TryInitiateConcMark done
Event: 416.222 Executing VM operation: G1TryInitiateConcMark
Event: 416.233 Executing VM operation: G1TryInitiateConcMark done
Event: 416.373 Executing VM operation: G1TryInitiateConcMark
Event: 416.383 Executing VM operation: G1TryInitiateConcMark done
Event: 416.512 Executing VM operation: G1TryInitiateConcMark
Event: 416.522 Executing VM operation: G1TryInitiateConcMark done
Event: 416.783 Executing VM operation: G1TryInitiateConcMark

Memory protections (0 events):
No events

Nmethod flushes (20 events):
Event: 416.026 Thread 0x0000019e1a2abb40 flushing  nmethod 0x0000019e01762d10
Event: 416.027 Thread 0x0000019e1a2abb40 flushing  nmethod 0x0000019e017f7110
Event: 416.027 Thread 0x0000019e1a2abb40 flushing  nmethod 0x0000019e017fbe10
Event: 416.027 Thread 0x0000019e1a2abb40 flushing  nmethod 0x0000019e01802990
Event: 416.027 Thread 0x0000019e1a2abb40 flushing  nmethod 0x0000019e01826990
Event: 416.027 Thread 0x0000019e1a2abb40 flushing  nmethod 0x0000019e01833510
Event: 416.027 Thread 0x0000019e1a2abb40 flushing  nmethod 0x0000019e01853990
Event: 416.027 Thread 0x0000019e1a2abb40 flushing  nmethod 0x0000019e01877690
Event: 416.027 Thread 0x0000019e1a2abb40 flushing  nmethod 0x0000019e0192e910
Event: 416.028 Thread 0x0000019e1a2abb40 flushing  nmethod 0x0000019e01944e90
Event: 416.028 Thread 0x0000019e1a2abb40 flushing  nmethod 0x0000019e01998910
Event: 416.028 Thread 0x0000019e1a2abb40 flushing  nmethod 0x0000019e019c9a10
Event: 416.028 Thread 0x0000019e1a2abb40 flushing  nmethod 0x0000019e019e5110
Event: 416.028 Thread 0x0000019e1a2abb40 flushing  nmethod 0x0000019e01a01210
Event: 416.029 Thread 0x0000019e1a2abb40 flushing  nmethod 0x0000019e01b06690
Event: 416.029 Thread 0x0000019e1a2abb40 flushing  nmethod 0x0000019e01bafe10
Event: 416.029 Thread 0x0000019e1a2abb40 flushing  nmethod 0x0000019e01c1fe10
Event: 416.029 Thread 0x0000019e1a2abb40 flushing  nmethod 0x0000019e01c2f290
Event: 416.029 Thread 0x0000019e1a2abb40 flushing  nmethod 0x0000019e01c30590
Event: 416.029 Thread 0x0000019e1a2abb40 flushing  nmethod 0x0000019e01c30990

Events (20 events):
Event: 405.453 Thread 0x0000019e61b88270 Thread added: 0x0000019e646d7bf0
Event: 405.463 Thread 0x0000019e646d7bf0 Thread added: 0x0000019e62833a10
Event: 405.463 Thread 0x0000019e646d7bf0 Thread added: 0x0000019e605c5340
Event: 405.464 Thread 0x0000019e646d7bf0 Thread added: 0x0000019e664a6950
Event: 405.464 Thread 0x0000019e646d7bf0 Thread added: 0x0000019e664a5510
Event: 405.464 Thread 0x0000019e646d7bf0 Thread added: 0x0000019e664a7d90
Event: 405.464 Thread 0x0000019e646d7bf0 Thread added: 0x0000019e664a82a0
Event: 405.464 Thread 0x0000019e646d7bf0 Thread added: 0x0000019e664a5f30
Event: 405.498 Thread 0x0000019e664a5510 Thread added: 0x0000019e664a6e60
Event: 406.745 Thread 0x0000019e645bcee0 Thread exited: 0x0000019e645bcee0
Event: 406.745 Thread 0x0000019e645bc990 Thread exited: 0x0000019e645bc990
Event: 406.767 Thread 0x0000019e1a2b6110 Thread added: 0x0000019e645be420
Event: 407.377 Thread 0x0000019e645be420 Thread exited: 0x0000019e645be420
Event: 407.881 Thread 0x0000019e651a95b0 Thread exited: 0x0000019e651a95b0
Event: 411.958 Thread 0x0000019e1a2b6110 Thread added: 0x0000019e645be970
Event: 412.176 Thread 0x0000019e645be970 Thread exited: 0x0000019e645be970
Event: 413.231 Thread 0x0000019e1a2b6110 Thread added: 0x0000019e645bc990
Event: 413.683 Thread 0x0000019e1a2b6110 Thread added: 0x0000019e645bf410
Event: 414.931 Thread 0x0000019e645bf410 Thread exited: 0x0000019e645bf410
Event: 414.989 Thread 0x0000019e1a2b6110 Thread added: 0x0000019e645ba460


Dynamic libraries:
0x00007ff7d1710000 - 0x00007ff7d171e000 	C:\Program Files\Eclipse Adoptium\jdk-17.0.15.6-hotspot\bin\java.exe
0x00007ff945640000 - 0x00007ff9458a0000 	C:\WINDOWS\SYSTEM32\ntdll.dll
0x00007ff943e80000 - 0x00007ff943f47000 	C:\WINDOWS\System32\KERNEL32.DLL
0x00007ff942b10000 - 0x00007ff942eda000 	C:\WINDOWS\System32\KERNELBASE.dll
0x00007ff93f910000 - 0x00007ff93f9ac000 	C:\WINDOWS\SYSTEM32\apphelp.dll
0x00007ff9431a0000 - 0x00007ff9432eb000 	C:\WINDOWS\System32\ucrtbase.dll
0x00007ff93cd10000 - 0x00007ff93cd27000 	C:\Program Files\Eclipse Adoptium\jdk-17.0.15.6-hotspot\bin\jli.dll
0x00007ff92a9a0000 - 0x00007ff92a9be000 	C:\Program Files\Eclipse Adoptium\jdk-17.0.15.6-hotspot\bin\VCRUNTIME140.dll
0x00007ff945430000 - 0x00007ff9455fc000 	C:\WINDOWS\System32\USER32.dll
0x00007ff92c2b0000 - 0x00007ff92c547000 	C:\WINDOWS\WinSxS\amd64_microsoft.windows.common-controls_6595b64144ccf1df_6.0.26100.3624_none_3e086962e3345f24\COMCTL32.dll
0x00007ff9428d0000 - 0x00007ff9428f7000 	C:\WINDOWS\System32\win32u.dll
0x00007ff945380000 - 0x00007ff945429000 	C:\WINDOWS\System32\msvcrt.dll
0x00007ff943e50000 - 0x00007ff943e7a000 	C:\WINDOWS\System32\GDI32.dll
0x00007ff942ee0000 - 0x00007ff943011000 	C:\WINDOWS\System32\gdi32full.dll
0x00007ff942820000 - 0x00007ff9428c3000 	C:\WINDOWS\System32\msvcp_win.dll
0x00007ff9435a0000 - 0x00007ff9435cf000 	C:\WINDOWS\System32\IMM32.DLL
0x00007ff92a990000 - 0x00007ff92a99c000 	C:\Program Files\Eclipse Adoptium\jdk-17.0.15.6-hotspot\bin\vcruntime140_1.dll
0x00007ff8f2110000 - 0x00007ff8f219d000 	C:\Program Files\Eclipse Adoptium\jdk-17.0.15.6-hotspot\bin\msvcp140.dll
0x00007ff8c5ef0000 - 0x00007ff8c6b5b000 	C:\Program Files\Eclipse Adoptium\jdk-17.0.15.6-hotspot\bin\server\jvm.dll
0x00007ff943ad0000 - 0x00007ff943b82000 	C:\WINDOWS\System32\ADVAPI32.dll
0x00007ff9445a0000 - 0x00007ff944646000 	C:\WINDOWS\System32\sechost.dll
0x00007ff945080000 - 0x00007ff945196000 	C:\WINDOWS\System32\RPCRT4.dll
0x00007ff943c10000 - 0x00007ff943c84000 	C:\WINDOWS\System32\WS2_32.dll
0x00007ff942690000 - 0x00007ff9426ee000 	C:\WINDOWS\SYSTEM32\POWRPROF.dll
0x00007ff93b920000 - 0x00007ff93b92b000 	C:\WINDOWS\SYSTEM32\VERSION.dll
0x00007ff93b8e0000 - 0x00007ff93b916000 	C:\WINDOWS\SYSTEM32\WINMM.dll
0x00007ff942670000 - 0x00007ff942684000 	C:\WINDOWS\SYSTEM32\UMPDC.dll
0x00007ff941630000 - 0x00007ff94164a000 	C:\WINDOWS\SYSTEM32\kernel.appcore.dll
0x00007ff92a980000 - 0x00007ff92a98a000 	C:\Program Files\Eclipse Adoptium\jdk-17.0.15.6-hotspot\bin\jimage.dll
0x00007ff93baa0000 - 0x00007ff93bce1000 	C:\WINDOWS\SYSTEM32\DBGHELP.DLL
0x00007ff943fe0000 - 0x00007ff944362000 	C:\WINDOWS\System32\combase.dll
0x00007ff944fa0000 - 0x00007ff945076000 	C:\WINDOWS\System32\OLEAUT32.dll
0x00007ff927ce0000 - 0x00007ff927d19000 	C:\WINDOWS\SYSTEM32\dbgcore.DLL
0x00007ff942900000 - 0x00007ff942999000 	C:\WINDOWS\System32\bcryptPrimitives.dll
0x00007ff918f20000 - 0x00007ff918f2e000 	C:\Program Files\Eclipse Adoptium\jdk-17.0.15.6-hotspot\bin\instrument.dll
0x00007ff92a950000 - 0x00007ff92a975000 	C:\Program Files\Eclipse Adoptium\jdk-17.0.15.6-hotspot\bin\java.dll
0x00007ff8f2030000 - 0x00007ff8f2107000 	C:\Program Files\Eclipse Adoptium\jdk-17.0.15.6-hotspot\bin\jsvml.dll
0x00007ff944650000 - 0x00007ff944d79000 	C:\WINDOWS\System32\SHELL32.dll
0x00007ff9429a0000 - 0x00007ff942b08000 	C:\WINDOWS\System32\wintypes.dll
0x00007ff940500000 - 0x00007ff940d52000 	C:\WINDOWS\SYSTEM32\windows.storage.dll
0x00007ff944d90000 - 0x00007ff944e7d000 	C:\WINDOWS\System32\SHCORE.dll
0x00007ff944390000 - 0x00007ff9443f4000 	C:\WINDOWS\System32\shlwapi.dll
0x00007ff942730000 - 0x00007ff94275f000 	C:\WINDOWS\SYSTEM32\profapi.dll
0x00007ff919180000 - 0x00007ff919198000 	C:\Program Files\Eclipse Adoptium\jdk-17.0.15.6-hotspot\bin\zip.dll
0x00007ff9230c0000 - 0x00007ff9230d9000 	C:\Program Files\Eclipse Adoptium\jdk-17.0.15.6-hotspot\bin\net.dll
0x00007ff93b210000 - 0x00007ff93b32d000 	C:\WINDOWS\SYSTEM32\WINHTTP.dll
0x00007ff941b50000 - 0x00007ff941bba000 	C:\WINDOWS\system32\mswsock.dll
0x00007ff91dc00000 - 0x00007ff91dc16000 	C:\Program Files\Eclipse Adoptium\jdk-17.0.15.6-hotspot\bin\nio.dll
0x00007ff91dbd0000 - 0x00007ff91dbe0000 	C:\Program Files\Eclipse Adoptium\jdk-17.0.15.6-hotspot\bin\verify.dll
0x00007ff917a50000 - 0x00007ff917a77000 	C:\Users\julia\.gradle\native\68d5fa5c4cc2d200863cafc0d521ce42e7d3e7ee720ec0a83991735586a16f82\windows-amd64\native-platform.dll
0x00007ff8f0260000 - 0x00007ff8f03a4000 	C:\Users\julia\.gradle\native\e376f236ea51e6404a007f0833ffe2c6e607c4080706a723a18a27aeea778392\windows-amd64\native-platform-file-events.dll
0x00007ff91d3f0000 - 0x00007ff91d3fa000 	C:\Program Files\Eclipse Adoptium\jdk-17.0.15.6-hotspot\bin\management.dll
0x00007ff91c3d0000 - 0x00007ff91c3db000 	C:\Program Files\Eclipse Adoptium\jdk-17.0.15.6-hotspot\bin\management_ext.dll
0x00007ff944d80000 - 0x00007ff944d88000 	C:\WINDOWS\System32\PSAPI.DLL
0x00007ff941e00000 - 0x00007ff941e1c000 	C:\WINDOWS\SYSTEM32\CRYPTSP.dll
0x00007ff941590000 - 0x00007ff9415ca000 	C:\WINDOWS\system32\rsaenh.dll
0x00007ff941bf0000 - 0x00007ff941c1b000 	C:\WINDOWS\SYSTEM32\USERENV.dll
0x00007ff942700000 - 0x00007ff942726000 	C:\WINDOWS\SYSTEM32\bcrypt.dll
0x00007ff941df0000 - 0x00007ff941dfc000 	C:\WINDOWS\SYSTEM32\CRYPTBASE.dll
0x00007ff941060000 - 0x00007ff941093000 	C:\WINDOWS\SYSTEM32\IPHLPAPI.DLL
0x00007ff943a70000 - 0x00007ff943a7a000 	C:\WINDOWS\System32\NSI.dll
0x00007ff93be40000 - 0x00007ff93be5f000 	C:\WINDOWS\SYSTEM32\dhcpcsvc6.DLL
0x00007ff93be10000 - 0x00007ff93be35000 	C:\WINDOWS\SYSTEM32\dhcpcsvc.DLL
0x00007ff9410f0000 - 0x00007ff941215000 	C:\WINDOWS\SYSTEM32\DNSAPI.dll
0x00007ff9190d0000 - 0x00007ff9190d9000 	C:\Program Files\Eclipse Adoptium\jdk-17.0.15.6-hotspot\bin\extnet.dll
0x00007ff918690000 - 0x00007ff91869e000 	C:\Program Files\Eclipse Adoptium\jdk-17.0.15.6-hotspot\bin\sunmscapi.dll
0x00007ff943020000 - 0x00007ff943197000 	C:\WINDOWS\System32\CRYPT32.dll
0x00007ff941ff0000 - 0x00007ff942020000 	C:\WINDOWS\SYSTEM32\ncrypt.dll
0x00007ff941fa0000 - 0x00007ff941fdf000 	C:\WINDOWS\SYSTEM32\NTASN1.dll
0x00007ff915090000 - 0x00007ff915098000 	C:\WINDOWS\system32\wshunix.dll
0x00007ff92b6b0000 - 0x00007ff92b6bb000 	C:\Windows\System32\rasadhlp.dll
0x00007ff93a2f0000 - 0x00007ff93a375000 	C:\WINDOWS\System32\fwpuclnt.dll
0x00007ff930d40000 - 0x00007ff930d58000 	C:\WINDOWS\system32\napinsp.dll
0x00007ff930d20000 - 0x00007ff930d32000 	C:\WINDOWS\System32\winrnr.dll
0x00007ff930d60000 - 0x00007ff930d90000 	C:\WINDOWS\system32\nlansp_c.dll
0x00007ff914930000 - 0x00007ff914946000 	C:\WINDOWS\system32\wshbth.dll
0x00007ff941750000 - 0x00007ff941785000 	C:\WINDOWS\SYSTEM32\ntmarta.dll

dbghelp: loaded successfully - version: 4.0.5 - missing functions: none
symbol engine: initialized successfully - sym options: 0x614 - pdb path: .;C:\Program Files\Eclipse Adoptium\jdk-17.0.15.6-hotspot\bin;C:\WINDOWS\SYSTEM32;C:\WINDOWS\WinSxS\amd64_microsoft.windows.common-controls_6595b64144ccf1df_6.0.26100.3624_none_3e086962e3345f24;C:\Program Files\Eclipse Adoptium\jdk-17.0.15.6-hotspot\bin\server;C:\Users\julia\.gradle\native\68d5fa5c4cc2d200863cafc0d521ce42e7d3e7ee720ec0a83991735586a16f82\windows-amd64;C:\Users\julia\.gradle\native\e376f236ea51e6404a007f0833ffe2c6e607c4080706a723a18a27aeea778392\windows-amd64

VM Arguments:
jvm_args: --add-opens=java.base/java.util=ALL-UNNAMED --add-opens=java.base/java.lang=ALL-UNNAMED --add-opens=java.base/java.lang.invoke=ALL-UNNAMED --add-opens=java.prefs/java.util.prefs=ALL-UNNAMED --add-opens=java.base/java.nio.charset=ALL-UNNAMED --add-opens=java.base/java.net=ALL-UNNAMED --add-opens=java.base/java.util.concurrent.atomic=ALL-UNNAMED -Xmx4536m -Dfile.encoding=windows-1252 -Duser.country=CO -Duser.language=es -Duser.variant -javaagent:C:\Users\julia\.gradle\wrapper\dists\gradle-8.2-bin\bbg7u40eoinfdyxsxr3z4i7ta\gradle-8.2\lib\agents\gradle-instrumentation-agent-8.2.jar 
java_command: org.gradle.launcher.daemon.bootstrap.GradleDaemon 8.2
java_class_path (initial): C:\Users\julia\.gradle\wrapper\dists\gradle-8.2-bin\bbg7u40eoinfdyxsxr3z4i7ta\gradle-8.2\lib\gradle-launcher-8.2.jar
Launcher Type: SUN_STANDARD

[Global flags]
     intx CICompilerCount                          = 4                                         {product} {ergonomic}
     uint ConcGCThreads                            = 2                                         {product} {ergonomic}
     uint G1ConcRefinementThreads                  = 8                                         {product} {ergonomic}
   size_t G1HeapRegionSize                         = 4194304                                   {product} {ergonomic}
    uintx GCDrainStackTargetSize                   = 64                                        {product} {ergonomic}
   size_t InitialHeapSize                          = 167772160                                 {product} {ergonomic}
   size_t MarkStackSize                            = 4194304                                   {product} {ergonomic}
   size_t MaxHeapSize                              = 4756340736                                {product} {command line}
   size_t MaxNewSize                               = 2852126720                                {product} {ergonomic}
   size_t MinHeapDeltaBytes                        = 4194304                                   {product} {ergonomic}
   size_t MinHeapSize                              = 8388608                                   {product} {ergonomic}
    uintx NonNMethodCodeHeapSize                   = 5839372                                {pd product} {ergonomic}
    uintx NonProfiledCodeHeapSize                  = 122909434                              {pd product} {ergonomic}
    uintx ProfiledCodeHeapSize                     = 122909434                              {pd product} {ergonomic}
    uintx ReservedCodeCacheSize                    = 251658240                              {pd product} {ergonomic}
     bool SegmentedCodeCache                       = true                                      {product} {ergonomic}
   size_t SoftMaxHeapSize                          = 4756340736                             {manageable} {ergonomic}
     bool UseCompressedClassPointers               = true                           {product lp64_product} {ergonomic}
     bool UseCompressedOops                        = true                           {product lp64_product} {ergonomic}
     bool UseG1GC                                  = true                                      {product} {ergonomic}
     bool UseLargePagesIndividualAllocation        = false                                  {pd product} {ergonomic}

Logging:
Log output configuration:
 #0: stdout all=warning uptime,level,tags
 #1: stderr all=off uptime,level,tags

Environment Variables:
JAVA_HOME=C:/Program Files/Eclipse Adoptium/jdk-17.0.15.6-hotspot
CLASSPATH=C:\Users\julia\Documents\bolas\Balls-Game\android\build\\gradle\wrapper\gradle-wrapper.jar
PATH=C:\Program Files (x86)\NVIDIA Corporation\PhysX\Common;C:\Program Files\Common Files\Oracle\Java\javapath;C:\Program Files (x86)\Common Files\Oracle\Java\java8path;C:\Program Files (x86)\Common Files\Oracle\Java\javapath;C:\WINDOWS\system32;C:\WINDOWS;C:\WINDOWS\System32\Wbem;C:\WINDOWS\System32\WindowsPowerShell\v1.0\;C:\WINDOWS\System32\OpenSSH\;D:\Git\Git\cmd;C:\Users\julia\AppData\Local\Microsoft\WindowsApps;D:\Microsoft VS Code\bin;C:\Users\julia\AppData\Local\GitHubDesktop\bin
USERNAME=julia
OS=Windows_NT
PROCESSOR_IDENTIFIER=AMD64 Family 23 Model 24 Stepping 1, AuthenticAMD
TMP=C:\Users\julia\AppData\Local\Temp
TEMP=C:\Users\julia\AppData\Local\Temp



Periodic native trim disabled


---------------  S Y S T E M  ---------------

OS:
 Windows 11 , 64 bit Build 26100 (10.0.26100.3775)
OS uptime: 0 days 22:05 hours

CPU: total 8 (initial active 8) (8 cores per cpu, 2 threads per core) family 23 model 24 stepping 1 microcode 0x8108109, cx8, cmov, fxsr, ht, mmx, 3dnowpref, sse, sse2, sse3, ssse3, sse4a, sse4.1, sse4.2, popcnt, lzcnt, tsc, tscinvbit, avx, avx2, aes, clmul, bmi1, bmi2, adx, sha, fma, vzeroupper, clflush, clflushopt
Processor Information for all 8 processors :
  Max Mhz: 2100, Current Mhz: 2100, Mhz Limit: 2100

Memory: 4k page, system-wide physical 10182M (698M free)
TotalPageFile size 18182M (AvailPageFile size 319M)
current process WorkingSet (physical memory assigned to process): 984M, peak: 984M
current process commit charge ("private bytes"): 1210M, peak: 1954M

vm_info: OpenJDK 64-Bit Server VM (17.0.15+6) for windows-amd64 JRE (17.0.15+6), built on Apr 15 2025 21:25:47 by "admin" with MS VC++ 17.7 (VS2022)

END.
