#
# There is insufficient memory for the Java Runtime Environment to continue.
# Native memory allocation (mmap) failed to map 226492416 bytes. Error detail: G1 virtual space
# Possible reasons:
#   The system is out of physical RAM or swap space
#   This process is running with CompressedOops enabled, and the Java Heap may be blocking the growth of the native heap
# Possible solutions:
#   Reduce memory load on the system
#   Increase physical memory or swap space
#   Check if swap backing store is full
#   Decrease Java heap size (-Xmx/-Xms)
#   Decrease number of Java threads
#   Decrease Java thread stack sizes (-Xss)
#   Set larger code cache with -XX:ReservedCodeCacheSize=
#   JVM is running with Zero Based Compressed Oops mode in which the Java heap is
#     placed in the first 32GB address space. The Java Heap base address is the
#     maximum limit for the native heap growth. Please use -XX:HeapBaseMinAddress
#     to set the Java Heap base and to place the Java Heap above 32GB virtual address.
# This output file may be truncated or incomplete.
#
#  Out of Memory Error (os_windows.cpp:3618), pid=17884, tid=10044
#
# JRE version: OpenJDK Runtime Environment Temurin-17.0.15+6 (17.0.15+6) (build 17.0.15+6)
# Java VM: OpenJDK 64-Bit Server VM Temurin-17.0.15+6 (17.0.15+6, mixed mode, sharing, tiered, compressed oops, compressed class ptrs, g1 gc, windows-amd64)
# No core dump will be written. Minidumps are not enabled by default on client versions of Windows
#

---------------  S U M M A R Y ------------

Command Line: --add-opens=java.base/java.util=ALL-UNNAMED --add-opens=java.base/java.lang=ALL-UNNAMED --add-opens=java.base/java.lang.invoke=ALL-UNNAMED --add-opens=java.prefs/java.util.prefs=ALL-UNNAMED --add-opens=java.base/java.nio.charset=ALL-UNNAMED --add-opens=java.base/java.net=ALL-UNNAMED --add-opens=java.base/java.util.concurrent.atomic=ALL-UNNAMED -Xmx4536m -Dfile.encoding=windows-1252 -Duser.country=CO -Duser.language=es -Duser.variant -javaagent:C:\Users\julia\.gradle\wrapper\dists\gradle-8.2-bin\bbg7u40eoinfdyxsxr3z4i7ta\gradle-8.2\lib\agents\gradle-instrumentation-agent-8.2.jar org.gradle.launcher.daemon.bootstrap.GradleDaemon 8.2

Host: AMD Ryzen 5 3450U with Radeon Vega Mobile Gfx  , 8 cores, 9G,  Windows 11 , 64 bit Build 26100 (10.0.26100.3775)
Time: Tue Apr 29 20:09:15 2025 Hora est. Pacífico, Sudamérica elapsed time: 22.578374 seconds (0d 0h 0m 22s)

---------------  T H R E A D  ---------------

Current thread (0x000001f132112110):  VMThread "VM Thread" [stack: 0x000000da48d00000,0x000000da48e00000] [id=10044]

Stack: [0x000000da48d00000,0x000000da48e00000]
Native frames: (J=compiled Java code, j=interpreted, Vv=VM code, C=native code)
V  [jvm.dll+0x682fc9]
V  [jvm.dll+0x839878]
V  [jvm.dll+0x83b323]
V  [jvm.dll+0x83b993]
V  [jvm.dll+0x24725f]
V  [jvm.dll+0x67fda9]
V  [jvm.dll+0x674c9a]
V  [jvm.dll+0x304d06]
V  [jvm.dll+0x30c1c6]
V  [jvm.dll+0x35dd4e]
V  [jvm.dll+0x35df8d]
V  [jvm.dll+0x2dc0cc]
V  [jvm.dll+0x2da46f]
V  [jvm.dll+0x2d9bdc]
V  [jvm.dll+0x31d781]
V  [jvm.dll+0x8401cd]
V  [jvm.dll+0x840f03]
V  [jvm.dll+0x84142f]
V  [jvm.dll+0x841814]
V  [jvm.dll+0x8418de]
V  [jvm.dll+0x7e94dc]
V  [jvm.dll+0x681ea7]
C  [ucrtbase.dll+0x37b0]
C  [KERNEL32.DLL+0x2e8d7]
C  [ntdll.dll+0xb14fc]

VM_Operation (0x000000da4a0f9940): G1TryInitiateConcMark, mode: safepoint, requested by thread 0x000001f1793c6590


---------------  P R O C E S S  ---------------

Threads class SMR info:
_java_thread_list=0x000001f178748c10, length=70, elements={
0x000001f10c6dc6a0, 0x000001f132117460, 0x000001f132117f30, 0x000001f1321303e0,
0x000001f132130cb0, 0x000001f132133990, 0x000001f132134260, 0x000001f132134e60,
0x000001f13213d780, 0x000001f13213e090, 0x000001f1321028a0, 0x000001f132ac8190,
0x000001f17a40b450, 0x000001f132c4ae30, 0x000001f17a10def0, 0x000001f179744430,
0x000001f178ede2c0, 0x000001f1793c4c40, 0x000001f1793c6aa0, 0x000001f1793c6fb0,
0x000001f1793c5660, 0x000001f1793c6080, 0x000001f1793c4730, 0x000001f1793c79d0,
0x000001f1793c74c0, 0x000001f1793c7ee0, 0x000001f1793c5150, 0x000001f1793c5b70,
0x000001f17a301450, 0x000001f17a3037c0, 0x000001f17a303cd0, 0x000001f17a3046f0,
0x000001f17a3032b0, 0x000001f17a300f40, 0x000001f17a304c00, 0x000001f17a301e70,
0x000001f17a305110, 0x000001f17a302890, 0x000001f17a302380, 0x000001f17a306040,
0x000001f17a305b30, 0x000001f17a306550, 0x000001f17a302da0, 0x000001f17a307ea0,
0x000001f17a307990, 0x000001f17a3088c0, 0x000001f17a3083b0, 0x000001f17a306a60,
0x000001f17a306f70, 0x000001f17a307480, 0x000001f1799a2880, 0x000001f1799a1950,
0x000001f1799a41d0, 0x000001f1799a46e0, 0x000001f1799a0f30, 0x000001f1799a6030,
0x000001f1799a6f60, 0x000001f1799a6540, 0x000001f1799a5b20, 0x000001f1799a4bf0,
0x000001f1799a5100, 0x000001f1799a6a50, 0x000001f1799a5610, 0x000001f1793c6590,
0x000001f1799a32a0, 0x000001f17cfc6040, 0x000001f17cfc7ea0, 0x000001f17cfc46f0,
0x000001f17cfc5b30, 0x000001f17cfc7990
}

Java Threads: ( => current thread )
  0x000001f10c6dc6a0 JavaThread "main" [_thread_blocked, id=11404, stack(0x000000da48700000,0x000000da48800000)]
  0x000001f132117460 JavaThread "Reference Handler" daemon [_thread_blocked, id=17252, stack(0x000000da48e00000,0x000000da48f00000)]
  0x000001f132117f30 JavaThread "Finalizer" daemon [_thread_blocked, id=10772, stack(0x000000da48f00000,0x000000da49000000)]
  0x000001f1321303e0 JavaThread "Signal Dispatcher" daemon [_thread_blocked, id=15372, stack(0x000000da49000000,0x000000da49100000)]
  0x000001f132130cb0 JavaThread "Attach Listener" daemon [_thread_blocked, id=12136, stack(0x000000da49100000,0x000000da49200000)]
  0x000001f132133990 JavaThread "Service Thread" daemon [_thread_blocked, id=16456, stack(0x000000da49200000,0x000000da49300000)]
  0x000001f132134260 JavaThread "Monitor Deflation Thread" daemon [_thread_blocked, id=10140, stack(0x000000da49300000,0x000000da49400000)]
  0x000001f132134e60 JavaThread "C2 CompilerThread0" daemon [_thread_blocked, id=3004, stack(0x000000da49400000,0x000000da49500000)]
  0x000001f13213d780 JavaThread "C1 CompilerThread0" daemon [_thread_blocked, id=3248, stack(0x000000da49500000,0x000000da49600000)]
  0x000001f13213e090 JavaThread "Sweeper thread" daemon [_thread_blocked, id=3324, stack(0x000000da49600000,0x000000da49700000)]
  0x000001f1321028a0 JavaThread "Common-Cleaner" daemon [_thread_blocked, id=18172, stack(0x000000da49700000,0x000000da49800000)]
  0x000001f132ac8190 JavaThread "Notification Thread" daemon [_thread_blocked, id=16360, stack(0x000000da49800000,0x000000da49900000)]
  0x000001f17a40b450 JavaThread "Daemon health stats" [_thread_blocked, id=17160, stack(0x000000da49b00000,0x000000da49c00000)]
  0x000001f132c4ae30 JavaThread "Incoming local TCP Connector on port 50307" [_thread_in_native, id=6476, stack(0x000000da49a00000,0x000000da49b00000)]
  0x000001f17a10def0 JavaThread "Daemon periodic checks" [_thread_blocked, id=8076, stack(0x000000da4a100000,0x000000da4a200000)]
  0x000001f179744430 JavaThread "Daemon" [_thread_blocked, id=14864, stack(0x000000da4a200000,0x000000da4a300000)]
  0x000001f178ede2c0 JavaThread "Handler for socket connection from /127.0.0.1:50307 to /127.0.0.1:50308" [_thread_in_native, id=15152, stack(0x000000da4a300000,0x000000da4a400000)]
  0x000001f1793c4c40 JavaThread "Cancel handler" [_thread_blocked, id=6860, stack(0x000000da4a400000,0x000000da4a500000)]
  0x000001f1793c6aa0 JavaThread "Daemon worker" [_thread_blocked, id=8456, stack(0x000000da4a500000,0x000000da4a600000)]
  0x000001f1793c6fb0 JavaThread "Asynchronous log dispatcher for DefaultDaemonConnection: socket connection from /127.0.0.1:50307 to /127.0.0.1:50308" [_thread_blocked, id=16856, stack(0x000000da4a600000,0x000000da4a700000)]
  0x000001f1793c5660 JavaThread "Stdin handler" [_thread_blocked, id=10864, stack(0x000000da4a700000,0x000000da4a800000)]
  0x000001f1793c6080 JavaThread "Daemon client event forwarder" [_thread_blocked, id=12648, stack(0x000000da4a800000,0x000000da4a900000)]
  0x000001f1793c4730 JavaThread "Cache worker for journal cache (C:\Users\julia\.gradle\caches\journal-1)" [_thread_blocked, id=3796, stack(0x000000da4ac00000,0x000000da4ad00000)]
  0x000001f1793c79d0 JavaThread "File lock request listener" [_thread_in_native, id=14208, stack(0x000000da4ad00000,0x000000da4ae00000)]
  0x000001f1793c74c0 JavaThread "Cache worker for file hash cache (C:\Users\julia\.gradle\caches\8.2\fileHashes)" [_thread_blocked, id=9788, stack(0x000000da4ae00000,0x000000da4af00000)]
  0x000001f1793c7ee0 JavaThread "File watcher server" daemon [_thread_in_native, id=10716, stack(0x000000da4af00000,0x000000da4b000000)]
  0x000001f1793c5150 JavaThread "File watcher consumer" daemon [_thread_blocked, id=11968, stack(0x000000da4b000000,0x000000da4b100000)]
  0x000001f1793c5b70 JavaThread "Cache worker for checksums cache (C:\Users\julia\Documents\bolas\Balls-Game\android\build\.gradle\8.2\checksums)" [_thread_blocked, id=15856, stack(0x000000da4b100000,0x000000da4b200000)]
  0x000001f17a301450 JavaThread "Cache worker for cache directory md-rule (C:\Users\julia\.gradle\caches\8.2\md-rule)" [_thread_blocked, id=15628, stack(0x000000da4b200000,0x000000da4b300000)]
  0x000001f17a3037c0 JavaThread "Cache worker for file content cache (C:\Users\julia\.gradle\caches\8.2\fileContent)" [_thread_blocked, id=13448, stack(0x000000da4b300000,0x000000da4b400000)]
  0x000001f17a303cd0 JavaThread "Cache worker for file hash cache (C:\Users\julia\Documents\bolas\Balls-Game\android\build\.gradle\8.2\fileHashes)" [_thread_blocked, id=2944, stack(0x000000da4b500000,0x000000da4b600000)]
  0x000001f17a3046f0 JavaThread "Cache worker for cache directory md-supplier (C:\Users\julia\.gradle\caches\8.2\md-supplier)" [_thread_blocked, id=8116, stack(0x000000da4b600000,0x000000da4b700000)]
  0x000001f17a3032b0 JavaThread "Cache worker for execution history cache (C:\Users\julia\.gradle\caches\8.2\executionHistory)" [_thread_blocked, id=11560, stack(0x000000da4b700000,0x000000da4b800000)]
  0x000001f17a300f40 JavaThread "jar transforms" [_thread_blocked, id=7152, stack(0x000000da4b800000,0x000000da4b900000)]
  0x000001f17a304c00 JavaThread "jar transforms Thread 2" [_thread_blocked, id=14796, stack(0x000000da4b900000,0x000000da4ba00000)]
  0x000001f17a301e70 JavaThread "jar transforms Thread 3" [_thread_blocked, id=1532, stack(0x000000da4ba00000,0x000000da4bb00000)]
  0x000001f17a305110 JavaThread "jar transforms Thread 4" [_thread_blocked, id=11784, stack(0x000000da4bb00000,0x000000da4bc00000)]
  0x000001f17a302890 JavaThread "Cache worker for dependencies-accessors (C:\Users\julia\Documents\bolas\Balls-Game\android\build\.gradle\8.2\dependencies-accessors)" [_thread_blocked, id=10884, stack(0x000000da4bc00000,0x000000da4bd00000)]
  0x000001f17a302380 JavaThread "jar transforms Thread 5" [_thread_blocked, id=8468, stack(0x000000da4bd00000,0x000000da4be00000)]
  0x000001f17a306040 JavaThread "Cache worker for Build Output Cleanup Cache (C:\Users\julia\Documents\bolas\Balls-Game\android\build\.gradle\buildOutputCleanup)" [_thread_blocked, id=9100, stack(0x000000da4be00000,0x000000da4bf00000)]
  0x000001f17a305b30 JavaThread "Unconstrained build operations" [_thread_blocked, id=13324, stack(0x000000da4c300000,0x000000da4c400000)]
  0x000001f17a306550 JavaThread "Unconstrained build operations Thread 2" [_thread_blocked, id=12784, stack(0x000000da4c400000,0x000000da4c500000)]
  0x000001f17a302da0 JavaThread "Unconstrained build operations Thread 3" [_thread_blocked, id=13600, stack(0x000000da4c500000,0x000000da4c600000)]
  0x000001f17a307ea0 JavaThread "Unconstrained build operations Thread 4" [_thread_blocked, id=16420, stack(0x000000da4c600000,0x000000da4c700000)]
  0x000001f17a307990 JavaThread "Unconstrained build operations Thread 5" [_thread_blocked, id=10520, stack(0x000000da4c700000,0x000000da4c800000)]
  0x000001f17a3088c0 JavaThread "Unconstrained build operations Thread 6" [_thread_blocked, id=3900, stack(0x000000da4c800000,0x000000da4c900000)]
  0x000001f17a3083b0 JavaThread "Unconstrained build operations Thread 7" [_thread_blocked, id=9540, stack(0x000000da4c900000,0x000000da4ca00000)]
  0x000001f17a306a60 JavaThread "jar transforms Thread 6" [_thread_blocked, id=3068, stack(0x000000da4ca00000,0x000000da4cb00000)]
  0x000001f17a306f70 JavaThread "jar transforms Thread 7" [_thread_blocked, id=7220, stack(0x000000da4cb00000,0x000000da4cc00000)]
  0x000001f17a307480 JavaThread "jar transforms Thread 8" [_thread_blocked, id=11528, stack(0x000000da4cc00000,0x000000da4cd00000)]
  0x000001f1799a2880 JavaThread "Memory manager" [_thread_blocked, id=14564, stack(0x000000da4cd00000,0x000000da4ce00000)]
  0x000001f1799a1950 JavaThread "build event listener" [_thread_blocked, id=17184, stack(0x000000da4cf00000,0x000000da4d000000)]
  0x000001f1799a41d0 JavaThread "pool-3-thread-1" [_thread_blocked, id=3212, stack(0x000000da4ce00000,0x000000da4cf00000)]
  0x000001f1799a46e0 JavaThread "build event listener" [_thread_blocked, id=14224, stack(0x000000da4d000000,0x000000da4d100000)]
  0x000001f1799a0f30 JavaThread "included builds" [_thread_blocked, id=6744, stack(0x000000da4d100000,0x000000da4d200000)]
  0x000001f1799a6030 JavaThread "Execution worker" [_thread_blocked, id=10288, stack(0x000000da4d200000,0x000000da4d300000)]
  0x000001f1799a6f60 JavaThread "Execution worker Thread 2" [_thread_blocked, id=3272, stack(0x000000da4d300000,0x000000da4d400000)]
  0x000001f1799a6540 JavaThread "Execution worker Thread 3" [_thread_blocked, id=12060, stack(0x000000da4d400000,0x000000da4d500000)]
  0x000001f1799a5b20 JavaThread "Execution worker Thread 4" [_thread_blocked, id=18208, stack(0x000000da4d500000,0x000000da4d600000)]
  0x000001f1799a4bf0 JavaThread "Execution worker Thread 5" [_thread_blocked, id=2808, stack(0x000000da4d600000,0x000000da4d700000)]
  0x000001f1799a5100 JavaThread "Execution worker Thread 6" [_thread_blocked, id=13352, stack(0x000000da4d700000,0x000000da4d800000)]
  0x000001f1799a6a50 JavaThread "Execution worker Thread 7" [_thread_blocked, id=14756, stack(0x000000da4d800000,0x000000da4d900000)]
  0x000001f1799a5610 JavaThread "Cache worker for execution history cache (C:\Users\julia\Documents\bolas\Balls-Game\android\build\.gradle\8.2\executionHistory)" [_thread_blocked, id=15124, stack(0x000000da4d900000,0x000000da4da00000)]
  0x000001f1793c6590 JavaThread "Unconstrained build operations Thread 8" [_thread_blocked, id=3304, stack(0x000000da4a000000,0x000000da4a100000)]
  0x000001f1799a32a0 JavaThread "Unconstrained build operations Thread 9" [_thread_blocked, id=5216, stack(0x000000da4da00000,0x000000da4db00000)]
  0x000001f17cfc6040 JavaThread "Unconstrained build operations Thread 10" [_thread_blocked, id=14576, stack(0x000000da4db00000,0x000000da4dc00000)]
  0x000001f17cfc7ea0 JavaThread "Unconstrained build operations Thread 11" [_thread_blocked, id=17792, stack(0x000000da4dc00000,0x000000da4dd00000)]
  0x000001f17cfc46f0 JavaThread "Unconstrained build operations Thread 12" [_thread_blocked, id=11100, stack(0x000000da4dd00000,0x000000da4de00000)]
  0x000001f17cfc5b30 JavaThread "Unconstrained build operations Thread 13" [_thread_blocked, id=9460, stack(0x000000da4de00000,0x000000da4df00000)]
  0x000001f17cfc7990 JavaThread "Unconstrained build operations Thread 14" [_thread_blocked, id=16652, stack(0x000000da4df00000,0x000000da4e000000)]

Other Threads:
=>0x000001f132112110 VMThread "VM Thread" [stack: 0x000000da48d00000,0x000000da48e00000] [id=10044]
  0x000001f132a90f20 WatcherThread [stack: 0x000000da49900000,0x000000da49a00000] [id=2320]
  0x000001f10c748480 GCTaskThread "GC Thread#0" [stack: 0x000000da48800000,0x000000da48900000] [id=15048]
  0x000001f1787fecd0 GCTaskThread "GC Thread#1" [stack: 0x000000da49c00000,0x000000da49d00000] [id=17092]
  0x000001f178735fb0 GCTaskThread "GC Thread#2" [stack: 0x000000da49d00000,0x000000da49e00000] [id=17396]
  0x000001f1787334a0 GCTaskThread "GC Thread#3" [stack: 0x000000da49e00000,0x000000da49f00000] [id=17872]
  0x000001f17806f6c0 GCTaskThread "GC Thread#4" [stack: 0x000000da49f00000,0x000000da4a000000] [id=11328]
  0x000001f17a40b120 GCTaskThread "GC Thread#5" [stack: 0x000000da4a900000,0x000000da4aa00000] [id=15336]
  0x000001f178edf330 GCTaskThread "GC Thread#6" [stack: 0x000000da4aa00000,0x000000da4ab00000] [id=15652]
  0x000001f17947afe0 GCTaskThread "GC Thread#7" [stack: 0x000000da4ab00000,0x000000da4ac00000] [id=14960]
  0x000001f10c7520a0 ConcurrentGCThread "G1 Main Marker" [stack: 0x000000da48900000,0x000000da48a00000] [id=12532]
  0x000001f10c7536a0 ConcurrentGCThread "G1 Conc#0" [stack: 0x000000da48a00000,0x000000da48b00000] [id=14500]
  0x000001f17a64fd80 ConcurrentGCThread "G1 Conc#1" [stack: 0x000000da4b400000,0x000000da4b500000] [id=3176]
  0x000001f131fd5ce0 ConcurrentGCThread "G1 Refine#0" [stack: 0x000000da48b00000,0x000000da48c00000] [id=17996]
  0x000001f17c81ec30 ConcurrentGCThread "G1 Refine#1" [stack: 0x000000da4bf00000,0x000000da4c000000] [id=16244]
  0x000001f17c81d7a0 ConcurrentGCThread "G1 Refine#2" [stack: 0x000000da4c000000,0x000000da4c100000] [id=888]
  0x000001f17c81ced0 ConcurrentGCThread "G1 Refine#3" [stack: 0x000000da4c100000,0x000000da4c200000] [id=14108]
  0x000001f17c81fae0 ConcurrentGCThread "G1 Refine#4" [stack: 0x000000da4c200000,0x000000da4c300000] [id=2152]
  0x000001f10c773580 ConcurrentGCThread "G1 Service" [stack: 0x000000da48c00000,0x000000da48d00000] [id=15976]

Threads with active compile tasks:

VM state: at safepoint (normal execution)

VM Mutex/Monitor currently owned by a thread:  ([mutex/lock_event])
[0x000001f10c6d7b30] Threads_lock - owner thread: 0x000001f132112110
[0x000001f10c6d8280] Heap_lock - owner thread: 0x000001f1793c6590

Heap address: 0x00000006e4800000, size: 4536 MB, Compressed Oops mode: Zero based, Oop shift amount: 3

CDS archive(s) mapped at: [0x000001f133000000-0x000001f133bb0000-0x000001f133bb0000), size 12255232, SharedBaseAddress: 0x000001f133000000, ArchiveRelocationMode: 1.
Compressed class space mapped at: 0x000001f134000000-0x000001f174000000, reserved size: 1073741824
Narrow klass base: 0x000001f133000000, Narrow klass shift: 0, Narrow klass range: 0x100000000

GC Precious Log:
 CPUs: 8 total, 8 available
 Memory: 10182M
 Large Page Support: Disabled
 NUMA Support: Disabled
 Compressed Oops: Enabled (Zero based)
 Heap Region Size: 4M
 Heap Min Capacity: 8M
 Heap Initial Capacity: 160M
 Heap Max Capacity: 4536M
 Pre-touch: Disabled
 Parallel Workers: 8
 Concurrent Workers: 2
 Concurrent Refinement Workers: 8
 Periodic GC: Disabled

Heap:
 garbage-first heap   total 663552K, used 335691K [0x00000006e4800000, 0x0000000800000000)
  region size 4096K, 1 young (4096K), 1 survivors (4096K)
 Metaspace       used 88158K, committed 88832K, reserved 1179648K
  class space    used 12234K, committed 12544K, reserved 1048576K

Heap Regions: E=young(eden), S=young(survivor), O=old, HS=humongous(starts), HC=humongous(continues), CS=collection set, F=free, OA=open archive, CA=closed archive, TAMS=top-at-mark-start (previous, next)
|   0|0x00000006e4800000, 0x00000006e4c00000, 0x00000006e4c00000|100%|HS|  |TAMS 0x00000006e4c00000, 0x00000006e4c00000| Complete 
|   1|0x00000006e4c00000, 0x00000006e5000000, 0x00000006e5000000|100%| O|  |TAMS 0x00000006e5000000, 0x00000006e5000000| Untracked 
|   2|0x00000006e5000000, 0x00000006e5400000, 0x00000006e5400000|100%| O|  |TAMS 0x00000006e5400000, 0x00000006e5400000| Untracked 
|   3|0x00000006e5400000, 0x00000006e5800000, 0x00000006e5800000|100%| O|  |TAMS 0x00000006e5800000, 0x00000006e5800000| Untracked 
|   4|0x00000006e5800000, 0x00000006e5c00000, 0x00000006e5c00000|100%| O|  |TAMS 0x00000006e5c00000, 0x00000006e5c00000| Untracked 
|   5|0x00000006e5c00000, 0x00000006e6000000, 0x00000006e6000000|100%|HS|  |TAMS 0x00000006e6000000, 0x00000006e6000000| Complete 
|   6|0x00000006e6000000, 0x00000006e6400000, 0x00000006e6400000|100%| O|  |TAMS 0x00000006e6400000, 0x00000006e6400000| Untracked 
|   7|0x00000006e6400000, 0x00000006e6800000, 0x00000006e6800000|100%| O|  |TAMS 0x00000006e6800000, 0x00000006e6800000| Untracked 
|   8|0x00000006e6800000, 0x00000006e6c00000, 0x00000006e6c00000|100%| O|  |TAMS 0x00000006e6c00000, 0x00000006e6c00000| Untracked 
|   9|0x00000006e6c00000, 0x00000006e7000000, 0x00000006e7000000|100%|HS|  |TAMS 0x00000006e7000000, 0x00000006e7000000| Complete 
|  10|0x00000006e7000000, 0x00000006e7400000, 0x00000006e7400000|100%| O|  |TAMS 0x00000006e7400000, 0x00000006e7400000| Untracked 
|  11|0x00000006e7400000, 0x00000006e7800000, 0x00000006e7800000|100%| O|  |TAMS 0x00000006e7800000, 0x00000006e7800000| Untracked 
|  12|0x00000006e7800000, 0x00000006e7c00000, 0x00000006e7c00000|100%| O|  |TAMS 0x00000006e7c00000, 0x00000006e7c00000| Untracked 
|  13|0x00000006e7c00000, 0x00000006e8000000, 0x00000006e8000000|100%| O|  |TAMS 0x00000006e8000000, 0x00000006e8000000| Untracked 
|  14|0x00000006e8000000, 0x00000006e8400000, 0x00000006e8400000|100%| O|  |TAMS 0x00000006e8400000, 0x00000006e8400000| Untracked 
|  15|0x00000006e8400000, 0x00000006e8800000, 0x00000006e8800000|100%| O|  |TAMS 0x00000006e8800000, 0x00000006e8800000| Untracked 
|  16|0x00000006e8800000, 0x00000006e8c00000, 0x00000006e8c00000|100%| O|  |TAMS 0x00000006e8c00000, 0x00000006e8c00000| Untracked 
|  17|0x00000006e8c00000, 0x00000006e9000000, 0x00000006e9000000|100%| O|  |TAMS 0x00000006e9000000, 0x00000006e9000000| Untracked 
|  18|0x00000006e9000000, 0x00000006e9400000, 0x00000006e9400000|100%| O|  |TAMS 0x00000006e9400000, 0x00000006e9400000| Untracked 
|  19|0x00000006e9400000, 0x00000006e9800000, 0x00000006e9800000|100%| O|  |TAMS 0x00000006e9800000, 0x00000006e9800000| Untracked 
|  20|0x00000006e9800000, 0x00000006e9c00000, 0x00000006e9c00000|100%| O|  |TAMS 0x00000006e9c00000, 0x00000006e9c00000| Untracked 
|  21|0x00000006e9c00000, 0x00000006ea000000, 0x00000006ea000000|100%|HS|  |TAMS 0x00000006ea000000, 0x00000006ea000000| Complete 
|  22|0x00000006ea000000, 0x00000006ea400000, 0x00000006ea400000|100%|HC|  |TAMS 0x00000006ea400000, 0x00000006ea400000| Complete 
|  23|0x00000006ea400000, 0x00000006ea400000, 0x00000006ea800000|  0%| F|  |TAMS 0x00000006ea400000, 0x00000006ea400000| Untracked 
|  24|0x00000006ea800000, 0x00000006ea800000, 0x00000006eac00000|  0%| F|  |TAMS 0x00000006ea800000, 0x00000006ea800000| Untracked 
|  25|0x00000006eac00000, 0x00000006eac00000, 0x00000006eb000000|  0%| F|  |TAMS 0x00000006eac00000, 0x00000006eac00000| Untracked 
|  26|0x00000006eb000000, 0x00000006eb000000, 0x00000006eb400000|  0%| F|  |TAMS 0x00000006eb000000, 0x00000006eb000000| Untracked 
|  27|0x00000006eb400000, 0x00000006eb800000, 0x00000006eb800000|100%| O|  |TAMS 0x00000006eb800000, 0x00000006eb800000| Untracked 
|  28|0x00000006eb800000, 0x00000006eba5fc00, 0x00000006ebc00000| 59%| O|  |TAMS 0x00000006eba5fc00, 0x00000006eba5fc00| Untracked 
|  29|0x00000006ebc00000, 0x00000006ebc00000, 0x00000006ec000000|  0%| F|  |TAMS 0x00000006ebc00000, 0x00000006ebc00000| Untracked 
|  30|0x00000006ec000000, 0x00000006ec000000, 0x00000006ec400000|  0%| F|  |TAMS 0x00000006ec000000, 0x00000006ec000000| Untracked 
|  31|0x00000006ec400000, 0x00000006ec400000, 0x00000006ec800000|  0%| F|  |TAMS 0x00000006ec400000, 0x00000006ec400000| Untracked 
|  32|0x00000006ec800000, 0x00000006ecc00000, 0x00000006ecc00000|100%|HS|  |TAMS 0x00000006ecc00000, 0x00000006ecc00000| Complete 
|  33|0x00000006ecc00000, 0x00000006ed000000, 0x00000006ed000000|100%|HC|  |TAMS 0x00000006ed000000, 0x00000006ed000000| Complete 
|  34|0x00000006ed000000, 0x00000006ed400000, 0x00000006ed400000|100%|HS|  |TAMS 0x00000006ed400000, 0x00000006ed400000| Complete 
|  35|0x00000006ed400000, 0x00000006ed800000, 0x00000006ed800000|100%|HC|  |TAMS 0x00000006ed800000, 0x00000006ed800000| Complete 
|  36|0x00000006ed800000, 0x00000006ed800000, 0x00000006edc00000|  0%| F|  |TAMS 0x00000006ed800000, 0x00000006ed800000| Untracked 
|  37|0x00000006edc00000, 0x00000006edc00000, 0x00000006ee000000|  0%| F|  |TAMS 0x00000006edc00000, 0x00000006edc00000| Untracked 
|  38|0x00000006ee000000, 0x00000006ee000000, 0x00000006ee400000|  0%| F|  |TAMS 0x00000006ee000000, 0x00000006ee000000| Untracked 
|  39|0x00000006ee400000, 0x00000006ee400000, 0x00000006ee800000|  0%| F|  |TAMS 0x00000006ee400000, 0x00000006ee400000| Untracked 
|  40|0x00000006ee800000, 0x00000006ee800000, 0x00000006eec00000|  0%| F|  |TAMS 0x00000006ee800000, 0x00000006ee800000| Untracked 
|  41|0x00000006eec00000, 0x00000006eec00000, 0x00000006ef000000|  0%| F|  |TAMS 0x00000006eec00000, 0x00000006eec00000| Untracked 
|  42|0x00000006ef000000, 0x00000006ef000000, 0x00000006ef400000|  0%| F|  |TAMS 0x00000006ef000000, 0x00000006ef000000| Untracked 
|  43|0x00000006ef400000, 0x00000006ef400000, 0x00000006ef800000|  0%| F|  |TAMS 0x00000006ef400000, 0x00000006ef400000| Untracked 
|  44|0x00000006ef800000, 0x00000006efc00000, 0x00000006efc00000|100%| O|  |TAMS 0x00000006efc00000, 0x00000006efc00000| Untracked 
|  45|0x00000006efc00000, 0x00000006f0000000, 0x00000006f0000000|100%| O|  |TAMS 0x00000006f0000000, 0x00000006f0000000| Untracked 
|  46|0x00000006f0000000, 0x00000006f0000000, 0x00000006f0400000|  0%| F|  |TAMS 0x00000006f0000000, 0x00000006f0000000| Untracked 
|  47|0x00000006f0400000, 0x00000006f0400000, 0x00000006f0800000|  0%| F|  |TAMS 0x00000006f0400000, 0x00000006f0400000| Untracked 
|  48|0x00000006f0800000, 0x00000006f0800000, 0x00000006f0c00000|  0%| F|  |TAMS 0x00000006f0800000, 0x00000006f0800000| Untracked 
|  49|0x00000006f0c00000, 0x00000006f0c00000, 0x00000006f1000000|  0%| F|  |TAMS 0x00000006f0c00000, 0x00000006f0c00000| Untracked 
|  50|0x00000006f1000000, 0x00000006f1000000, 0x00000006f1400000|  0%| F|  |TAMS 0x00000006f1000000, 0x00000006f1000000| Untracked 
|  51|0x00000006f1400000, 0x00000006f1400000, 0x00000006f1800000|  0%| F|  |TAMS 0x00000006f1400000, 0x00000006f1400000| Untracked 
|  52|0x00000006f1800000, 0x00000006f1800000, 0x00000006f1c00000|  0%| F|  |TAMS 0x00000006f1800000, 0x00000006f1800000| Untracked 
|  53|0x00000006f1c00000, 0x00000006f1c00000, 0x00000006f2000000|  0%| F|  |TAMS 0x00000006f1c00000, 0x00000006f1c00000| Untracked 
|  54|0x00000006f2000000, 0x00000006f2000000, 0x00000006f2400000|  0%| F|  |TAMS 0x00000006f2000000, 0x00000006f2000000| Untracked 
|  55|0x00000006f2400000, 0x00000006f2400000, 0x00000006f2800000|  0%| F|  |TAMS 0x00000006f2400000, 0x00000006f2400000| Untracked 
|  56|0x00000006f2800000, 0x00000006f2800000, 0x00000006f2c00000|  0%| F|  |TAMS 0x00000006f2800000, 0x00000006f2800000| Untracked 
|  57|0x00000006f2c00000, 0x00000006f2c00000, 0x00000006f3000000|  0%| F|  |TAMS 0x00000006f2c00000, 0x00000006f2c00000| Untracked 
|  58|0x00000006f3000000, 0x00000006f3000000, 0x00000006f3400000|  0%| F|  |TAMS 0x00000006f3000000, 0x00000006f3000000| Untracked 
|  59|0x00000006f3400000, 0x00000006f3400000, 0x00000006f3800000|  0%| F|  |TAMS 0x00000006f3400000, 0x00000006f3400000| Untracked 
|  60|0x00000006f3800000, 0x00000006f3800000, 0x00000006f3c00000|  0%| F|  |TAMS 0x00000006f3800000, 0x00000006f3800000| Untracked 
|  61|0x00000006f3c00000, 0x00000006f3c00000, 0x00000006f4000000|  0%| F|  |TAMS 0x00000006f3c00000, 0x00000006f3c00000| Untracked 
|  62|0x00000006f4000000, 0x00000006f4000000, 0x00000006f4400000|  0%| F|  |TAMS 0x00000006f4000000, 0x00000006f4000000| Untracked 
|  63|0x00000006f4400000, 0x00000006f4400000, 0x00000006f4800000|  0%| F|  |TAMS 0x00000006f4400000, 0x00000006f4400000| Untracked 
|  64|0x00000006f4800000, 0x00000006f4800000, 0x00000006f4c00000|  0%| F|  |TAMS 0x00000006f4800000, 0x00000006f4800000| Untracked 
|  65|0x00000006f4c00000, 0x00000006f4c00000, 0x00000006f5000000|  0%| F|  |TAMS 0x00000006f4c00000, 0x00000006f4c00000| Untracked 
|  66|0x00000006f5000000, 0x00000006f5000000, 0x00000006f5400000|  0%| F|  |TAMS 0x00000006f5000000, 0x00000006f5000000| Untracked 
|  67|0x00000006f5400000, 0x00000006f5400000, 0x00000006f5800000|  0%| F|  |TAMS 0x00000006f5400000, 0x00000006f5400000| Untracked 
|  68|0x00000006f5800000, 0x00000006f5800000, 0x00000006f5c00000|  0%| F|  |TAMS 0x00000006f5800000, 0x00000006f5800000| Untracked 
|  69|0x00000006f5c00000, 0x00000006f5c00000, 0x00000006f6000000|  0%| F|  |TAMS 0x00000006f5c00000, 0x00000006f5c00000| Untracked 
|  70|0x00000006f6000000, 0x00000006f6000000, 0x00000006f6400000|  0%| F|  |TAMS 0x00000006f6000000, 0x00000006f6000000| Untracked 
|  71|0x00000006f6400000, 0x00000006f6400000, 0x00000006f6800000|  0%| F|  |TAMS 0x00000006f6400000, 0x00000006f6400000| Untracked 
|  72|0x00000006f6800000, 0x00000006f6c00000, 0x00000006f6c00000|100%|HS|  |TAMS 0x00000006f6c00000, 0x00000006f6c00000| Complete 
|  73|0x00000006f6c00000, 0x00000006f7000000, 0x00000006f7000000|100%|HC|  |TAMS 0x00000006f7000000, 0x00000006f7000000| Complete 
|  74|0x00000006f7000000, 0x00000006f7400000, 0x00000006f7400000|100%|HC|  |TAMS 0x00000006f7400000, 0x00000006f7400000| Complete 
|  75|0x00000006f7400000, 0x00000006f7800000, 0x00000006f7800000|100%|HC|  |TAMS 0x00000006f7800000, 0x00000006f7800000| Complete 
|  76|0x00000006f7800000, 0x00000006f7c00000, 0x00000006f7c00000|100%|HC|  |TAMS 0x00000006f7c00000, 0x00000006f7c00000| Complete 
|  77|0x00000006f7c00000, 0x00000006f8000000, 0x00000006f8000000|100%|HC|  |TAMS 0x00000006f8000000, 0x00000006f8000000| Complete 
|  78|0x00000006f8000000, 0x00000006f8400000, 0x00000006f8400000|100%|HC|  |TAMS 0x00000006f8400000, 0x00000006f8400000| Complete 
|  79|0x00000006f8400000, 0x00000006f8800000, 0x00000006f8800000|100%|HC|  |TAMS 0x00000006f8800000, 0x00000006f8800000| Complete 
|  80|0x00000006f8800000, 0x00000006f8c00000, 0x00000006f8c00000|100%|HC|  |TAMS 0x00000006f8c00000, 0x00000006f8c00000| Complete 
|  81|0x00000006f8c00000, 0x00000006f9000000, 0x00000006f9000000|100%|HC|  |TAMS 0x00000006f9000000, 0x00000006f9000000| Complete 
|  82|0x00000006f9000000, 0x00000006f9400000, 0x00000006f9400000|100%|HC|  |TAMS 0x00000006f9400000, 0x00000006f9400000| Complete 
|  83|0x00000006f9400000, 0x00000006f9800000, 0x00000006f9800000|100%|HC|  |TAMS 0x00000006f9800000, 0x00000006f9800000| Complete 
|  84|0x00000006f9800000, 0x00000006f9c00000, 0x00000006f9c00000|100%|HC|  |TAMS 0x00000006f9c00000, 0x00000006f9c00000| Complete 
|  85|0x00000006f9c00000, 0x00000006fa000000, 0x00000006fa000000|100%|HC|  |TAMS 0x00000006fa000000, 0x00000006fa000000| Complete 
|  86|0x00000006fa000000, 0x00000006fa400000, 0x00000006fa400000|100%|HC|  |TAMS 0x00000006fa400000, 0x00000006fa400000| Complete 
|  87|0x00000006fa400000, 0x00000006fa800000, 0x00000006fa800000|100%|HC|  |TAMS 0x00000006fa800000, 0x00000006fa800000| Complete 
|  88|0x00000006fa800000, 0x00000006fac00000, 0x00000006fac00000|100%|HS|  |TAMS 0x00000006fa800000, 0x00000006fac00000| Complete 
|  89|0x00000006fac00000, 0x00000006fb000000, 0x00000006fb000000|100%|HC|  |TAMS 0x00000006fac00000, 0x00000006fb000000| Complete 
|  90|0x00000006fb000000, 0x00000006fb400000, 0x00000006fb400000|100%|HC|  |TAMS 0x00000006fb000000, 0x00000006fb400000| Complete 
|  91|0x00000006fb400000, 0x00000006fb800000, 0x00000006fb800000|100%|HC|  |TAMS 0x00000006fb400000, 0x00000006fb800000| Complete 
|  92|0x00000006fb800000, 0x00000006fbc00000, 0x00000006fbc00000|100%|HC|  |TAMS 0x00000006fb800000, 0x00000006fbc00000| Complete 
|  93|0x00000006fbc00000, 0x00000006fc000000, 0x00000006fc000000|100%|HC|  |TAMS 0x00000006fbc00000, 0x00000006fc000000| Complete 
|  94|0x00000006fc000000, 0x00000006fc400000, 0x00000006fc400000|100%|HC|  |TAMS 0x00000006fc000000, 0x00000006fc400000| Complete 
|  95|0x00000006fc400000, 0x00000006fc800000, 0x00000006fc800000|100%|HC|  |TAMS 0x00000006fc400000, 0x00000006fc800000| Complete 
|  96|0x00000006fc800000, 0x00000006fcc00000, 0x00000006fcc00000|100%|HC|  |TAMS 0x00000006fc800000, 0x00000006fcc00000| Complete 
|  97|0x00000006fcc00000, 0x00000006fd000000, 0x00000006fd000000|100%|HC|  |TAMS 0x00000006fcc00000, 0x00000006fd000000| Complete 
|  98|0x00000006fd000000, 0x00000006fd400000, 0x00000006fd400000|100%|HC|  |TAMS 0x00000006fd000000, 0x00000006fd400000| Complete 
|  99|0x00000006fd400000, 0x00000006fd800000, 0x00000006fd800000|100%|HC|  |TAMS 0x00000006fd400000, 0x00000006fd800000| Complete 
| 100|0x00000006fd800000, 0x00000006fdc00000, 0x00000006fdc00000|100%|HC|  |TAMS 0x00000006fd800000, 0x00000006fdc00000| Complete 
| 101|0x00000006fdc00000, 0x00000006fe000000, 0x00000006fe000000|100%|HC|  |TAMS 0x00000006fdc00000, 0x00000006fe000000| Complete 
| 102|0x00000006fe000000, 0x00000006fe400000, 0x00000006fe400000|100%|HC|  |TAMS 0x00000006fe000000, 0x00000006fe400000| Complete 
| 103|0x00000006fe400000, 0x00000006fe800000, 0x00000006fe800000|100%|HC|  |TAMS 0x00000006fe400000, 0x00000006fe800000| Complete 
| 104|0x00000006fe800000, 0x00000006fec00000, 0x00000006fec00000|100%|HC|  |TAMS 0x00000006fe800000, 0x00000006fec00000| Complete 
| 105|0x00000006fec00000, 0x00000006fec00000, 0x00000006ff000000|  0%| F|  |TAMS 0x00000006fec00000, 0x00000006fec00000| Untracked 
| 106|0x00000006ff000000, 0x00000006ff000000, 0x00000006ff400000|  0%| F|  |TAMS 0x00000006ff000000, 0x00000006ff000000| Untracked 
| 107|0x00000006ff400000, 0x00000006ff400000, 0x00000006ff800000|  0%| F|  |TAMS 0x00000006ff400000, 0x00000006ff400000| Untracked 
| 108|0x00000006ff800000, 0x00000006ff800000, 0x00000006ffc00000|  0%| F|  |TAMS 0x00000006ff800000, 0x00000006ff800000| Untracked 
| 109|0x00000006ffc00000, 0x00000006ffc00000, 0x0000000700000000|  0%| F|  |TAMS 0x00000006ffc00000, 0x00000006ffc00000| Untracked 
| 110|0x0000000700000000, 0x0000000700000000, 0x0000000700400000|  0%| F|  |TAMS 0x0000000700000000, 0x0000000700000000| Untracked 
| 111|0x0000000700400000, 0x0000000700400000, 0x0000000700800000|  0%| F|  |TAMS 0x0000000700400000, 0x0000000700400000| Untracked 
| 112|0x0000000700800000, 0x0000000700800000, 0x0000000700c00000|  0%| F|  |TAMS 0x0000000700800000, 0x0000000700800000| Untracked 
| 113|0x0000000700c00000, 0x0000000700c00000, 0x0000000701000000|  0%| F|  |TAMS 0x0000000700c00000, 0x0000000700c00000| Untracked 
| 114|0x0000000701000000, 0x0000000701000000, 0x0000000701400000|  0%| F|  |TAMS 0x0000000701000000, 0x0000000701000000| Untracked 
| 115|0x0000000701400000, 0x0000000701400000, 0x0000000701800000|  0%| F|  |TAMS 0x0000000701400000, 0x0000000701400000| Untracked 
| 116|0x0000000701800000, 0x0000000701800000, 0x0000000701c00000|  0%| F|  |TAMS 0x0000000701800000, 0x0000000701800000| Untracked 
| 117|0x0000000701c00000, 0x0000000701c00000, 0x0000000702000000|  0%| F|  |TAMS 0x0000000701c00000, 0x0000000701c00000| Untracked 
| 118|0x0000000702000000, 0x0000000702000000, 0x0000000702400000|  0%| F|  |TAMS 0x0000000702000000, 0x0000000702000000| Untracked 
| 119|0x0000000702400000, 0x0000000702400000, 0x0000000702800000|  0%| F|  |TAMS 0x0000000702400000, 0x0000000702400000| Untracked 
| 120|0x0000000702800000, 0x0000000702800000, 0x0000000702c00000|  0%| F|  |TAMS 0x0000000702800000, 0x0000000702800000| Untracked 
| 121|0x0000000702c00000, 0x0000000702c00000, 0x0000000703000000|  0%| F|  |TAMS 0x0000000702c00000, 0x0000000702c00000| Untracked 
| 122|0x0000000703000000, 0x0000000703000000, 0x0000000703400000|  0%| F|  |TAMS 0x0000000703000000, 0x0000000703000000| Untracked 
| 123|0x0000000703400000, 0x0000000703400000, 0x0000000703800000|  0%| F|  |TAMS 0x0000000703400000, 0x0000000703400000| Untracked 
| 124|0x0000000703800000, 0x0000000703c00000, 0x0000000703c00000|100%|HS|  |TAMS 0x0000000703c00000, 0x0000000703c00000| Complete 
| 125|0x0000000703c00000, 0x0000000704000000, 0x0000000704000000|100%|HC|  |TAMS 0x0000000704000000, 0x0000000704000000| Complete 
| 126|0x0000000704000000, 0x0000000704400000, 0x0000000704400000|100%|HC|  |TAMS 0x0000000704400000, 0x0000000704400000| Complete 
| 127|0x0000000704400000, 0x0000000704800000, 0x0000000704800000|100%|HC|  |TAMS 0x0000000704800000, 0x0000000704800000| Complete 
| 128|0x0000000704800000, 0x0000000704c00000, 0x0000000704c00000|100%|HC|  |TAMS 0x0000000704c00000, 0x0000000704c00000| Complete 
| 129|0x0000000704c00000, 0x0000000705000000, 0x0000000705000000|100%|HC|  |TAMS 0x0000000705000000, 0x0000000705000000| Complete 
| 130|0x0000000705000000, 0x0000000705400000, 0x0000000705400000|100%|HC|  |TAMS 0x0000000705400000, 0x0000000705400000| Complete 
| 131|0x0000000705400000, 0x0000000705800000, 0x0000000705800000|100%|HC|  |TAMS 0x0000000705800000, 0x0000000705800000| Complete 
| 132|0x0000000705800000, 0x0000000705c00000, 0x0000000705c00000|100%|HC|  |TAMS 0x0000000705c00000, 0x0000000705c00000| Complete 
| 133|0x0000000705c00000, 0x0000000706000000, 0x0000000706000000|100%|HC|  |TAMS 0x0000000706000000, 0x0000000706000000| Complete 
| 134|0x0000000706000000, 0x0000000706400000, 0x0000000706400000|100%|HC|  |TAMS 0x0000000706400000, 0x0000000706400000| Complete 
| 135|0x0000000706400000, 0x0000000706800000, 0x0000000706800000|100%|HC|  |TAMS 0x0000000706800000, 0x0000000706800000| Complete 
| 136|0x0000000706800000, 0x0000000706c00000, 0x0000000706c00000|100%|HC|  |TAMS 0x0000000706c00000, 0x0000000706c00000| Complete 
| 137|0x0000000706c00000, 0x0000000707000000, 0x0000000707000000|100%|HC|  |TAMS 0x0000000707000000, 0x0000000707000000| Complete 
| 138|0x0000000707000000, 0x0000000707400000, 0x0000000707400000|100%|HC|  |TAMS 0x0000000707400000, 0x0000000707400000| Complete 
| 139|0x0000000707400000, 0x0000000707800000, 0x0000000707800000|100%|HC|  |TAMS 0x0000000707800000, 0x0000000707800000| Complete 
| 140|0x0000000707800000, 0x0000000707c00000, 0x0000000707c00000|100%|HC|  |TAMS 0x0000000707c00000, 0x0000000707c00000| Complete 
| 141|0x0000000707c00000, 0x0000000708000000, 0x0000000708000000|100%|HC|  |TAMS 0x0000000708000000, 0x0000000708000000| Complete 
| 142|0x0000000708000000, 0x0000000708000000, 0x0000000708400000|  0%| F|  |TAMS 0x0000000708000000, 0x0000000708000000| Untracked 
| 143|0x0000000708400000, 0x0000000708400000, 0x0000000708800000|  0%| F|  |TAMS 0x0000000708400000, 0x0000000708400000| Untracked 
| 144|0x0000000708800000, 0x0000000708800000, 0x0000000708c00000|  0%| F|  |TAMS 0x0000000708800000, 0x0000000708800000| Untracked 
| 145|0x0000000708c00000, 0x0000000708c00000, 0x0000000709000000|  0%| F|  |TAMS 0x0000000708c00000, 0x0000000708c00000| Untracked 
| 146|0x0000000709000000, 0x0000000709000000, 0x0000000709400000|  0%| F|  |TAMS 0x0000000709000000, 0x0000000709000000| Untracked 
| 147|0x0000000709400000, 0x0000000709400000, 0x0000000709800000|  0%| F|  |TAMS 0x0000000709400000, 0x0000000709400000| Untracked 
| 148|0x0000000709800000, 0x0000000709800000, 0x0000000709c00000|  0%| F|  |TAMS 0x0000000709800000, 0x0000000709800000| Untracked 
| 149|0x0000000709c00000, 0x0000000709c00000, 0x000000070a000000|  0%| F|  |TAMS 0x0000000709c00000, 0x0000000709c00000| Untracked 
| 150|0x000000070a000000, 0x000000070a000000, 0x000000070a400000|  0%| F|  |TAMS 0x000000070a000000, 0x000000070a000000| Untracked 
| 151|0x000000070a400000, 0x000000070a400000, 0x000000070a800000|  0%| F|  |TAMS 0x000000070a400000, 0x000000070a400000| Untracked 
| 152|0x000000070a800000, 0x000000070a800000, 0x000000070ac00000|  0%| F|  |TAMS 0x000000070a800000, 0x000000070a800000| Untracked 
| 153|0x000000070ac00000, 0x000000070ac00000, 0x000000070b000000|  0%| F|  |TAMS 0x000000070ac00000, 0x000000070ac00000| Untracked 
| 154|0x000000070b000000, 0x000000070b000000, 0x000000070b400000|  0%| F|  |TAMS 0x000000070b000000, 0x000000070b000000| Untracked 
| 155|0x000000070b400000, 0x000000070b400000, 0x000000070b800000|  0%| F|  |TAMS 0x000000070b400000, 0x000000070b400000| Untracked 
| 156|0x000000070b800000, 0x000000070b800000, 0x000000070bc00000|  0%| F|  |TAMS 0x000000070b800000, 0x000000070b800000| Untracked 
| 157|0x000000070bc00000, 0x000000070bc00000, 0x000000070c000000|  0%| F|  |TAMS 0x000000070bc00000, 0x000000070bc00000| Untracked 
| 158|0x000000070c000000, 0x000000070c000000, 0x000000070c400000|  0%| F|  |TAMS 0x000000070c000000, 0x000000070c000000| Untracked 
| 159|0x000000070c400000, 0x000000070c400000, 0x000000070c800000|  0%| F|  |TAMS 0x000000070c400000, 0x000000070c400000| Untracked 
| 160|0x000000070c800000, 0x000000070c973220, 0x000000070cc00000| 36%| S|CS|TAMS 0x000000070c800000, 0x000000070c800000| Complete 
| 161|0x000000070cc00000, 0x000000070cc00000, 0x000000070d000000|  0%| F|  |TAMS 0x000000070cc00000, 0x000000070cc00000| Untracked 

Card table byte_map: [0x000001f125d70000,0x000001f126650000] _byte_map_base: 0x000001f12264c000

Marking Bits (Prev, Next): (CMBitMap*) 0x000001f10c7489f0, (CMBitMap*) 0x000001f10c7489b0
 Prev Bits: [0x000001f12b610000, 0x000001f12fcf0000)
 Next Bits: [0x000001f126f30000, 0x000001f12b610000)

Polling page: 0x000001f10c780000

Metaspace:

Usage:
  Non-class:     74.15 MB used.
      Class:     11.95 MB used.
       Both:     86.09 MB used.

Virtual space:
  Non-class space:      128.00 MB reserved,      74.50 MB ( 58%) committed,  2 nodes.
      Class space:        1.00 GB reserved,      12.25 MB (  1%) committed,  1 nodes.
             Both:        1.12 GB reserved,      86.75 MB (  8%) committed. 

Chunk freelists:
   Non-Class:  5.19 MB
       Class:  3.70 MB
        Both:  8.89 MB

MaxMetaspaceSize: unlimited
CompressedClassSpaceSize: 1.00 GB
Initial GC threshold: 21.00 MB
Current GC threshold: 144.62 MB
CDS: on
MetaspaceReclaimPolicy: balanced
 - commit_granule_bytes: 65536.
 - commit_granule_words: 8192.
 - virtual_space_node_default_size: 8388608.
 - enlarge_chunks_in_place: 1.
 - new_chunks_are_fully_committed: 0.
 - uncommit_free_chunks: 1.
 - use_allocation_guard: 0.
 - handle_deallocations: 1.


Internal statistics:

num_allocs_failed_limit: 6.
num_arena_births: 880.
num_arena_deaths: 0.
num_vsnodes_births: 3.
num_vsnodes_deaths: 0.
num_space_committed: 1387.
num_space_uncommitted: 0.
num_chunks_returned_to_freelist: 6.
num_chunks_taken_from_freelist: 4520.
num_chunk_merges: 6.
num_chunk_splits: 2992.
num_chunks_enlarged: 2013.
num_inconsistent_stats: 0.

CodeHeap 'non-profiled nmethods': size=120000Kb used=5529Kb max_used=5948Kb free=114470Kb
 bounds [0x000001f11d4f0000, 0x000001f11dac0000, 0x000001f124a20000]
CodeHeap 'profiled nmethods': size=120000Kb used=17463Kb max_used=18843Kb free=102537Kb
 bounds [0x000001f115a20000, 0x000001f116c90000, 0x000001f11cf50000]
CodeHeap 'non-nmethods': size=5760Kb used=2405Kb max_used=2459Kb free=3354Kb
 bounds [0x000001f11cf50000, 0x000001f11d1d0000, 0x000001f11d4f0000]
 total_blobs=9994 nmethods=9061 adapters=842
 compilation: enabled
              stopped_count=0, restarted_count=0
 full_count=0

Compilation events (20 events):
Event: 19.564 Thread 0x000001f13213d780 10554       1       org.gradle.api.internal.artifacts.transform.DefaultTransformer::getInputArtifactLineEndingNormalization (5 bytes)
Event: 19.564 Thread 0x000001f13213d780 nmethod 10554 0x000001f11d72b190 code [0x000001f11d72b320, 0x000001f11d72b3f8]
Event: 19.565 Thread 0x000001f13213d780 10555       3       sun.nio.ch.Util::isBufferTooLarge (15 bytes)
Event: 19.566 Thread 0x000001f13213d780 nmethod 10555 0x000001f11630cf10 code [0x000001f11630d0a0, 0x000001f11630d1f8]
Event: 19.567 Thread 0x000001f132134e60 10556       4       java.util.zip.InflaterInputStream::fill (60 bytes)
Event: 19.573 Thread 0x000001f17cc0e820 10557       4       java.io.FileInputStream::read (8 bytes)
Event: 19.574 Thread 0x000001f17cc0e820 nmethod 10557 0x000001f11d72ae90 code [0x000001f11d72b020, 0x000001f11d72b0c8]
Event: 19.574 Thread 0x000001f132134e60 nmethod 10556 0x000001f11d72a310 code [0x000001f11d72a4c0, 0x000001f11d72aad8]
Event: 20.062 Thread 0x000001f132134e60 10558 %     4       kotlin.io.ByteStreamsKt::copyTo @ 27 (60 bytes)
Event: 20.081 Thread 0x000001f132134e60 nmethod 10558% 0x000001f11d718e90 code [0x000001f11d719080, 0x000001f11d719f10]
Event: 20.218 Thread 0x000001f132134e60 10559       4       kotlin.io.ByteStreamsKt::copyTo (60 bytes)
Event: 20.243 Thread 0x000001f132134e60 nmethod 10559 0x000001f11d724810 code [0x000001f11d724a60, 0x000001f11d725e10]
Event: 20.834 Thread 0x000001f13213d780 10560       3       java.util.zip.ZipInputStream::getNextEntry (74 bytes)
Event: 20.835 Thread 0x000001f13213d780 nmethod 10560 0x000001f11601b890 code [0x000001f11601bac0, 0x000001f11601c2e8]
Event: 20.835 Thread 0x000001f13213d780 10561       3       java.util.zip.CRC32::reset (6 bytes)
Event: 20.835 Thread 0x000001f13213d780 nmethod 10561 0x000001f11632bd90 code [0x000001f11632bf20, 0x000001f11632c038]
Event: 20.835 Thread 0x000001f13213d780 10562       3       java.util.zip.ZipInputStream::createZipEntry (9 bytes)
Event: 20.835 Thread 0x000001f13213d780 nmethod 10562 0x000001f11601b490 code [0x000001f11601b640, 0x000001f11601b7e8]
Event: 21.350 Thread 0x000001f132134e60 10563       4       java.util.concurrent.locks.AbstractQueuedSynchronizer$ConditionObject::canReacquire (38 bytes)
Event: 21.352 Thread 0x000001f132134e60 nmethod 10563 0x000001f11d72a010 code [0x000001f11d72a180, 0x000001f11d72a258]

GC Heap History (20 events):
Event: 19.570 GC heap after
{Heap after GC invocations=34 (full 0):
 garbage-first heap   total 401408K, used 114630K [0x00000006e4800000, 0x0000000800000000)
  region size 4096K, 1 young (4096K), 1 survivors (4096K)
 Metaspace       used 88156K, committed 88832K, reserved 1179648K
  class space    used 12234K, committed 12544K, reserved 1048576K
}
Event: 19.846 GC heap before
{Heap before GC invocations=35 (full 0):
 garbage-first heap   total 401408K, used 192454K [0x00000006e4800000, 0x0000000800000000)
  region size 4096K, 2 young (8192K), 1 survivors (4096K)
 Metaspace       used 88156K, committed 88832K, reserved 1179648K
  class space    used 12234K, committed 12544K, reserved 1048576K
}
Event: 19.849 GC heap after
{Heap after GC invocations=36 (full 0):
 garbage-first heap   total 401408K, used 147297K [0x00000006e4800000, 0x0000000800000000)
  region size 4096K, 1 young (4096K), 1 survivors (4096K)
 Metaspace       used 88156K, committed 88832K, reserved 1179648K
  class space    used 12234K, committed 12544K, reserved 1048576K
}
Event: 20.085 GC heap before
{Heap before GC invocations=37 (full 0):
 garbage-first heap   total 401408K, used 216929K [0x00000006e4800000, 0x0000000800000000)
  region size 4096K, 2 young (8192K), 1 survivors (4096K)
 Metaspace       used 88156K, committed 88832K, reserved 1179648K
  class space    used 12234K, committed 12544K, reserved 1048576K
}
Event: 20.087 GC heap after
{Heap after GC invocations=38 (full 0):
 garbage-first heap   total 401408K, used 180042K [0x00000006e4800000, 0x0000000800000000)
  region size 4096K, 1 young (4096K), 1 survivors (4096K)
 Metaspace       used 88156K, committed 88832K, reserved 1179648K
  class space    used 12234K, committed 12544K, reserved 1048576K
}
Event: 20.231 GC heap before
{Heap before GC invocations=39 (full 0):
 garbage-first heap   total 507904K, used 302922K [0x00000006e4800000, 0x0000000800000000)
  region size 4096K, 3 young (12288K), 1 survivors (4096K)
 Metaspace       used 88156K, committed 88832K, reserved 1179648K
  class space    used 12234K, committed 12544K, reserved 1048576K
}
Event: 20.235 GC heap after
{Heap after GC invocations=40 (full 0):
 garbage-first heap   total 507904K, used 196436K [0x00000006e4800000, 0x0000000800000000)
  region size 4096K, 1 young (4096K), 1 survivors (4096K)
 Metaspace       used 88156K, committed 88832K, reserved 1179648K
  class space    used 12234K, committed 12544K, reserved 1048576K
}
Event: 20.436 GC heap before
{Heap before GC invocations=41 (full 0):
 garbage-first heap   total 507904K, used 253780K [0x00000006e4800000, 0x0000000800000000)
  region size 4096K, 2 young (8192K), 1 survivors (4096K)
 Metaspace       used 88156K, committed 88832K, reserved 1179648K
  class space    used 12234K, committed 12544K, reserved 1048576K
}
Event: 20.439 GC heap after
{Heap after GC invocations=42 (full 0):
 garbage-first heap   total 507904K, used 220993K [0x00000006e4800000, 0x0000000800000000)
  region size 4096K, 1 young (4096K), 1 survivors (4096K)
 Metaspace       used 88156K, committed 88832K, reserved 1179648K
  class space    used 12234K, committed 12544K, reserved 1048576K
}
Event: 20.665 GC heap before
{Heap before GC invocations=43 (full 0):
 garbage-first heap   total 507904K, used 290625K [0x00000006e4800000, 0x0000000800000000)
  region size 4096K, 2 young (8192K), 1 survivors (4096K)
 Metaspace       used 88156K, committed 88832K, reserved 1179648K
  class space    used 12234K, committed 12544K, reserved 1048576K
}
Event: 20.667 GC heap after
{Heap after GC invocations=44 (full 0):
 garbage-first heap   total 507904K, used 253715K [0x00000006e4800000, 0x0000000800000000)
  region size 4096K, 1 young (4096K), 1 survivors (4096K)
 Metaspace       used 88156K, committed 88832K, reserved 1179648K
  class space    used 12234K, committed 12544K, reserved 1048576K
}
Event: 20.842 GC heap before
{Heap before GC invocations=45 (full 0):
 garbage-first heap   total 663552K, used 462611K [0x00000006e4800000, 0x0000000800000000)
  region size 4096K, 2 young (8192K), 1 survivors (4096K)
 Metaspace       used 88158K, committed 88832K, reserved 1179648K
  class space    used 12234K, committed 12544K, reserved 1048576K
}
Event: 20.845 GC heap after
{Heap after GC invocations=46 (full 0):
 garbage-first heap   total 663552K, used 258920K [0x00000006e4800000, 0x0000000800000000)
  region size 4096K, 1 young (4096K), 1 survivors (4096K)
 Metaspace       used 88158K, committed 88832K, reserved 1179648K
  class space    used 12234K, committed 12544K, reserved 1048576K
}
Event: 20.854 GC heap before
{Heap before GC invocations=46 (full 0):
 garbage-first heap   total 663552K, used 263016K [0x00000006e4800000, 0x0000000800000000)
  region size 4096K, 2 young (8192K), 1 survivors (4096K)
 Metaspace       used 88158K, committed 88832K, reserved 1179648K
  class space    used 12234K, committed 12544K, reserved 1048576K
}
Event: 20.857 GC heap after
{Heap after GC invocations=47 (full 0):
 garbage-first heap   total 663552K, used 261974K [0x00000006e4800000, 0x0000000800000000)
  region size 4096K, 1 young (4096K), 1 survivors (4096K)
 Metaspace       used 88158K, committed 88832K, reserved 1179648K
  class space    used 12234K, committed 12544K, reserved 1048576K
}
Event: 21.031 GC heap before
{Heap before GC invocations=48 (full 0):
 garbage-first heap   total 663552K, used 335702K [0x00000006e4800000, 0x0000000800000000)
  region size 4096K, 2 young (8192K), 1 survivors (4096K)
 Metaspace       used 88158K, committed 88832K, reserved 1179648K
  class space    used 12234K, committed 12544K, reserved 1048576K
}
Event: 21.034 GC heap after
{Heap after GC invocations=49 (full 0):
 garbage-first heap   total 663552K, used 286560K [0x00000006e4800000, 0x0000000800000000)
  region size 4096K, 1 young (4096K), 1 survivors (4096K)
 Metaspace       used 88158K, committed 88832K, reserved 1179648K
  class space    used 12234K, committed 12544K, reserved 1048576K
}
Event: 21.174 GC heap before
{Heap before GC invocations=50 (full 0):
 garbage-first heap   total 663552K, used 323424K [0x00000006e4800000, 0x0000000800000000)
  region size 4096K, 2 young (8192K), 1 survivors (4096K)
 Metaspace       used 88158K, committed 88832K, reserved 1179648K
  class space    used 12234K, committed 12544K, reserved 1048576K
}
Event: 21.176 GC heap after
{Heap after GC invocations=51 (full 0):
 garbage-first heap   total 663552K, used 303012K [0x00000006e4800000, 0x0000000800000000)
  region size 4096K, 1 young (4096K), 1 survivors (4096K)
 Metaspace       used 88158K, committed 88832K, reserved 1179648K
  class space    used 12234K, committed 12544K, reserved 1048576K
}
Event: 21.409 GC heap before
{Heap before GC invocations=52 (full 0):
 garbage-first heap   total 663552K, used 372644K [0x00000006e4800000, 0x0000000800000000)
  region size 4096K, 2 young (8192K), 1 survivors (4096K)
 Metaspace       used 88158K, committed 88832K, reserved 1179648K
  class space    used 12234K, committed 12544K, reserved 1048576K
}

Dll operation events (15 events):
Event: 0.018 Loaded shared library C:\Program Files\Eclipse Adoptium\jdk-17.0.15.6-hotspot\bin\java.dll
Event: 0.038 Loaded shared library C:\Program Files\Eclipse Adoptium\jdk-17.0.15.6-hotspot\bin\jsvml.dll
Event: 0.098 Loaded shared library C:\Program Files\Eclipse Adoptium\jdk-17.0.15.6-hotspot\bin\zip.dll
Event: 0.106 Loaded shared library C:\Program Files\Eclipse Adoptium\jdk-17.0.15.6-hotspot\bin\instrument.dll
Event: 0.112 Loaded shared library C:\Program Files\Eclipse Adoptium\jdk-17.0.15.6-hotspot\bin\net.dll
Event: 0.115 Loaded shared library C:\Program Files\Eclipse Adoptium\jdk-17.0.15.6-hotspot\bin\nio.dll
Event: 0.120 Loaded shared library C:\Program Files\Eclipse Adoptium\jdk-17.0.15.6-hotspot\bin\zip.dll
Event: 0.391 Loaded shared library C:\Program Files\Eclipse Adoptium\jdk-17.0.15.6-hotspot\bin\jimage.dll
Event: 0.503 Loaded shared library C:\Program Files\Eclipse Adoptium\jdk-17.0.15.6-hotspot\bin\verify.dll
Event: 0.737 Loaded shared library C:\Users\julia\.gradle\native\68d5fa5c4cc2d200863cafc0d521ce42e7d3e7ee720ec0a83991735586a16f82\windows-amd64\native-platform.dll
Event: 0.761 Loaded shared library C:\Users\julia\.gradle\native\e376f236ea51e6404a007f0833ffe2c6e607c4080706a723a18a27aeea778392\windows-amd64\native-platform-file-events.dll
Event: 2.033 Loaded shared library C:\Program Files\Eclipse Adoptium\jdk-17.0.15.6-hotspot\bin\management.dll
Event: 2.038 Loaded shared library C:\Program Files\Eclipse Adoptium\jdk-17.0.15.6-hotspot\bin\management_ext.dll
Event: 2.341 Loaded shared library C:\Program Files\Eclipse Adoptium\jdk-17.0.15.6-hotspot\bin\extnet.dll
Event: 2.658 Loaded shared library C:\Program Files\Eclipse Adoptium\jdk-17.0.15.6-hotspot\bin\sunmscapi.dll

Deoptimization events (20 events):
Event: 19.512 Thread 0x000001f17a3032b0 DEOPT PACKING pc=0x000001f11d7de250 sp=0x000000da4b7fe110
Event: 19.512 Thread 0x000001f17a3032b0 DEOPT UNPACKING pc=0x000001f11cfa69a3 sp=0x000000da4b7fe000 mode 2
Event: 19.529 Thread 0x000001f1799a5b20 Uncommon trap: trap_request=0xffffffd6 fr.pc=0x000001f11d86331c relative=0x00000000000006fc
Event: 19.529 Thread 0x000001f1799a5b20 Uncommon trap: reason=array_check action=maybe_recompile pc=0x000001f11d86331c method=java.util.TimSort.reverseRange([Ljava/lang/Object;II)V @ 20 c2
Event: 19.530 Thread 0x000001f1799a5b20 DEOPT PACKING pc=0x000001f11d86331c sp=0x000000da4d5f9600
Event: 19.530 Thread 0x000001f1799a5b20 DEOPT UNPACKING pc=0x000001f11cfa69a3 sp=0x000000da4d5f9530 mode 2
Event: 19.531 Thread 0x000001f1799a5b20 Uncommon trap: trap_request=0xffffffd6 fr.pc=0x000001f11d86331c relative=0x00000000000006fc
Event: 19.531 Thread 0x000001f1799a5b20 Uncommon trap: reason=array_check action=maybe_recompile pc=0x000001f11d86331c method=java.util.TimSort.reverseRange([Ljava/lang/Object;II)V @ 20 c2
Event: 19.531 Thread 0x000001f1799a5b20 DEOPT PACKING pc=0x000001f11d86331c sp=0x000000da4d5fa260
Event: 19.531 Thread 0x000001f1799a5b20 DEOPT UNPACKING pc=0x000001f11cfa69a3 sp=0x000000da4d5fa190 mode 2
Event: 19.537 Thread 0x000001f17cfc46f0 Uncommon trap: trap_request=0xffffffd6 fr.pc=0x000001f11d86331c relative=0x00000000000006fc
Event: 19.537 Thread 0x000001f17cfc46f0 Uncommon trap: reason=array_check action=maybe_recompile pc=0x000001f11d86331c method=java.util.TimSort.reverseRange([Ljava/lang/Object;II)V @ 20 c2
Event: 19.537 Thread 0x000001f17cfc46f0 DEOPT PACKING pc=0x000001f11d86331c sp=0x000000da4ddfc790
Event: 19.537 Thread 0x000001f17cfc46f0 DEOPT UNPACKING pc=0x000001f11cfa69a3 sp=0x000000da4ddfc6c0 mode 2
Event: 19.538 Thread 0x000001f17cfc6040 Uncommon trap: trap_request=0xffffffd6 fr.pc=0x000001f11d86331c relative=0x00000000000006fc
Event: 19.538 Thread 0x000001f17cfc6040 Uncommon trap: reason=array_check action=maybe_recompile pc=0x000001f11d86331c method=java.util.TimSort.reverseRange([Ljava/lang/Object;II)V @ 20 c2
Event: 19.538 Thread 0x000001f17cfc6040 DEOPT PACKING pc=0x000001f11d86331c sp=0x000000da4dbfc5d0
Event: 19.538 Thread 0x000001f17cfc6040 DEOPT UNPACKING pc=0x000001f11cfa69a3 sp=0x000000da4dbfc500 mode 2
Event: 20.218 Thread 0x000001f1793c6590 DEOPT PACKING pc=0x000001f11645e152 sp=0x000000da4a0fb050
Event: 20.218 Thread 0x000001f1793c6590 DEOPT UNPACKING pc=0x000001f11cfa7143 sp=0x000000da4a0fa578 mode 0

Classes loaded (20 events):
Event: 18.280 Loading class java/util/HashMap$UnsafeHolder
Event: 18.280 Loading class java/util/HashMap$UnsafeHolder done
Event: 18.332 Loading class java/util/concurrent/ConcurrentLinkedQueue$Itr
Event: 18.333 Loading class java/util/concurrent/ConcurrentLinkedQueue$Itr done
Event: 18.724 Loading class java/nio/file/FileTreeWalker$1
Event: 18.724 Loading class java/nio/file/FileTreeWalker$1 done
Event: 19.182 Loading class java/util/stream/ReferencePipeline$4
Event: 19.183 Loading class java/util/stream/ReferencePipeline$4 done
Event: 19.183 Loading class java/util/function/IntBinaryOperator
Event: 19.183 Loading class java/util/function/IntBinaryOperator done
Event: 19.184 Loading class java/util/stream/ReduceOps$6
Event: 19.184 Loading class java/util/stream/ReduceOps$6 done
Event: 19.184 Loading class java/util/stream/ReduceOps$5ReducingSink
Event: 19.185 Loading class java/util/stream/ReduceOps$5ReducingSink done
Event: 19.185 Loading class java/util/stream/ReferencePipeline$4$1
Event: 19.185 Loading class java/util/stream/ReferencePipeline$4$1 done
Event: 19.421 Loading class java/util/zip/ZipInputStream
Event: 19.421 Loading class java/util/zip/ZipInputStream done
Event: 19.421 Loading class java/io/PushbackInputStream
Event: 19.422 Loading class java/io/PushbackInputStream done

Classes unloaded (0 events):
No events

Classes redefined (0 events):
No events

Internal exceptions (20 events):
Event: 18.241 Thread 0x000001f1793c6aa0 Implicit null exception at 0x000001f11da702e0 to 0x000001f11da70c58
Event: 18.241 Thread 0x000001f1793c6aa0 Implicit null exception at 0x000001f11da702e0 to 0x000001f11da70c58
Event: 18.267 Thread 0x000001f1793c6aa0 Exception <a 'java/lang/NoSuchMethodError'{0x00000006f342f420}: static Lcom/android/build/gradle/internal/profile/ProjectData;.<clinit>()V> (0x00000006f342f420) 
thrown [s\src\hotspot\share\prims\jni.cpp, line 1112]
Event: 18.277 Thread 0x000001f1793c6aa0 Exception <a 'java/lang/NoSuchMethodError'{0x00000006f348c3a0}: static Lcom/android/build/gradle/internal/profile/TaskMetadata;.<clinit>()V> (0x00000006f348c3a0) 
thrown [s\src\hotspot\share\prims\jni.cpp, line 1112]
Event: 18.330 Thread 0x000001f1793c6aa0 Exception <a 'sun/nio/fs/WindowsException'{0x00000006f32192d8}> (0x00000006f32192d8) 
thrown [s\src\hotspot\share\prims\jni.cpp, line 516]
Event: 18.342 Thread 0x000001f1793c6aa0 Implicit null exception at 0x000001f11da702e0 to 0x000001f11da70c58
Event: 18.343 Thread 0x000001f1793c6aa0 Implicit null exception at 0x000001f11da702e0 to 0x000001f11da70c58
Event: 18.433 Thread 0x000001f1799a0f30 Exception <a 'java/lang/NoSuchMethodError'{0x00000006f2a62970}: 'java.lang.Object java.lang.invoke.DirectMethodHandle$Holder.newInvokeSpecial(java.lang.Object, java.lang.Object, java.lang.Object, java.lang.Object, int, java.lang.Object)'> (0x00000006f2a62970) 
thrown [s\src\hotspot\share\interpreter\linkResolver.cpp, line 759]
Event: 18.433 Thread 0x000001f1799a0f30 Exception <a 'java/lang/NoSuchMethodError'{0x00000006f2a66cd8}: 'java.lang.Object java.lang.invoke.Invokers$Holder.linkToTargetMethod(java.lang.Object, java.lang.Object, java.lang.Object, int, java.lang.Object, java.lang.Object)'> (0x00000006f2a66cd8) 
thrown [s\src\hotspot\share\interpreter\linkResolver.cpp, line 759]
Event: 18.443 Thread 0x000001f1799a0f30 Exception <a 'java/lang/NoSuchMethodError'{0x00000006f2b03c58}: 'void java.lang.invoke.DirectMethodHandle$Holder.invokeInterface(java.lang.Object, java.lang.Object, java.lang.Object, java.lang.Object)'> (0x00000006f2b03c58) 
thrown [s\src\hotspot\share\interpreter\linkResolver.cpp, line 759]
Event: 18.451 Thread 0x000001f1799a0f30 Exception <a 'java/lang/IncompatibleClassChangeError'{0x00000006f2be4670}: Found class java.lang.Object, but interface was expected> (0x00000006f2be4670) 
thrown [s\src\hotspot\share\interpreter\linkResolver.cpp, line 826]
Event: 18.469 Thread 0x000001f1799a0f30 Exception <a 'sun/nio/fs/WindowsException'{0x00000006f2548ad8}> (0x00000006f2548ad8) 
thrown [s\src\hotspot\share\prims\jni.cpp, line 516]
Event: 18.504 Thread 0x000001f1799a0f30 Exception <a 'java/lang/NoSuchMethodError'{0x00000006f265dcc8}: 'void java.lang.invoke.DirectMethodHandle$Holder.invokeVirtual(java.lang.Object, java.lang.Object)'> (0x00000006f265dcc8) 
thrown [s\src\hotspot\share\interpreter\linkResolver.cpp, line 759]
Event: 18.518 Thread 0x000001f1799a5b20 Exception <a 'sun/nio/fs/WindowsException'{0x00000006f2942510}> (0x00000006f2942510) 
thrown [s\src\hotspot\share\prims\jni.cpp, line 516]
Event: 18.528 Thread 0x000001f1799a5b20 Exception <a 'java/lang/IncompatibleClassChangeError'{0x00000006f27422c0}: Found class java.lang.Object, but interface was expected> (0x00000006f27422c0) 
thrown [s\src\hotspot\share\interpreter\linkResolver.cpp, line 826]
Event: 18.738 Thread 0x000001f1799a5b20 Exception <a 'java/lang/NoSuchMethodError'{0x00000006f1d367f8}: 'void java.lang.invoke.DirectMethodHandle$Holder.invokeStatic(java.lang.Object, java.lang.Object, java.lang.Object, java.lang.Object, int, java.lang.Object, java.lang.Object)'> (0x00000006f1d367f8) 
thrown [s\src\hotspot\share\interpreter\linkResolver.cpp, line 759]
Event: 19.160 Thread 0x000001f1799a5b20 Exception <a 'java/lang/NoSuchMethodError'{0x00000006f1e97e78}: 'java.lang.Object java.lang.invoke.DirectMethodHandle$Holder.invokeSpecialIFC(java.lang.Object, java.lang.Object, java.lang.Object)'> (0x00000006f1e97e78) 
thrown [s\src\hotspot\share\interpreter\linkResolver.cpp, line 759]
Event: 19.205 Thread 0x000001f17cfc5b30 Exception <a 'java/lang/NoSuchMethodError'{0x00000006f1550560}: 'int java.lang.invoke.DirectMethodHandle$Holder.invokeStaticInit(java.lang.Object, java.lang.Object, java.lang.Object, java.lang.Object, java.lang.Object)'> (0x00000006f1550560) 
thrown [s\src\hotspot\share\interpreter\linkResolver.cpp, line 759]
Event: 19.280 Thread 0x000001f1799a32a0 Implicit null exception at 0x000001f11d7ae87b to 0x000001f11d7aefdc
Event: 19.335 Thread 0x000001f17cfc46f0 Implicit null exception at 0x000001f11daa3765 to 0x000001f11daa3ef0

VM Operations (20 events):
Event: 20.845 Executing VM operation: G1TryInitiateConcMark done
Event: 20.854 Executing VM operation: G1TryInitiateConcMark
Event: 20.857 Executing VM operation: G1TryInitiateConcMark done
Event: 20.936 Executing VM operation: G1PauseRemark
Event: 20.940 Executing VM operation: G1PauseRemark done
Event: 20.977 Executing VM operation: G1PauseCleanup
Event: 20.977 Executing VM operation: G1PauseCleanup done
Event: 21.031 Executing VM operation: G1TryInitiateConcMark
Event: 21.034 Executing VM operation: G1TryInitiateConcMark done
Event: 21.111 Executing VM operation: G1PauseRemark
Event: 21.115 Executing VM operation: G1PauseRemark done
Event: 21.153 Executing VM operation: G1PauseCleanup
Event: 21.153 Executing VM operation: G1PauseCleanup done
Event: 21.174 Executing VM operation: G1TryInitiateConcMark
Event: 21.176 Executing VM operation: G1TryInitiateConcMark done
Event: 21.258 Executing VM operation: G1PauseRemark
Event: 21.262 Executing VM operation: G1PauseRemark done
Event: 21.299 Executing VM operation: G1PauseCleanup
Event: 21.299 Executing VM operation: G1PauseCleanup done
Event: 21.409 Executing VM operation: G1TryInitiateConcMark

Memory protections (0 events):
No events

Nmethod flushes (20 events):
Event: 18.869 Thread 0x000001f13213e090 flushing  nmethod 0x000001f116aa9290
Event: 18.869 Thread 0x000001f13213e090 flushing  nmethod 0x000001f116aad190
Event: 18.869 Thread 0x000001f13213e090 flushing  nmethod 0x000001f116af4690
Event: 18.869 Thread 0x000001f13213e090 flushing  nmethod 0x000001f116af4b10
Event: 18.869 Thread 0x000001f13213e090 flushing  nmethod 0x000001f116af5290
Event: 18.870 Thread 0x000001f13213e090 flushing  nmethod 0x000001f116b24b90
Event: 18.870 Thread 0x000001f13213e090 flushing  nmethod 0x000001f116b58410
Event: 18.870 Thread 0x000001f13213e090 flushing  nmethod 0x000001f116b9f710
Event: 18.870 Thread 0x000001f13213e090 flushing  nmethod 0x000001f116b9fd90
Event: 18.870 Thread 0x000001f13213e090 flushing  nmethod 0x000001f116ba1190
Event: 18.870 Thread 0x000001f13213e090 flushing  nmethod 0x000001f116ba1510
Event: 18.870 Thread 0x000001f13213e090 flushing  nmethod 0x000001f116ba8c90
Event: 18.870 Thread 0x000001f13213e090 flushing  nmethod 0x000001f116ba9090
Event: 18.870 Thread 0x000001f13213e090 flushing  nmethod 0x000001f116baa810
Event: 18.870 Thread 0x000001f13213e090 flushing  nmethod 0x000001f116bafd90
Event: 18.870 Thread 0x000001f13213e090 flushing  nmethod 0x000001f116bb4c90
Event: 18.870 Thread 0x000001f13213e090 flushing  nmethod 0x000001f116bb5010
Event: 18.870 Thread 0x000001f13213e090 flushing  nmethod 0x000001f116c27c90
Event: 18.870 Thread 0x000001f13213e090 flushing  nmethod 0x000001f116c28310
Event: 18.870 Thread 0x000001f13213e090 flushing  nmethod 0x000001f116c2f610

Events (20 events):
Event: 18.333 Thread 0x000001f1793c6aa0 Thread added: 0x000001f1799a46e0
Event: 18.344 Thread 0x000001f1793c6aa0 Thread added: 0x000001f1799a0f30
Event: 18.352 Thread 0x000001f1799a0f30 Thread added: 0x000001f1799a6030
Event: 18.353 Thread 0x000001f1799a0f30 Thread added: 0x000001f1799a6f60
Event: 18.353 Thread 0x000001f1799a0f30 Thread added: 0x000001f1799a6540
Event: 18.353 Thread 0x000001f1799a0f30 Thread added: 0x000001f1799a5b20
Event: 18.353 Thread 0x000001f1799a0f30 Thread added: 0x000001f1799a4bf0
Event: 18.353 Thread 0x000001f1799a0f30 Thread added: 0x000001f1799a5100
Event: 18.353 Thread 0x000001f1799a0f30 Thread added: 0x000001f1799a6a50
Event: 18.382 Thread 0x000001f1799a5b20 Thread added: 0x000001f1799a5610
Event: 18.968 Thread 0x000001f17a648d90 Thread exited: 0x000001f17a648d90
Event: 19.161 Thread 0x000001f1799a5b20 Thread added: 0x000001f1793c6590
Event: 19.173 Thread 0x000001f1799a5b20 Thread added: 0x000001f1799a32a0
Event: 19.174 Thread 0x000001f1799a5b20 Thread added: 0x000001f17cfc6040
Event: 19.174 Thread 0x000001f1799a5b20 Thread added: 0x000001f17cfc7ea0
Event: 19.174 Thread 0x000001f1799a5b20 Thread added: 0x000001f17cfc46f0
Event: 19.175 Thread 0x000001f1799a5b20 Thread added: 0x000001f17cfc5b30
Event: 19.175 Thread 0x000001f1799a5b20 Thread added: 0x000001f17cfc7990
Event: 19.196 Thread 0x000001f13213d780 Thread added: 0x000001f17cc0e820
Event: 20.062 Thread 0x000001f17cc0e820 Thread exited: 0x000001f17cc0e820


Dynamic libraries:
0x00007ff6b9320000 - 0x00007ff6b932e000 	C:\Program Files\Eclipse Adoptium\jdk-17.0.15.6-hotspot\bin\java.exe
0x00007ff945640000 - 0x00007ff9458a0000 	C:\WINDOWS\SYSTEM32\ntdll.dll
0x00007ff943e80000 - 0x00007ff943f47000 	C:\WINDOWS\System32\KERNEL32.DLL
0x00007ff942b10000 - 0x00007ff942eda000 	C:\WINDOWS\System32\KERNELBASE.dll
0x00007ff93f910000 - 0x00007ff93f9ac000 	C:\WINDOWS\SYSTEM32\apphelp.dll
0x00007ff9431a0000 - 0x00007ff9432eb000 	C:\WINDOWS\System32\ucrtbase.dll
0x00007ff92a970000 - 0x00007ff92a98e000 	C:\Program Files\Eclipse Adoptium\jdk-17.0.15.6-hotspot\bin\VCRUNTIME140.dll
0x00007ff9230c0000 - 0x00007ff9230d7000 	C:\Program Files\Eclipse Adoptium\jdk-17.0.15.6-hotspot\bin\jli.dll
0x00007ff945430000 - 0x00007ff9455fc000 	C:\WINDOWS\System32\USER32.dll
0x00007ff92c2b0000 - 0x00007ff92c547000 	C:\WINDOWS\WinSxS\amd64_microsoft.windows.common-controls_6595b64144ccf1df_6.0.26100.3624_none_3e086962e3345f24\COMCTL32.dll
0x00007ff9428d0000 - 0x00007ff9428f7000 	C:\WINDOWS\System32\win32u.dll
0x00007ff945380000 - 0x00007ff945429000 	C:\WINDOWS\System32\msvcrt.dll
0x00007ff943e50000 - 0x00007ff943e7a000 	C:\WINDOWS\System32\GDI32.dll
0x00007ff942ee0000 - 0x00007ff943011000 	C:\WINDOWS\System32\gdi32full.dll
0x00007ff942820000 - 0x00007ff9428c3000 	C:\WINDOWS\System32\msvcp_win.dll
0x00007ff9435a0000 - 0x00007ff9435cf000 	C:\WINDOWS\System32\IMM32.DLL
0x00007ff920a90000 - 0x00007ff920a9c000 	C:\Program Files\Eclipse Adoptium\jdk-17.0.15.6-hotspot\bin\vcruntime140_1.dll
0x00007ff8f2030000 - 0x00007ff8f20bd000 	C:\Program Files\Eclipse Adoptium\jdk-17.0.15.6-hotspot\bin\msvcp140.dll
0x00007ff88bda0000 - 0x00007ff88ca0b000 	C:\Program Files\Eclipse Adoptium\jdk-17.0.15.6-hotspot\bin\server\jvm.dll
0x00007ff943ad0000 - 0x00007ff943b82000 	C:\WINDOWS\System32\ADVAPI32.dll
0x00007ff9445a0000 - 0x00007ff944646000 	C:\WINDOWS\System32\sechost.dll
0x00007ff945080000 - 0x00007ff945196000 	C:\WINDOWS\System32\RPCRT4.dll
0x00007ff943c10000 - 0x00007ff943c84000 	C:\WINDOWS\System32\WS2_32.dll
0x00007ff93b920000 - 0x00007ff93b92b000 	C:\WINDOWS\SYSTEM32\VERSION.dll
0x00007ff93b8e0000 - 0x00007ff93b916000 	C:\WINDOWS\SYSTEM32\WINMM.dll
0x00007ff942690000 - 0x00007ff9426ee000 	C:\WINDOWS\SYSTEM32\POWRPROF.dll
0x00007ff942670000 - 0x00007ff942684000 	C:\WINDOWS\SYSTEM32\UMPDC.dll
0x00007ff941630000 - 0x00007ff94164a000 	C:\WINDOWS\SYSTEM32\kernel.appcore.dll
0x00007ff920a80000 - 0x00007ff920a8a000 	C:\Program Files\Eclipse Adoptium\jdk-17.0.15.6-hotspot\bin\jimage.dll
0x00007ff93baa0000 - 0x00007ff93bce1000 	C:\WINDOWS\SYSTEM32\DBGHELP.DLL
0x00007ff943fe0000 - 0x00007ff944362000 	C:\WINDOWS\System32\combase.dll
0x00007ff944fa0000 - 0x00007ff945076000 	C:\WINDOWS\System32\OLEAUT32.dll
0x00007ff927ce0000 - 0x00007ff927d19000 	C:\WINDOWS\SYSTEM32\dbgcore.DLL
0x00007ff942900000 - 0x00007ff942999000 	C:\WINDOWS\System32\bcryptPrimitives.dll
0x00007ff9190d0000 - 0x00007ff9190de000 	C:\Program Files\Eclipse Adoptium\jdk-17.0.15.6-hotspot\bin\instrument.dll
0x00007ff920980000 - 0x00007ff9209a5000 	C:\Program Files\Eclipse Adoptium\jdk-17.0.15.6-hotspot\bin\java.dll
0x00007ff8f16d0000 - 0x00007ff8f17a7000 	C:\Program Files\Eclipse Adoptium\jdk-17.0.15.6-hotspot\bin\jsvml.dll
0x00007ff944650000 - 0x00007ff944d79000 	C:\WINDOWS\System32\SHELL32.dll
0x00007ff9429a0000 - 0x00007ff942b08000 	C:\WINDOWS\System32\wintypes.dll
0x00007ff940500000 - 0x00007ff940d52000 	C:\WINDOWS\SYSTEM32\windows.storage.dll
0x00007ff944d90000 - 0x00007ff944e7d000 	C:\WINDOWS\System32\SHCORE.dll
0x00007ff944390000 - 0x00007ff9443f4000 	C:\WINDOWS\System32\shlwapi.dll
0x00007ff942730000 - 0x00007ff94275f000 	C:\WINDOWS\SYSTEM32\profapi.dll
0x00007ff919180000 - 0x00007ff919198000 	C:\Program Files\Eclipse Adoptium\jdk-17.0.15.6-hotspot\bin\zip.dll
0x00007ff91dc00000 - 0x00007ff91dc19000 	C:\Program Files\Eclipse Adoptium\jdk-17.0.15.6-hotspot\bin\net.dll
0x00007ff93b210000 - 0x00007ff93b32d000 	C:\WINDOWS\SYSTEM32\WINHTTP.dll
0x00007ff941b50000 - 0x00007ff941bba000 	C:\WINDOWS\system32\mswsock.dll
0x00007ff91dbe0000 - 0x00007ff91dbf6000 	C:\Program Files\Eclipse Adoptium\jdk-17.0.15.6-hotspot\bin\nio.dll
0x00007ff920a70000 - 0x00007ff920a80000 	C:\Program Files\Eclipse Adoptium\jdk-17.0.15.6-hotspot\bin\verify.dll
0x00007ff917a50000 - 0x00007ff917a77000 	C:\Users\julia\.gradle\native\68d5fa5c4cc2d200863cafc0d521ce42e7d3e7ee720ec0a83991735586a16f82\windows-amd64\native-platform.dll
0x00007ff8f0260000 - 0x00007ff8f03a4000 	C:\Users\julia\.gradle\native\e376f236ea51e6404a007f0833ffe2c6e607c4080706a723a18a27aeea778392\windows-amd64\native-platform-file-events.dll
0x00007ff91dbd0000 - 0x00007ff91dbda000 	C:\Program Files\Eclipse Adoptium\jdk-17.0.15.6-hotspot\bin\management.dll
0x00007ff91d3f0000 - 0x00007ff91d3fb000 	C:\Program Files\Eclipse Adoptium\jdk-17.0.15.6-hotspot\bin\management_ext.dll
0x00007ff944d80000 - 0x00007ff944d88000 	C:\WINDOWS\System32\PSAPI.DLL
0x00007ff941e00000 - 0x00007ff941e1c000 	C:\WINDOWS\SYSTEM32\CRYPTSP.dll
0x00007ff941590000 - 0x00007ff9415ca000 	C:\WINDOWS\system32\rsaenh.dll
0x00007ff941bf0000 - 0x00007ff941c1b000 	C:\WINDOWS\SYSTEM32\USERENV.dll
0x00007ff942700000 - 0x00007ff942726000 	C:\WINDOWS\SYSTEM32\bcrypt.dll
0x00007ff941df0000 - 0x00007ff941dfc000 	C:\WINDOWS\SYSTEM32\CRYPTBASE.dll
0x00007ff941060000 - 0x00007ff941093000 	C:\WINDOWS\SYSTEM32\IPHLPAPI.DLL
0x00007ff943a70000 - 0x00007ff943a7a000 	C:\WINDOWS\System32\NSI.dll
0x00007ff93be40000 - 0x00007ff93be5f000 	C:\WINDOWS\SYSTEM32\dhcpcsvc6.DLL
0x00007ff93be10000 - 0x00007ff93be35000 	C:\WINDOWS\SYSTEM32\dhcpcsvc.DLL
0x00007ff9410f0000 - 0x00007ff941215000 	C:\WINDOWS\SYSTEM32\DNSAPI.dll
0x00007ff91c3d0000 - 0x00007ff91c3d9000 	C:\Program Files\Eclipse Adoptium\jdk-17.0.15.6-hotspot\bin\extnet.dll
0x00007ff918f20000 - 0x00007ff918f2e000 	C:\Program Files\Eclipse Adoptium\jdk-17.0.15.6-hotspot\bin\sunmscapi.dll
0x00007ff943020000 - 0x00007ff943197000 	C:\WINDOWS\System32\CRYPT32.dll
0x00007ff941ff0000 - 0x00007ff942020000 	C:\WINDOWS\SYSTEM32\ncrypt.dll
0x00007ff941fa0000 - 0x00007ff941fdf000 	C:\WINDOWS\SYSTEM32\NTASN1.dll
0x00007ff915090000 - 0x00007ff915098000 	C:\WINDOWS\system32\wshunix.dll
0x00007ff930d40000 - 0x00007ff930d58000 	C:\WINDOWS\system32\napinsp.dll
0x00007ff930d20000 - 0x00007ff930d32000 	C:\WINDOWS\System32\winrnr.dll
0x00007ff930d60000 - 0x00007ff930d90000 	C:\WINDOWS\system32\nlansp_c.dll
0x00007ff914930000 - 0x00007ff914946000 	C:\WINDOWS\system32\wshbth.dll
0x00007ff92b6b0000 - 0x00007ff92b6bb000 	C:\Windows\System32\rasadhlp.dll
0x00007ff93a2f0000 - 0x00007ff93a375000 	C:\WINDOWS\System32\fwpuclnt.dll

dbghelp: loaded successfully - version: 4.0.5 - missing functions: none
symbol engine: initialized successfully - sym options: 0x614 - pdb path: .;C:\Program Files\Eclipse Adoptium\jdk-17.0.15.6-hotspot\bin;C:\WINDOWS\SYSTEM32;C:\WINDOWS\WinSxS\amd64_microsoft.windows.common-controls_6595b64144ccf1df_6.0.26100.3624_none_3e086962e3345f24;C:\Program Files\Eclipse Adoptium\jdk-17.0.15.6-hotspot\bin\server;C:\Users\julia\.gradle\native\68d5fa5c4cc2d200863cafc0d521ce42e7d3e7ee720ec0a83991735586a16f82\windows-amd64;C:\Users\julia\.gradle\native\e376f236ea51e6404a007f0833ffe2c6e607c4080706a723a18a27aeea778392\windows-amd64

VM Arguments:
jvm_args: --add-opens=java.base/java.util=ALL-UNNAMED --add-opens=java.base/java.lang=ALL-UNNAMED --add-opens=java.base/java.lang.invoke=ALL-UNNAMED --add-opens=java.prefs/java.util.prefs=ALL-UNNAMED --add-opens=java.base/java.nio.charset=ALL-UNNAMED --add-opens=java.base/java.net=ALL-UNNAMED --add-opens=java.base/java.util.concurrent.atomic=ALL-UNNAMED -Xmx4536m -Dfile.encoding=windows-1252 -Duser.country=CO -Duser.language=es -Duser.variant -javaagent:C:\Users\julia\.gradle\wrapper\dists\gradle-8.2-bin\bbg7u40eoinfdyxsxr3z4i7ta\gradle-8.2\lib\agents\gradle-instrumentation-agent-8.2.jar 
java_command: org.gradle.launcher.daemon.bootstrap.GradleDaemon 8.2
java_class_path (initial): C:\Users\julia\.gradle\wrapper\dists\gradle-8.2-bin\bbg7u40eoinfdyxsxr3z4i7ta\gradle-8.2\lib\gradle-launcher-8.2.jar
Launcher Type: SUN_STANDARD

[Global flags]
     intx CICompilerCount                          = 4                                         {product} {ergonomic}
     uint ConcGCThreads                            = 2                                         {product} {ergonomic}
     uint G1ConcRefinementThreads                  = 8                                         {product} {ergonomic}
   size_t G1HeapRegionSize                         = 4194304                                   {product} {ergonomic}
    uintx GCDrainStackTargetSize                   = 64                                        {product} {ergonomic}
   size_t InitialHeapSize                          = 167772160                                 {product} {ergonomic}
   size_t MarkStackSize                            = 4194304                                   {product} {ergonomic}
   size_t MaxHeapSize                              = 4756340736                                {product} {command line}
   size_t MaxNewSize                               = 2852126720                                {product} {ergonomic}
   size_t MinHeapDeltaBytes                        = 4194304                                   {product} {ergonomic}
   size_t MinHeapSize                              = 8388608                                   {product} {ergonomic}
    uintx NonNMethodCodeHeapSize                   = 5839372                                {pd product} {ergonomic}
    uintx NonProfiledCodeHeapSize                  = 122909434                              {pd product} {ergonomic}
    uintx ProfiledCodeHeapSize                     = 122909434                              {pd product} {ergonomic}
    uintx ReservedCodeCacheSize                    = 251658240                              {pd product} {ergonomic}
     bool SegmentedCodeCache                       = true                                      {product} {ergonomic}
   size_t SoftMaxHeapSize                          = 4756340736                             {manageable} {ergonomic}
     bool UseCompressedClassPointers               = true                           {product lp64_product} {ergonomic}
     bool UseCompressedOops                        = true                           {product lp64_product} {ergonomic}
     bool UseG1GC                                  = true                                      {product} {ergonomic}
     bool UseLargePagesIndividualAllocation        = false                                  {pd product} {ergonomic}

Logging:
Log output configuration:
 #0: stdout all=warning uptime,level,tags
 #1: stderr all=off uptime,level,tags

Environment Variables:
JAVA_HOME=C:/Program Files/Eclipse Adoptium/jdk-17.0.15.6-hotspot
CLASSPATH=C:\Users\julia\Documents\bolas\Balls-Game\android\build\\gradle\wrapper\gradle-wrapper.jar
PATH=C:\Program Files\Eclipse Adoptium\jdk-17.0.15.6-hotspot\bin;C:\Program Files (x86)\NVIDIA Corporation\PhysX\Common;C:\Program Files\Common Files\Oracle\Java\javapath;C:\Program Files (x86)\Common Files\Oracle\Java\java8path;C:\Program Files (x86)\Common Files\Oracle\Java\javapath;C:\WINDOWS\system32;C:\WINDOWS;C:\WINDOWS\System32\Wbem;C:\WINDOWS\System32\WindowsPowerShell\v1.0\;C:\WINDOWS\System32\OpenSSH\;D:\Git\Git\cmd;C:\Users\julia\AppData\Local\Microsoft\WindowsApps;D:\Microsoft VS Code\bin;C:\Users\julia\AppData\Local\GitHubDesktop\bin;
USERNAME=julia
OS=Windows_NT
PROCESSOR_IDENTIFIER=AMD64 Family 23 Model 24 Stepping 1, AuthenticAMD
TMP=C:\Users\julia\AppData\Local\Temp
TEMP=C:\Users\julia\AppData\Local\Temp



Periodic native trim disabled


---------------  S Y S T E M  ---------------

OS:
 Windows 11 , 64 bit Build 26100 (10.0.26100.3775)
OS uptime: 0 days 22:21 hours

CPU: total 8 (initial active 8) (8 cores per cpu, 2 threads per core) family 23 model 24 stepping 1 microcode 0x8108109, cx8, cmov, fxsr, ht, mmx, 3dnowpref, sse, sse2, sse3, ssse3, sse4a, sse4.1, sse4.2, popcnt, lzcnt, tsc, tscinvbit, avx, avx2, aes, clmul, bmi1, bmi2, adx, sha, fma, vzeroupper, clflush, clflushopt
Processor Information for all 8 processors :
  Max Mhz: 2100, Current Mhz: 2100, Mhz Limit: 2100

Memory: 4k page, system-wide physical 10182M (841M free)
TotalPageFile size 18182M (AvailPageFile size 118M)
current process WorkingSet (physical memory assigned to process): 800M, peak: 800M
current process commit charge ("private bytes"): 942M, peak: 1158M

vm_info: OpenJDK 64-Bit Server VM (17.0.15+6) for windows-amd64 JRE (17.0.15+6), built on Apr 15 2025 21:25:47 by "admin" with MS VC++ 17.7 (VS2022)

END.
