#
# There is insufficient memory for the Java Runtime Environment to continue.
# Native memory allocation (mmap) failed to map 687865856 bytes. Error detail: G1 virtual space
# Possible reasons:
#   The system is out of physical RAM or swap space
#   This process is running with CompressedOops enabled, and the Java Heap may be blocking the growth of the native heap
# Possible solutions:
#   Reduce memory load on the system
#   Increase physical memory or swap space
#   Check if swap backing store is full
#   Decrease Java heap size (-Xmx/-Xms)
#   Decrease number of Java threads
#   Decrease Java thread stack sizes (-Xss)
#   Set larger code cache with -XX:ReservedCodeCacheSize=
#   JVM is running with Zero Based Compressed Oops mode in which the Java heap is
#     placed in the first 32GB address space. The Java Heap base address is the
#     maximum limit for the native heap growth. Please use -XX:HeapBaseMinAddress
#     to set the Java Heap base and to place the Java Heap above 32GB virtual address.
# This output file may be truncated or incomplete.
#
#  Out of Memory Error (os_windows.cpp:3618), pid=12240, tid=17684
#
# JRE version: OpenJDK Runtime Environment Temurin-17.0.15+6 (17.0.15+6) (build 17.0.15+6)
# Java VM: OpenJDK 64-Bit Server VM Temurin-17.0.15+6 (17.0.15+6, mixed mode, sharing, tiered, compressed oops, compressed class ptrs, g1 gc, windows-amd64)
# No core dump will be written. Minidumps are not enabled by default on client versions of Windows
#

---------------  S U M M A R Y ------------

Command Line: --add-opens=java.base/java.util=ALL-UNNAMED --add-opens=java.base/java.lang=ALL-UNNAMED --add-opens=java.base/java.lang.invoke=ALL-UNNAMED --add-opens=java.prefs/java.util.prefs=ALL-UNNAMED --add-opens=java.base/java.nio.charset=ALL-UNNAMED --add-opens=java.base/java.net=ALL-UNNAMED --add-opens=java.base/java.util.concurrent.atomic=ALL-UNNAMED -Xmx4536m -Dfile.encoding=windows-1252 -Duser.country=CO -Duser.language=es -Duser.variant -javaagent:C:\Users\julia\.gradle\wrapper\dists\gradle-8.2-bin\bbg7u40eoinfdyxsxr3z4i7ta\gradle-8.2\lib\agents\gradle-instrumentation-agent-8.2.jar org.gradle.launcher.daemon.bootstrap.GradleDaemon 8.2

Host: AMD Ryzen 5 3450U with Radeon Vega Mobile Gfx  , 8 cores, 9G,  Windows 11 , 64 bit Build 26100 (10.0.26100.3775)
Time: Tue Apr 29 19:55:59 2025 Hora est. Pacífico, Sudamérica elapsed time: 22.123964 seconds (0d 0h 0m 22s)

---------------  T H R E A D  ---------------

Current thread (0x000001f269075920):  VMThread "VM Thread" [stack: 0x000000f18da00000,0x000000f18db00000] [id=17684]

Stack: [0x000000f18da00000,0x000000f18db00000]
Native frames: (J=compiled Java code, j=interpreted, Vv=VM code, C=native code)
V  [jvm.dll+0x682fc9]
V  [jvm.dll+0x839878]
V  [jvm.dll+0x83b323]
V  [jvm.dll+0x83b993]
V  [jvm.dll+0x24725f]
V  [jvm.dll+0x67fda9]
V  [jvm.dll+0x674c9a]
V  [jvm.dll+0x304d06]
V  [jvm.dll+0x30c1c6]
V  [jvm.dll+0x35dd4e]
V  [jvm.dll+0x35df8d]
V  [jvm.dll+0x2dc0cc]
V  [jvm.dll+0x2da46f]
V  [jvm.dll+0x2d9bdc]
V  [jvm.dll+0x31d781]
V  [jvm.dll+0x8401cd]
V  [jvm.dll+0x840f03]
V  [jvm.dll+0x84142f]
V  [jvm.dll+0x841814]
V  [jvm.dll+0x8418de]
V  [jvm.dll+0x7e94dc]
V  [jvm.dll+0x681ea7]
C  [ucrtbase.dll+0x37b0]
C  [KERNEL32.DLL+0x2e8d7]
C  [ntdll.dll+0xb14fc]

VM_Operation (0x000000f1928f9b50): G1TryInitiateConcMark, mode: safepoint, requested by thread 0x000001f27338bc40


---------------  P R O C E S S  ---------------

Threads class SMR info:
_java_thread_list=0x000001f274f0e520, length=70, elements={
0x000001f244fa0890, 0x000001f26907c990, 0x000001f26907dfd0, 0x000001f269095cb0,
0x000001f269096580, 0x000001f269099dd0, 0x000001f26909b210, 0x000001f26909c980,
0x000001f26909de00, 0x000001f2690a0ea0, 0x000001f2692aded0, 0x000001f2693850f0,
0x000001f26efa77b0, 0x000001f26e6e3740, 0x000001f26e25f090, 0x000001f26efce140,
0x000001f26fff8020, 0x000001f26e2bcd80, 0x000001f26e2bd290, 0x000001f26f43bfb0,
0x000001f26f43d900, 0x000001f26f43c4c0, 0x000001f26f43c9d0, 0x000001f26f43baa0,
0x000001f26f43d3f0, 0x000001f26f43e830, 0x000001f26f43ed40, 0x000001f26f43b590,
0x000001f270536c50, 0x000001f270534df0, 0x000001f270538090, 0x000001f2705348e0,
0x000001f270537160, 0x000001f270538ab0, 0x000001f270536230, 0x000001f2705399e0,
0x000001f270539ef0, 0x000001f270536740, 0x000001f27053b840, 0x000001f27053a400,
0x000001f27053a910, 0x000001f27053bd50, 0x000001f27053b330, 0x000001f27053c260,
0x000001f2696691b0, 0x000001f269667d70, 0x000001f2696696c0, 0x000001f269667860,
0x000001f269665f10, 0x000001f269669bd0, 0x000001f269668790, 0x000001f269667350,
0x000001f26e2bc870, 0x000001f26e2bdcb0, 0x000001f26e2bc360, 0x000001f26e2bd7a0,
0x000001f26966c450, 0x000001f26966d380, 0x000001f26f43de10, 0x000001f273389de0,
0x000001f27338c150, 0x000001f27338a2f0, 0x000001f27338a800, 0x000001f27338bc40,
0x000001f27338c660, 0x000001f27338ad10, 0x000001f273388eb0, 0x000001f27338cb70,
0x000001f27338b220, 0x000001f2733893c0
}

Java Threads: ( => current thread )
  0x000001f244fa0890 JavaThread "main" [_thread_blocked, id=14640, stack(0x000000f18d400000,0x000000f18d500000)]
  0x000001f26907c990 JavaThread "Reference Handler" daemon [_thread_blocked, id=5620, stack(0x000000f18db00000,0x000000f18dc00000)]
  0x000001f26907dfd0 JavaThread "Finalizer" daemon [_thread_blocked, id=5612, stack(0x000000f18dc00000,0x000000f18dd00000)]
  0x000001f269095cb0 JavaThread "Signal Dispatcher" daemon [_thread_blocked, id=13644, stack(0x000000f18dd00000,0x000000f18de00000)]
  0x000001f269096580 JavaThread "Attach Listener" daemon [_thread_blocked, id=1516, stack(0x000000f18de00000,0x000000f18df00000)]
  0x000001f269099dd0 JavaThread "Service Thread" daemon [_thread_blocked, id=16180, stack(0x000000f18df00000,0x000000f18e000000)]
  0x000001f26909b210 JavaThread "Monitor Deflation Thread" daemon [_thread_blocked, id=12676, stack(0x000000f18e000000,0x000000f18e100000)]
  0x000001f26909c980 JavaThread "C2 CompilerThread0" daemon [_thread_blocked, id=4272, stack(0x000000f18e100000,0x000000f18e200000)]
  0x000001f26909de00 JavaThread "C1 CompilerThread0" daemon [_thread_blocked, id=15892, stack(0x000000f18e200000,0x000000f18e300000)]
  0x000001f2690a0ea0 JavaThread "Sweeper thread" daemon [_thread_blocked, id=10300, stack(0x000000f18e300000,0x000000f18e400000)]
  0x000001f2692aded0 JavaThread "Common-Cleaner" daemon [_thread_blocked, id=12488, stack(0x000000f18e400000,0x000000f18e500000)]
  0x000001f2693850f0 JavaThread "Notification Thread" daemon [_thread_blocked, id=7780, stack(0x000000f18e500000,0x000000f18e600000)]
  0x000001f26efa77b0 JavaThread "Daemon health stats" [_thread_blocked, id=16072, stack(0x000000f18ed00000,0x000000f18ee00000)]
  0x000001f26e6e3740 JavaThread "Incoming local TCP Connector on port 49547" [_thread_in_native, id=8716, stack(0x000000f18ee00000,0x000000f18ef00000)]
  0x000001f26e25f090 JavaThread "Daemon periodic checks" [_thread_blocked, id=16428, stack(0x000000f18ef00000,0x000000f18f000000)]
  0x000001f26efce140 JavaThread "Daemon" [_thread_blocked, id=14704, stack(0x000000f18f000000,0x000000f18f100000)]
  0x000001f26fff8020 JavaThread "Handler for socket connection from /127.0.0.1:49547 to /127.0.0.1:49548" [_thread_in_native, id=12476, stack(0x000000f18f100000,0x000000f18f200000)]
  0x000001f26e2bcd80 JavaThread "Cancel handler" [_thread_blocked, id=15304, stack(0x000000f18f200000,0x000000f18f300000)]
  0x000001f26e2bd290 JavaThread "Daemon worker" [_thread_blocked, id=9428, stack(0x000000f18f300000,0x000000f18f400000)]
  0x000001f26f43bfb0 JavaThread "Asynchronous log dispatcher for DefaultDaemonConnection: socket connection from /127.0.0.1:49547 to /127.0.0.1:49548" [_thread_blocked, id=5244, stack(0x000000f18f400000,0x000000f18f500000)]
  0x000001f26f43d900 JavaThread "Stdin handler" [_thread_blocked, id=15184, stack(0x000000f18f500000,0x000000f18f600000)]
  0x000001f26f43c4c0 JavaThread "Daemon client event forwarder" [_thread_blocked, id=16500, stack(0x000000f18f600000,0x000000f18f700000)]
  0x000001f26f43c9d0 JavaThread "Cache worker for journal cache (C:\Users\julia\.gradle\caches\journal-1)" [_thread_blocked, id=17736, stack(0x000000f18f800000,0x000000f18f900000)]
  0x000001f26f43baa0 JavaThread "File lock request listener" [_thread_in_native, id=15336, stack(0x000000f18f900000,0x000000f18fa00000)]
  0x000001f26f43d3f0 JavaThread "Cache worker for file hash cache (C:\Users\julia\.gradle\caches\8.2\fileHashes)" [_thread_blocked, id=14620, stack(0x000000f18fb00000,0x000000f18fc00000)]
  0x000001f26f43e830 JavaThread "File watcher server" daemon [_thread_in_native, id=15836, stack(0x000000f18fd00000,0x000000f18fe00000)]
  0x000001f26f43ed40 JavaThread "File watcher consumer" daemon [_thread_blocked, id=17320, stack(0x000000f18fe00000,0x000000f18ff00000)]
  0x000001f26f43b590 JavaThread "Cache worker for checksums cache (C:\Users\julia\Documents\bolas\Balls-Game\android\build\.gradle\8.2\checksums)" [_thread_blocked, id=15612, stack(0x000000f18ff00000,0x000000f190000000)]
  0x000001f270536c50 JavaThread "Cache worker for cache directory md-rule (C:\Users\julia\.gradle\caches\8.2\md-rule)" [_thread_blocked, id=12644, stack(0x000000f190000000,0x000000f190100000)]
  0x000001f270534df0 JavaThread "Cache worker for file content cache (C:\Users\julia\.gradle\caches\8.2\fileContent)" [_thread_blocked, id=8744, stack(0x000000f190100000,0x000000f190200000)]
  0x000001f270538090 JavaThread "Cache worker for file hash cache (C:\Users\julia\Documents\bolas\Balls-Game\android\build\.gradle\8.2\fileHashes)" [_thread_blocked, id=15636, stack(0x000000f190300000,0x000000f190400000)]
  0x000001f2705348e0 JavaThread "Cache worker for cache directory md-supplier (C:\Users\julia\.gradle\caches\8.2\md-supplier)" [_thread_blocked, id=12444, stack(0x000000f190400000,0x000000f190500000)]
  0x000001f270537160 JavaThread "Cache worker for execution history cache (C:\Users\julia\.gradle\caches\8.2\executionHistory)" [_thread_blocked, id=17516, stack(0x000000f190500000,0x000000f190600000)]
  0x000001f270538ab0 JavaThread "jar transforms" [_thread_blocked, id=5396, stack(0x000000f190600000,0x000000f190700000)]
  0x000001f270536230 JavaThread "jar transforms Thread 2" [_thread_blocked, id=16840, stack(0x000000f190700000,0x000000f190800000)]
  0x000001f2705399e0 JavaThread "jar transforms Thread 3" [_thread_blocked, id=6936, stack(0x000000f190800000,0x000000f190900000)]
  0x000001f270539ef0 JavaThread "jar transforms Thread 4" [_thread_blocked, id=13856, stack(0x000000f190900000,0x000000f190a00000)]
  0x000001f270536740 JavaThread "Cache worker for dependencies-accessors (C:\Users\julia\Documents\bolas\Balls-Game\android\build\.gradle\8.2\dependencies-accessors)" [_thread_blocked, id=17832, stack(0x000000f190a00000,0x000000f190b00000)]
  0x000001f27053b840 JavaThread "jar transforms Thread 5" [_thread_blocked, id=16244, stack(0x000000f190b00000,0x000000f190c00000)]
  0x000001f27053a400 JavaThread "Cache worker for Build Output Cleanup Cache (C:\Users\julia\Documents\bolas\Balls-Game\android\build\.gradle\buildOutputCleanup)" [_thread_blocked, id=2380, stack(0x000000f18fc00000,0x000000f18fd00000)]
  0x000001f27053a910 JavaThread "Unconstrained build operations" [_thread_blocked, id=6896, stack(0x000000f191100000,0x000000f191200000)]
  0x000001f27053bd50 JavaThread "Unconstrained build operations Thread 2" [_thread_blocked, id=14796, stack(0x000000f191200000,0x000000f191300000)]
  0x000001f27053b330 JavaThread "Unconstrained build operations Thread 3" [_thread_blocked, id=2432, stack(0x000000f191300000,0x000000f191400000)]
  0x000001f27053c260 JavaThread "Unconstrained build operations Thread 4" [_thread_blocked, id=9396, stack(0x000000f191400000,0x000000f191500000)]
  0x000001f2696691b0 JavaThread "Unconstrained build operations Thread 5" [_thread_blocked, id=2056, stack(0x000000f191500000,0x000000f191600000)]
  0x000001f269667d70 JavaThread "Unconstrained build operations Thread 6" [_thread_blocked, id=10556, stack(0x000000f191600000,0x000000f191700000)]
  0x000001f2696696c0 JavaThread "Unconstrained build operations Thread 7" [_thread_blocked, id=17864, stack(0x000000f191700000,0x000000f191800000)]
  0x000001f269667860 JavaThread "jar transforms Thread 6" [_thread_blocked, id=12304, stack(0x000000f191800000,0x000000f191900000)]
  0x000001f269665f10 JavaThread "jar transforms Thread 7" [_thread_blocked, id=3424, stack(0x000000f191900000,0x000000f191a00000)]
  0x000001f269669bd0 JavaThread "jar transforms Thread 8" [_thread_blocked, id=12648, stack(0x000000f191a00000,0x000000f191b00000)]
  0x000001f269668790 JavaThread "Memory manager" [_thread_blocked, id=12200, stack(0x000000f191b00000,0x000000f191c00000)]
  0x000001f269667350 JavaThread "build event listener" [_thread_blocked, id=13336, stack(0x000000f191c00000,0x000000f191d00000)]
  0x000001f26e2bc870 JavaThread "pool-3-thread-1" [_thread_blocked, id=1540, stack(0x000000f191d00000,0x000000f191e00000)]
  0x000001f26e2bdcb0 JavaThread "build event listener" [_thread_blocked, id=14764, stack(0x000000f191e00000,0x000000f191f00000)]
  0x000001f26e2bc360 JavaThread "included builds" [_thread_blocked, id=13020, stack(0x000000f191f00000,0x000000f192000000)]
  0x000001f26e2bd7a0 JavaThread "Execution worker" [_thread_blocked, id=10544, stack(0x000000f192000000,0x000000f192100000)]
  0x000001f26966c450 JavaThread "Execution worker Thread 2" [_thread_blocked, id=10652, stack(0x000000f192100000,0x000000f192200000)]
  0x000001f26966d380 JavaThread "Execution worker Thread 3" [_thread_blocked, id=16456, stack(0x000000f192200000,0x000000f192300000)]
  0x000001f26f43de10 JavaThread "Execution worker Thread 4" [_thread_blocked, id=14144, stack(0x000000f192300000,0x000000f192400000)]
  0x000001f273389de0 JavaThread "Execution worker Thread 5" [_thread_blocked, id=9540, stack(0x000000f192400000,0x000000f192500000)]
  0x000001f27338c150 JavaThread "Execution worker Thread 6" [_thread_blocked, id=14152, stack(0x000000f192500000,0x000000f192600000)]
  0x000001f27338a2f0 JavaThread "Execution worker Thread 7" [_thread_blocked, id=320, stack(0x000000f192600000,0x000000f192700000)]
  0x000001f27338a800 JavaThread "Cache worker for execution history cache (C:\Users\julia\Documents\bolas\Balls-Game\android\build\.gradle\8.2\executionHistory)" [_thread_blocked, id=13444, stack(0x000000f192700000,0x000000f192800000)]
  0x000001f27338bc40 JavaThread "Unconstrained build operations Thread 8" [_thread_blocked, id=2820, stack(0x000000f192800000,0x000000f192900000)]
  0x000001f27338c660 JavaThread "Unconstrained build operations Thread 9" [_thread_blocked, id=3380, stack(0x000000f192900000,0x000000f192a00000)]
  0x000001f27338ad10 JavaThread "Unconstrained build operations Thread 10" [_thread_blocked, id=5140, stack(0x000000f192a00000,0x000000f192b00000)]
  0x000001f273388eb0 JavaThread "Unconstrained build operations Thread 11" [_thread_blocked, id=13668, stack(0x000000f192b00000,0x000000f192c00000)]
  0x000001f27338cb70 JavaThread "Unconstrained build operations Thread 12" [_thread_blocked, id=10504, stack(0x000000f192c00000,0x000000f192d00000)]
  0x000001f27338b220 JavaThread "Unconstrained build operations Thread 13" [_thread_blocked, id=1852, stack(0x000000f192d00000,0x000000f192e00000)]
  0x000001f2733893c0 JavaThread "Unconstrained build operations Thread 14" [_thread_blocked, id=3468, stack(0x000000f192e00000,0x000000f192f00000)]

Other Threads:
=>0x000001f269075920 VMThread "VM Thread" [stack: 0x000000f18da00000,0x000000f18db00000] [id=17684]
  0x000001f244fa1620 WatcherThread [stack: 0x000000f18e600000,0x000000f18e700000] [id=14112]
  0x000001f24500e680 GCTaskThread "GC Thread#0" [stack: 0x000000f18d500000,0x000000f18d600000] [id=10404]
  0x000001f269664d80 GCTaskThread "GC Thread#1" [stack: 0x000000f18e800000,0x000000f18e900000] [id=1184]
  0x000001f269512c30 GCTaskThread "GC Thread#2" [stack: 0x000000f18e900000,0x000000f18ea00000] [id=10392]
  0x000001f269bc0fd0 GCTaskThread "GC Thread#3" [stack: 0x000000f18ea00000,0x000000f18eb00000] [id=14612]
  0x000001f269c037f0 GCTaskThread "GC Thread#4" [stack: 0x000000f18eb00000,0x000000f18ec00000] [id=15628]
  0x000001f26fc0ebe0 GCTaskThread "GC Thread#5" [stack: 0x000000f18e700000,0x000000f18e800000] [id=10224]
  0x000001f26fc0e3a0 GCTaskThread "GC Thread#6" [stack: 0x000000f18ec00000,0x000000f18ed00000] [id=16540]
  0x000001f26fc0e0e0 GCTaskThread "GC Thread#7" [stack: 0x000000f18f700000,0x000000f18f800000] [id=16968]
  0x000001f245013ba0 ConcurrentGCThread "G1 Main Marker" [stack: 0x000000f18d600000,0x000000f18d700000] [id=10940]
  0x000001f245014af0 ConcurrentGCThread "G1 Conc#0" [stack: 0x000000f18d700000,0x000000f18d800000] [id=12556]
  0x000001f26fc0d8a0 ConcurrentGCThread "G1 Conc#1" [stack: 0x000000f190200000,0x000000f190300000] [id=16448]
  0x000001f268f34ba0 ConcurrentGCThread "G1 Refine#0" [stack: 0x000000f18d800000,0x000000f18d900000] [id=18032]
  0x000001f2703af820 ConcurrentGCThread "G1 Refine#1" [stack: 0x000000f190d00000,0x000000f190e00000] [id=11404]
  0x000001f2703ae390 ConcurrentGCThread "G1 Refine#2" [stack: 0x000000f190e00000,0x000000f190f00000] [id=16764]
  0x000001f2703afb10 ConcurrentGCThread "G1 Refine#3" [stack: 0x000000f190f00000,0x000000f191000000] [id=15548]
  0x000001f2703b0cb0 ConcurrentGCThread "G1 Refine#4" [stack: 0x000000f191000000,0x000000f191100000] [id=16292]
  0x000001f268f36390 ConcurrentGCThread "G1 Service" [stack: 0x000000f18d900000,0x000000f18da00000] [id=5132]

Threads with active compile tasks:

VM state: at safepoint (normal execution)

VM Mutex/Monitor currently owned by a thread:  ([mutex/lock_event])
[0x000001f242ce1cf0] Threads_lock - owner thread: 0x000001f269075920
[0x000001f244f9e510] Heap_lock - owner thread: 0x000001f27338bc40

Heap address: 0x00000006e4800000, size: 4536 MB, Compressed Oops mode: Zero based, Oop shift amount: 3

CDS archive(s) mapped at: [0x000001f200000000-0x000001f200bb0000-0x000001f200bb0000), size 12255232, SharedBaseAddress: 0x000001f200000000, ArchiveRelocationMode: 1.
Compressed class space mapped at: 0x000001f201000000-0x000001f241000000, reserved size: 1073741824
Narrow klass base: 0x000001f200000000, Narrow klass shift: 0, Narrow klass range: 0x100000000

GC Precious Log:
 CPUs: 8 total, 8 available
 Memory: 10182M
 Large Page Support: Disabled
 NUMA Support: Disabled
 Compressed Oops: Enabled (Zero based)
 Heap Region Size: 4M
 Heap Min Capacity: 8M
 Heap Initial Capacity: 160M
 Heap Max Capacity: 4536M
 Pre-touch: Disabled
 Parallel Workers: 8
 Concurrent Workers: 2
 Concurrent Refinement Workers: 8
 Periodic GC: Disabled

Heap:
 garbage-first heap   total 671744K, used 281116K [0x00000006e4800000, 0x0000000800000000)
  region size 4096K, 1 young (4096K), 1 survivors (4096K)
 Metaspace       used 88060K, committed 88768K, reserved 1179648K
  class space    used 12226K, committed 12544K, reserved 1048576K

Heap Regions: E=young(eden), S=young(survivor), O=old, HS=humongous(starts), HC=humongous(continues), CS=collection set, F=free, OA=open archive, CA=closed archive, TAMS=top-at-mark-start (previous, next)
|   0|0x00000006e4800000, 0x00000006e4c00000, 0x00000006e4c00000|100%|HS|  |TAMS 0x00000006e4c00000, 0x00000006e4c00000| Complete 
|   1|0x00000006e4c00000, 0x00000006e5000000, 0x00000006e5000000|100%| O|  |TAMS 0x00000006e5000000, 0x00000006e5000000| Untracked 
|   2|0x00000006e5000000, 0x00000006e5400000, 0x00000006e5400000|100%| O|  |TAMS 0x00000006e5400000, 0x00000006e5400000| Untracked 
|   3|0x00000006e5400000, 0x00000006e5800000, 0x00000006e5800000|100%| O|  |TAMS 0x00000006e5800000, 0x00000006e5800000| Untracked 
|   4|0x00000006e5800000, 0x00000006e5c00000, 0x00000006e5c00000|100%| O|  |TAMS 0x00000006e5c00000, 0x00000006e5c00000| Untracked 
|   5|0x00000006e5c00000, 0x00000006e6000000, 0x00000006e6000000|100%|HS|  |TAMS 0x00000006e6000000, 0x00000006e6000000| Complete 
|   6|0x00000006e6000000, 0x00000006e6400000, 0x00000006e6400000|100%| O|  |TAMS 0x00000006e6400000, 0x00000006e6400000| Untracked 
|   7|0x00000006e6400000, 0x00000006e6800000, 0x00000006e6800000|100%| O|  |TAMS 0x00000006e6800000, 0x00000006e6800000| Untracked 
|   8|0x00000006e6800000, 0x00000006e6c00000, 0x00000006e6c00000|100%| O|  |TAMS 0x00000006e6c00000, 0x00000006e6c00000| Untracked 
|   9|0x00000006e6c00000, 0x00000006e7000000, 0x00000006e7000000|100%| O|  |TAMS 0x00000006e7000000, 0x00000006e7000000| Untracked 
|  10|0x00000006e7000000, 0x00000006e7400000, 0x00000006e7400000|100%| O|  |TAMS 0x00000006e7400000, 0x00000006e7400000| Untracked 
|  11|0x00000006e7400000, 0x00000006e7800000, 0x00000006e7800000|100%| O|  |TAMS 0x00000006e7800000, 0x00000006e7800000| Untracked 
|  12|0x00000006e7800000, 0x00000006e7c00000, 0x00000006e7c00000|100%| O|  |TAMS 0x00000006e7c00000, 0x00000006e7c00000| Untracked 
|  13|0x00000006e7c00000, 0x00000006e8000000, 0x00000006e8000000|100%| O|  |TAMS 0x00000006e8000000, 0x00000006e8000000| Untracked 
|  14|0x00000006e8000000, 0x00000006e8400000, 0x00000006e8400000|100%| O|  |TAMS 0x00000006e8400000, 0x00000006e8400000| Untracked 
|  15|0x00000006e8400000, 0x00000006e8800000, 0x00000006e8800000|100%|HS|  |TAMS 0x00000006e8800000, 0x00000006e8800000| Complete 
|  16|0x00000006e8800000, 0x00000006e8c00000, 0x00000006e8c00000|100%| O|  |TAMS 0x00000006e8c00000, 0x00000006e8c00000| Untracked 
|  17|0x00000006e8c00000, 0x00000006e9000000, 0x00000006e9000000|100%| O|  |TAMS 0x00000006e9000000, 0x00000006e9000000| Untracked 
|  18|0x00000006e9000000, 0x00000006e9400000, 0x00000006e9400000|100%| O|  |TAMS 0x00000006e9400000, 0x00000006e9400000| Untracked 
|  19|0x00000006e9400000, 0x00000006e9800000, 0x00000006e9800000|100%| O|  |TAMS 0x00000006e9800000, 0x00000006e9800000| Untracked 
|  20|0x00000006e9800000, 0x00000006e9c00000, 0x00000006e9c00000|100%| O|  |TAMS 0x00000006e9c00000, 0x00000006e9c00000| Untracked 
|  21|0x00000006e9c00000, 0x00000006ea000000, 0x00000006ea000000|100%| O|  |TAMS 0x00000006ea000000, 0x00000006ea000000| Untracked 
|  22|0x00000006ea000000, 0x00000006ea400000, 0x00000006ea400000|100%| O|  |TAMS 0x00000006ea400000, 0x00000006ea400000| Untracked 
|  23|0x00000006ea400000, 0x00000006ea800000, 0x00000006ea800000|100%| O|  |TAMS 0x00000006ea800000, 0x00000006ea800000| Untracked 
|  24|0x00000006ea800000, 0x00000006eac00000, 0x00000006eac00000|100%| O|  |TAMS 0x00000006eac00000, 0x00000006eac00000| Untracked 
|  25|0x00000006eac00000, 0x00000006eace2200, 0x00000006eb000000| 22%| O|  |TAMS 0x00000006eace2200, 0x00000006eace2200| Untracked 
|  26|0x00000006eb000000, 0x00000006eb000000, 0x00000006eb400000|  0%| F|  |TAMS 0x00000006eb000000, 0x00000006eb000000| Untracked 
|  27|0x00000006eb400000, 0x00000006eb400000, 0x00000006eb800000|  0%| F|  |TAMS 0x00000006eb400000, 0x00000006eb400000| Untracked 
|  28|0x00000006eb800000, 0x00000006ebc00000, 0x00000006ebc00000|100%|HS|  |TAMS 0x00000006eb800000, 0x00000006ebc00000| Complete 
|  29|0x00000006ebc00000, 0x00000006ec000000, 0x00000006ec000000|100%|HC|  |TAMS 0x00000006ebc00000, 0x00000006ec000000| Complete 
|  30|0x00000006ec000000, 0x00000006ec400000, 0x00000006ec400000|100%|HC|  |TAMS 0x00000006ec000000, 0x00000006ec400000| Complete 
|  31|0x00000006ec400000, 0x00000006ec400000, 0x00000006ec800000|  0%| F|  |TAMS 0x00000006ec400000, 0x00000006ec400000| Untracked 
|  32|0x00000006ec800000, 0x00000006ecc00000, 0x00000006ecc00000|100%|HS|  |TAMS 0x00000006ecc00000, 0x00000006ecc00000| Complete 
|  33|0x00000006ecc00000, 0x00000006ed000000, 0x00000006ed000000|100%|HC|  |TAMS 0x00000006ed000000, 0x00000006ed000000| Complete 
|  34|0x00000006ed000000, 0x00000006ed400000, 0x00000006ed400000|100%|HS|  |TAMS 0x00000006ed400000, 0x00000006ed400000| Complete 
|  35|0x00000006ed400000, 0x00000006ed800000, 0x00000006ed800000|100%|HC|  |TAMS 0x00000006ed800000, 0x00000006ed800000| Complete 
|  36|0x00000006ed800000, 0x00000006edc00000, 0x00000006edc00000|100%|HC|  |TAMS 0x00000006edc00000, 0x00000006edc00000| Complete 
|  37|0x00000006edc00000, 0x00000006ee000000, 0x00000006ee000000|100%|HC|  |TAMS 0x00000006ee000000, 0x00000006ee000000| Complete 
|  38|0x00000006ee000000, 0x00000006ee400000, 0x00000006ee400000|100%|HC|  |TAMS 0x00000006ee400000, 0x00000006ee400000| Complete 
|  39|0x00000006ee400000, 0x00000006ee800000, 0x00000006ee800000|100%|HC|  |TAMS 0x00000006ee800000, 0x00000006ee800000| Complete 
|  40|0x00000006ee800000, 0x00000006eec00000, 0x00000006eec00000|100%|HC|  |TAMS 0x00000006eec00000, 0x00000006eec00000| Complete 
|  41|0x00000006eec00000, 0x00000006ef000000, 0x00000006ef000000|100%|HC|  |TAMS 0x00000006ef000000, 0x00000006ef000000| Complete 
|  42|0x00000006ef000000, 0x00000006ef400000, 0x00000006ef400000|100%|HC|  |TAMS 0x00000006ef400000, 0x00000006ef400000| Complete 
|  43|0x00000006ef400000, 0x00000006ef800000, 0x00000006ef800000|100%|HC|  |TAMS 0x00000006ef800000, 0x00000006ef800000| Complete 
|  44|0x00000006ef800000, 0x00000006efc00000, 0x00000006efc00000|100%|HC|  |TAMS 0x00000006efc00000, 0x00000006efc00000| Complete 
|  45|0x00000006efc00000, 0x00000006f0000000, 0x00000006f0000000|100%|HC|  |TAMS 0x00000006f0000000, 0x00000006f0000000| Complete 
|  46|0x00000006f0000000, 0x00000006f0400000, 0x00000006f0400000|100%|HC|  |TAMS 0x00000006f0400000, 0x00000006f0400000| Complete 
|  47|0x00000006f0400000, 0x00000006f0800000, 0x00000006f0800000|100%|HC|  |TAMS 0x00000006f0800000, 0x00000006f0800000| Complete 
|  48|0x00000006f0800000, 0x00000006f0c00000, 0x00000006f0c00000|100%|HC|  |TAMS 0x00000006f0c00000, 0x00000006f0c00000| Complete 
|  49|0x00000006f0c00000, 0x00000006f1000000, 0x00000006f1000000|100%|HC|  |TAMS 0x00000006f1000000, 0x00000006f1000000| Complete 
|  50|0x00000006f1000000, 0x00000006f1400000, 0x00000006f1400000|100%|HS|  |TAMS 0x00000006f1400000, 0x00000006f1400000| Complete 
|  51|0x00000006f1400000, 0x00000006f1800000, 0x00000006f1800000|100%|HC|  |TAMS 0x00000006f1800000, 0x00000006f1800000| Complete 
|  52|0x00000006f1800000, 0x00000006f1c00000, 0x00000006f1c00000|100%|HS|  |TAMS 0x00000006f1800000, 0x00000006f1c00000| Complete 
|  53|0x00000006f1c00000, 0x00000006f2000000, 0x00000006f2000000|100%|HC|  |TAMS 0x00000006f1c00000, 0x00000006f2000000| Complete 
|  54|0x00000006f2000000, 0x00000006f2400000, 0x00000006f2400000|100%|HC|  |TAMS 0x00000006f2000000, 0x00000006f2400000| Complete 
|  55|0x00000006f2400000, 0x00000006f2800000, 0x00000006f2800000|100%|HC|  |TAMS 0x00000006f2400000, 0x00000006f2800000| Complete 
|  56|0x00000006f2800000, 0x00000006f2c00000, 0x00000006f2c00000|100%|HC|  |TAMS 0x00000006f2800000, 0x00000006f2c00000| Complete 
|  57|0x00000006f2c00000, 0x00000006f3000000, 0x00000006f3000000|100%|HC|  |TAMS 0x00000006f2c00000, 0x00000006f3000000| Complete 
|  58|0x00000006f3000000, 0x00000006f3400000, 0x00000006f3400000|100%|HC|  |TAMS 0x00000006f3000000, 0x00000006f3400000| Complete 
|  59|0x00000006f3400000, 0x00000006f3800000, 0x00000006f3800000|100%|HC|  |TAMS 0x00000006f3400000, 0x00000006f3800000| Complete 
|  60|0x00000006f3800000, 0x00000006f3c00000, 0x00000006f3c00000|100%|HC|  |TAMS 0x00000006f3800000, 0x00000006f3c00000| Complete 
|  61|0x00000006f3c00000, 0x00000006f4000000, 0x00000006f4000000|100%|HC|  |TAMS 0x00000006f3c00000, 0x00000006f4000000| Complete 
|  62|0x00000006f4000000, 0x00000006f4400000, 0x00000006f4400000|100%|HC|  |TAMS 0x00000006f4000000, 0x00000006f4400000| Complete 
|  63|0x00000006f4400000, 0x00000006f4800000, 0x00000006f4800000|100%|HC|  |TAMS 0x00000006f4400000, 0x00000006f4800000| Complete 
|  64|0x00000006f4800000, 0x00000006f4c00000, 0x00000006f4c00000|100%|HC|  |TAMS 0x00000006f4800000, 0x00000006f4c00000| Complete 
|  65|0x00000006f4c00000, 0x00000006f5000000, 0x00000006f5000000|100%|HC|  |TAMS 0x00000006f4c00000, 0x00000006f5000000| Complete 
|  66|0x00000006f5000000, 0x00000006f5400000, 0x00000006f5400000|100%|HC|  |TAMS 0x00000006f5000000, 0x00000006f5400000| Complete 
|  67|0x00000006f5400000, 0x00000006f5800000, 0x00000006f5800000|100%|HC|  |TAMS 0x00000006f5400000, 0x00000006f5800000| Complete 
|  68|0x00000006f5800000, 0x00000006f5c00000, 0x00000006f5c00000|100%|HC|  |TAMS 0x00000006f5800000, 0x00000006f5c00000| Complete 
|  69|0x00000006f5c00000, 0x00000006f6000000, 0x00000006f6000000|100%|HC|  |TAMS 0x00000006f5c00000, 0x00000006f6000000| Complete 
|  70|0x00000006f6000000, 0x00000006f6400000, 0x00000006f6400000|100%|HS|  |TAMS 0x00000006f6000000, 0x00000006f6400000| Complete 
|  71|0x00000006f6400000, 0x00000006f6800000, 0x00000006f6800000|100%|HC|  |TAMS 0x00000006f6400000, 0x00000006f6800000| Complete 
|  72|0x00000006f6800000, 0x00000006f6800000, 0x00000006f6c00000|  0%| F|  |TAMS 0x00000006f6800000, 0x00000006f6800000| Untracked 
|  73|0x00000006f6c00000, 0x00000006f6c00000, 0x00000006f7000000|  0%| F|  |TAMS 0x00000006f6c00000, 0x00000006f6c00000| Untracked 
|  74|0x00000006f7000000, 0x00000006f7000000, 0x00000006f7400000|  0%| F|  |TAMS 0x00000006f7000000, 0x00000006f7000000| Untracked 
|  75|0x00000006f7400000, 0x00000006f7400000, 0x00000006f7800000|  0%| F|  |TAMS 0x00000006f7400000, 0x00000006f7400000| Untracked 
|  76|0x00000006f7800000, 0x00000006f7800000, 0x00000006f7c00000|  0%| F|  |TAMS 0x00000006f7800000, 0x00000006f7800000| Untracked 
|  77|0x00000006f7c00000, 0x00000006f7c00000, 0x00000006f8000000|  0%| F|  |TAMS 0x00000006f7c00000, 0x00000006f7c00000| Untracked 
|  78|0x00000006f8000000, 0x00000006f8000000, 0x00000006f8400000|  0%| F|  |TAMS 0x00000006f8000000, 0x00000006f8000000| Untracked 
|  79|0x00000006f8400000, 0x00000006f8400000, 0x00000006f8800000|  0%| F|  |TAMS 0x00000006f8400000, 0x00000006f8400000| Untracked 
|  80|0x00000006f8800000, 0x00000006f8800000, 0x00000006f8c00000|  0%| F|  |TAMS 0x00000006f8800000, 0x00000006f8800000| Untracked 
|  81|0x00000006f8c00000, 0x00000006f8c00000, 0x00000006f9000000|  0%| F|  |TAMS 0x00000006f8c00000, 0x00000006f8c00000| Untracked 
|  82|0x00000006f9000000, 0x00000006f9000000, 0x00000006f9400000|  0%| F|  |TAMS 0x00000006f9000000, 0x00000006f9000000| Untracked 
|  83|0x00000006f9400000, 0x00000006f9400000, 0x00000006f9800000|  0%| F|  |TAMS 0x00000006f9400000, 0x00000006f9400000| Untracked 
|  84|0x00000006f9800000, 0x00000006f9800000, 0x00000006f9c00000|  0%| F|  |TAMS 0x00000006f9800000, 0x00000006f9800000| Untracked 
|  85|0x00000006f9c00000, 0x00000006f9c00000, 0x00000006fa000000|  0%| F|  |TAMS 0x00000006f9c00000, 0x00000006f9c00000| Untracked 
|  86|0x00000006fa000000, 0x00000006fa000000, 0x00000006fa400000|  0%| F|  |TAMS 0x00000006fa000000, 0x00000006fa000000| Untracked 
|  87|0x00000006fa400000, 0x00000006fa400000, 0x00000006fa800000|  0%| F|  |TAMS 0x00000006fa400000, 0x00000006fa400000| Untracked 
|  88|0x00000006fa800000, 0x00000006fa800000, 0x00000006fac00000|  0%| F|  |TAMS 0x00000006fa800000, 0x00000006fa800000| Untracked 
|  89|0x00000006fac00000, 0x00000006fac00000, 0x00000006fb000000|  0%| F|  |TAMS 0x00000006fac00000, 0x00000006fac00000| Untracked 
|  90|0x00000006fb000000, 0x00000006fb000000, 0x00000006fb400000|  0%| F|  |TAMS 0x00000006fb000000, 0x00000006fb000000| Untracked 
|  91|0x00000006fb400000, 0x00000006fb400000, 0x00000006fb800000|  0%| F|  |TAMS 0x00000006fb400000, 0x00000006fb400000| Untracked 
|  92|0x00000006fb800000, 0x00000006fb800000, 0x00000006fbc00000|  0%| F|  |TAMS 0x00000006fb800000, 0x00000006fb800000| Untracked 
|  93|0x00000006fbc00000, 0x00000006fbc00000, 0x00000006fc000000|  0%| F|  |TAMS 0x00000006fbc00000, 0x00000006fbc00000| Untracked 
|  94|0x00000006fc000000, 0x00000006fc000000, 0x00000006fc400000|  0%| F|  |TAMS 0x00000006fc000000, 0x00000006fc000000| Untracked 
|  95|0x00000006fc400000, 0x00000006fc400000, 0x00000006fc800000|  0%| F|  |TAMS 0x00000006fc400000, 0x00000006fc400000| Untracked 
|  96|0x00000006fc800000, 0x00000006fc800000, 0x00000006fcc00000|  0%| F|  |TAMS 0x00000006fc800000, 0x00000006fc800000| Untracked 
|  97|0x00000006fcc00000, 0x00000006fcc00000, 0x00000006fd000000|  0%| F|  |TAMS 0x00000006fcc00000, 0x00000006fcc00000| Untracked 
|  98|0x00000006fd000000, 0x00000006fd000000, 0x00000006fd400000|  0%| F|  |TAMS 0x00000006fd000000, 0x00000006fd000000| Untracked 
|  99|0x00000006fd400000, 0x00000006fd400000, 0x00000006fd800000|  0%| F|  |TAMS 0x00000006fd400000, 0x00000006fd400000| Untracked 
| 100|0x00000006fd800000, 0x00000006fd800000, 0x00000006fdc00000|  0%| F|  |TAMS 0x00000006fd800000, 0x00000006fd800000| Untracked 
| 101|0x00000006fdc00000, 0x00000006fdc00000, 0x00000006fe000000|  0%| F|  |TAMS 0x00000006fdc00000, 0x00000006fdc00000| Untracked 
| 102|0x00000006fe000000, 0x00000006fe000000, 0x00000006fe400000|  0%| F|  |TAMS 0x00000006fe000000, 0x00000006fe000000| Untracked 
| 103|0x00000006fe400000, 0x00000006fe400000, 0x00000006fe800000|  0%| F|  |TAMS 0x00000006fe400000, 0x00000006fe400000| Untracked 
| 104|0x00000006fe800000, 0x00000006fe800000, 0x00000006fec00000|  0%| F|  |TAMS 0x00000006fe800000, 0x00000006fe800000| Untracked 
| 105|0x00000006fec00000, 0x00000006fec00000, 0x00000006ff000000|  0%| F|  |TAMS 0x00000006fec00000, 0x00000006fec00000| Untracked 
| 106|0x00000006ff000000, 0x00000006ff000000, 0x00000006ff400000|  0%| F|  |TAMS 0x00000006ff000000, 0x00000006ff000000| Untracked 
| 107|0x00000006ff400000, 0x00000006ff400000, 0x00000006ff800000|  0%| F|  |TAMS 0x00000006ff400000, 0x00000006ff400000| Untracked 
| 108|0x00000006ff800000, 0x00000006ff800000, 0x00000006ffc00000|  0%| F|  |TAMS 0x00000006ff800000, 0x00000006ff800000| Untracked 
| 109|0x00000006ffc00000, 0x00000006ffc00000, 0x0000000700000000|  0%| F|  |TAMS 0x00000006ffc00000, 0x00000006ffc00000| Untracked 
| 110|0x0000000700000000, 0x0000000700000000, 0x0000000700400000|  0%| F|  |TAMS 0x0000000700000000, 0x0000000700000000| Untracked 
| 111|0x0000000700400000, 0x0000000700400000, 0x0000000700800000|  0%| F|  |TAMS 0x0000000700400000, 0x0000000700400000| Untracked 
| 112|0x0000000700800000, 0x0000000700800000, 0x0000000700c00000|  0%| F|  |TAMS 0x0000000700800000, 0x0000000700800000| Untracked 
| 113|0x0000000700c00000, 0x0000000700c00000, 0x0000000701000000|  0%| F|  |TAMS 0x0000000700c00000, 0x0000000700c00000| Untracked 
| 114|0x0000000701000000, 0x0000000701000000, 0x0000000701400000|  0%| F|  |TAMS 0x0000000701000000, 0x0000000701000000| Untracked 
| 115|0x0000000701400000, 0x0000000701400000, 0x0000000701800000|  0%| F|  |TAMS 0x0000000701400000, 0x0000000701400000| Untracked 
| 116|0x0000000701800000, 0x0000000701800000, 0x0000000701c00000|  0%| F|  |TAMS 0x0000000701800000, 0x0000000701800000| Untracked 
| 117|0x0000000701c00000, 0x0000000701c00000, 0x0000000702000000|  0%| F|  |TAMS 0x0000000701c00000, 0x0000000701c00000| Untracked 
| 118|0x0000000702000000, 0x0000000702000000, 0x0000000702400000|  0%| F|  |TAMS 0x0000000702000000, 0x0000000702000000| Untracked 
| 119|0x0000000702400000, 0x0000000702400000, 0x0000000702800000|  0%| F|  |TAMS 0x0000000702400000, 0x0000000702400000| Untracked 
| 120|0x0000000702800000, 0x0000000702800000, 0x0000000702c00000|  0%| F|  |TAMS 0x0000000702800000, 0x0000000702800000| Untracked 
| 121|0x0000000702c00000, 0x0000000702c00000, 0x0000000703000000|  0%| F|  |TAMS 0x0000000702c00000, 0x0000000702c00000| Untracked 
| 122|0x0000000703000000, 0x0000000703000000, 0x0000000703400000|  0%| F|  |TAMS 0x0000000703000000, 0x0000000703000000| Untracked 
| 123|0x0000000703400000, 0x0000000703400000, 0x0000000703800000|  0%| F|  |TAMS 0x0000000703400000, 0x0000000703400000| Untracked 
| 124|0x0000000703800000, 0x0000000703800000, 0x0000000703c00000|  0%| F|  |TAMS 0x0000000703800000, 0x0000000703800000| Untracked 
| 125|0x0000000703c00000, 0x0000000703c00000, 0x0000000704000000|  0%| F|  |TAMS 0x0000000703c00000, 0x0000000703c00000| Untracked 
| 126|0x0000000704000000, 0x0000000704000000, 0x0000000704400000|  0%| F|  |TAMS 0x0000000704000000, 0x0000000704000000| Untracked 
| 127|0x0000000704400000, 0x0000000704400000, 0x0000000704800000|  0%| F|  |TAMS 0x0000000704400000, 0x0000000704400000| Untracked 
| 128|0x0000000704800000, 0x0000000704800000, 0x0000000704c00000|  0%| F|  |TAMS 0x0000000704800000, 0x0000000704800000| Untracked 
| 129|0x0000000704c00000, 0x0000000704c00000, 0x0000000705000000|  0%| F|  |TAMS 0x0000000704c00000, 0x0000000704c00000| Untracked 
| 130|0x0000000705000000, 0x0000000705000000, 0x0000000705400000|  0%| F|  |TAMS 0x0000000705000000, 0x0000000705000000| Untracked 
| 131|0x0000000705400000, 0x0000000705400000, 0x0000000705800000|  0%| F|  |TAMS 0x0000000705400000, 0x0000000705400000| Untracked 
| 132|0x0000000705800000, 0x0000000705800000, 0x0000000705c00000|  0%| F|  |TAMS 0x0000000705800000, 0x0000000705800000| Untracked 
| 133|0x0000000705c00000, 0x0000000705c00000, 0x0000000706000000|  0%| F|  |TAMS 0x0000000705c00000, 0x0000000705c00000| Untracked 
| 134|0x0000000706000000, 0x0000000706000000, 0x0000000706400000|  0%| F|  |TAMS 0x0000000706000000, 0x0000000706000000| Untracked 
| 135|0x0000000706400000, 0x0000000706400000, 0x0000000706800000|  0%| F|  |TAMS 0x0000000706400000, 0x0000000706400000| Untracked 
| 136|0x0000000706800000, 0x0000000706800000, 0x0000000706c00000|  0%| F|  |TAMS 0x0000000706800000, 0x0000000706800000| Untracked 
| 137|0x0000000706c00000, 0x0000000706c00000, 0x0000000707000000|  0%| F|  |TAMS 0x0000000706c00000, 0x0000000706c00000| Untracked 
| 138|0x0000000707000000, 0x0000000707000000, 0x0000000707400000|  0%| F|  |TAMS 0x0000000707000000, 0x0000000707000000| Untracked 
| 139|0x0000000707400000, 0x0000000707400000, 0x0000000707800000|  0%| F|  |TAMS 0x0000000707400000, 0x0000000707400000| Untracked 
| 140|0x0000000707800000, 0x0000000707800000, 0x0000000707c00000|  0%| F|  |TAMS 0x0000000707800000, 0x0000000707800000| Untracked 
| 141|0x0000000707c00000, 0x0000000707c00000, 0x0000000708000000|  0%| F|  |TAMS 0x0000000707c00000, 0x0000000707c00000| Untracked 
| 142|0x0000000708000000, 0x0000000708000000, 0x0000000708400000|  0%| F|  |TAMS 0x0000000708000000, 0x0000000708000000| Untracked 
| 143|0x0000000708400000, 0x0000000708400000, 0x0000000708800000|  0%| F|  |TAMS 0x0000000708400000, 0x0000000708400000| Untracked 
| 144|0x0000000708800000, 0x0000000708800000, 0x0000000708c00000|  0%| F|  |TAMS 0x0000000708800000, 0x0000000708800000| Untracked 
| 145|0x0000000708c00000, 0x0000000708c00000, 0x0000000709000000|  0%| F|  |TAMS 0x0000000708c00000, 0x0000000708c00000| Untracked 
| 146|0x0000000709000000, 0x0000000709000000, 0x0000000709400000|  0%| F|  |TAMS 0x0000000709000000, 0x0000000709000000| Untracked 
| 147|0x0000000709400000, 0x0000000709400000, 0x0000000709800000|  0%| F|  |TAMS 0x0000000709400000, 0x0000000709400000| Untracked 
| 148|0x0000000709800000, 0x0000000709800000, 0x0000000709c00000|  0%| F|  |TAMS 0x0000000709800000, 0x0000000709800000| Untracked 
| 149|0x0000000709c00000, 0x0000000709c00000, 0x000000070a000000|  0%| F|  |TAMS 0x0000000709c00000, 0x0000000709c00000| Untracked 
| 150|0x000000070a000000, 0x000000070a000000, 0x000000070a400000|  0%| F|  |TAMS 0x000000070a000000, 0x000000070a000000| Untracked 
| 151|0x000000070a400000, 0x000000070a400000, 0x000000070a800000|  0%| F|  |TAMS 0x000000070a400000, 0x000000070a400000| Untracked 
| 152|0x000000070a800000, 0x000000070a800000, 0x000000070ac00000|  0%| F|  |TAMS 0x000000070a800000, 0x000000070a800000| Untracked 
| 153|0x000000070ac00000, 0x000000070ac00000, 0x000000070b000000|  0%| F|  |TAMS 0x000000070ac00000, 0x000000070ac00000| Untracked 
| 154|0x000000070b000000, 0x000000070b000000, 0x000000070b400000|  0%| F|  |TAMS 0x000000070b000000, 0x000000070b000000| Untracked 
| 155|0x000000070b400000, 0x000000070b400000, 0x000000070b800000|  0%| F|  |TAMS 0x000000070b400000, 0x000000070b400000| Untracked 
| 156|0x000000070b800000, 0x000000070b800000, 0x000000070bc00000|  0%| F|  |TAMS 0x000000070b800000, 0x000000070b800000| Untracked 
| 157|0x000000070bc00000, 0x000000070bc00000, 0x000000070c000000|  0%| F|  |TAMS 0x000000070bc00000, 0x000000070bc00000| Untracked 
| 158|0x000000070c000000, 0x000000070c000000, 0x000000070c400000|  0%| F|  |TAMS 0x000000070c000000, 0x000000070c000000| Untracked 
| 159|0x000000070c400000, 0x000000070c400000, 0x000000070c800000|  0%| F|  |TAMS 0x000000070c400000, 0x000000070c400000| Untracked 
| 160|0x000000070c800000, 0x000000070c800000, 0x000000070cc00000|  0%| F|  |TAMS 0x000000070c800000, 0x000000070c800000| Untracked 
| 161|0x000000070cc00000, 0x000000070cc00000, 0x000000070d000000|  0%| F|  |TAMS 0x000000070cc00000, 0x000000070cc00000| Untracked 
| 162|0x000000070d000000, 0x000000070d1a5198, 0x000000070d400000| 41%| S|CS|TAMS 0x000000070d000000, 0x000000070d000000| Complete 
| 163|0x000000070d400000, 0x000000070d400000, 0x000000070d800000|  0%| F|  |TAMS 0x000000070d400000, 0x000000070d400000| Untracked 

Card table byte_map: [0x000001f25c6f0000,0x000001f25cfd0000] _byte_map_base: 0x000001f258fcc000

Marking Bits (Prev, Next): (CMBitMap*) 0x000001f24500ebf0, (CMBitMap*) 0x000001f24500ebb0
 Prev Bits: [0x000001f261f90000, 0x000001f266670000)
 Next Bits: [0x000001f25d8b0000, 0x000001f261f90000)

Polling page: 0x000001f244740000

Metaspace:

Usage:
  Non-class:     74.06 MB used.
      Class:     11.94 MB used.
       Both:     86.00 MB used.

Virtual space:
  Non-class space:      128.00 MB reserved,      74.44 MB ( 58%) committed,  2 nodes.
      Class space:        1.00 GB reserved,      12.25 MB (  1%) committed,  1 nodes.
             Both:        1.12 GB reserved,      86.69 MB (  8%) committed. 

Chunk freelists:
   Non-Class:  5.23 MB
       Class:  3.70 MB
        Both:  8.94 MB

MaxMetaspaceSize: unlimited
CompressedClassSpaceSize: 1.00 GB
Initial GC threshold: 21.00 MB
Current GC threshold: 144.50 MB
CDS: on
MetaspaceReclaimPolicy: balanced
 - commit_granule_bytes: 65536.
 - commit_granule_words: 8192.
 - virtual_space_node_default_size: 8388608.
 - enlarge_chunks_in_place: 1.
 - new_chunks_are_fully_committed: 0.
 - uncommit_free_chunks: 1.
 - use_allocation_guard: 0.
 - handle_deallocations: 1.


Internal statistics:

num_allocs_failed_limit: 6.
num_arena_births: 882.
num_arena_deaths: 0.
num_vsnodes_births: 3.
num_vsnodes_deaths: 0.
num_space_committed: 1386.
num_space_uncommitted: 0.
num_chunks_returned_to_freelist: 6.
num_chunks_taken_from_freelist: 4514.
num_chunk_merges: 6.
num_chunk_splits: 2999.
num_chunks_enlarged: 2003.
num_inconsistent_stats: 0.

CodeHeap 'non-profiled nmethods': size=120000Kb used=5971Kb max_used=6041Kb free=114028Kb
 bounds [0x000001f2545b0000, 0x000001f254bc0000, 0x000001f25bae0000]
CodeHeap 'profiled nmethods': size=120000Kb used=17561Kb max_used=17600Kb free=102438Kb
 bounds [0x000001f24cae0000, 0x000001f24dc30000, 0x000001f254010000]
CodeHeap 'non-nmethods': size=5760Kb used=2397Kb max_used=2469Kb free=3362Kb
 bounds [0x000001f254010000, 0x000001f254280000, 0x000001f2545b0000]
 total_blobs=10091 nmethods=9159 adapters=842
 compilation: enabled
              stopped_count=0, restarted_count=0
 full_count=0

Compilation events (20 events):
Event: 19.544 Thread 0x000001f26909c980 10654       4       java.io.PushbackInputStream::read (145 bytes)
Event: 19.547 Thread 0x000001f26909c980 nmethod 10654 0x000001f2547fdb90 code [0x000001f2547fdd20, 0x000001f2547fdfb8]
Event: 19.547 Thread 0x000001f26909c980 10655       4       java.io.FilterInputStream::read (9 bytes)
Event: 19.548 Thread 0x000001f26909c980 nmethod 10655 0x000001f2547fd890 code [0x000001f2547fda00, 0x000001f2547fdab8]
Event: 19.551 Thread 0x000001f26909c980 10656       4       java.util.zip.InflaterInputStream::fill (60 bytes)
Event: 19.555 Thread 0x000001f2692c4a40 10657       4       java.io.FileInputStream::read (8 bytes)
Event: 19.556 Thread 0x000001f2692c4a40 nmethod 10657 0x000001f2547fd590 code [0x000001f2547fd720, 0x000001f2547fd7c8]
Event: 19.557 Thread 0x000001f26909c980 nmethod 10656 0x000001f2547fca10 code [0x000001f2547fcbc0, 0x000001f2547fd1b8]
Event: 19.915 Thread 0x000001f26909c980 10658       4       java.util.concurrent.locks.LockSupport::setBlocker (12 bytes)
Event: 19.917 Thread 0x000001f26909c980 nmethod 10658 0x000001f2547fc710 code [0x000001f2547fc880, 0x000001f2547fc998]
Event: 20.067 Thread 0x000001f26909c980 10659 %     4       kotlin.io.ByteStreamsKt::copyTo @ 27 (60 bytes)
Event: 20.087 Thread 0x000001f26909c980 nmethod 10659% 0x000001f2547fae90 code [0x000001f2547fb080, 0x000001f2547fbed0]
Event: 20.210 Thread 0x000001f26909c980 10660       4       kotlin.io.ByteStreamsKt::copyTo (60 bytes)
Event: 20.239 Thread 0x000001f26909c980 nmethod 10660 0x000001f254764910 code [0x000001f254764b60, 0x000001f254765f10]
Event: 20.859 Thread 0x000001f26909de00 10661       3       java.util.zip.ZipInputStream::getNextEntry (74 bytes)
Event: 20.860 Thread 0x000001f26909de00 nmethod 10661 0x000001f24d59ae90 code [0x000001f24d59b0c0, 0x000001f24d59b8e8]
Event: 20.860 Thread 0x000001f26909de00 10662       3       java.util.zip.CRC32::reset (6 bytes)
Event: 20.860 Thread 0x000001f26909de00 nmethod 10662 0x000001f24d59ab10 code [0x000001f24d59aca0, 0x000001f24d59adb8]
Event: 20.860 Thread 0x000001f26909de00 10663       3       java.util.zip.ZipInputStream::createZipEntry (9 bytes)
Event: 20.860 Thread 0x000001f26909de00 nmethod 10663 0x000001f24d59a710 code [0x000001f24d59a8c0, 0x000001f24d59aa68]

GC Heap History (20 events):
Event: 19.825 GC heap after
{Heap after GC invocations=44 (full 0):
 garbage-first heap   total 344064K, used 149989K [0x00000006e4800000, 0x0000000800000000)
  region size 4096K, 1 young (4096K), 1 survivors (4096K)
 Metaspace       used 88057K, committed 88768K, reserved 1179648K
  class space    used 12226K, committed 12544K, reserved 1048576K
}
Event: 20.097 GC heap before
{Heap before GC invocations=44 (full 0):
 garbage-first heap   total 344064K, used 219621K [0x00000006e4800000, 0x0000000800000000)
  region size 4096K, 2 young (8192K), 1 survivors (4096K)
 Metaspace       used 88057K, committed 88768K, reserved 1179648K
  class space    used 12226K, committed 12544K, reserved 1048576K
}
Event: 20.099 GC heap after
{Heap after GC invocations=45 (full 0):
 garbage-first heap   total 413696K, used 182790K [0x00000006e4800000, 0x0000000800000000)
  region size 4096K, 1 young (4096K), 1 survivors (4096K)
 Metaspace       used 88057K, committed 88768K, reserved 1179648K
  class space    used 12226K, committed 12544K, reserved 1048576K
}
Event: 20.120 GC heap before
{Heap before GC invocations=45 (full 0):
 garbage-first heap   total 413696K, used 248326K [0x00000006e4800000, 0x0000000800000000)
  region size 4096K, 2 young (8192K), 1 survivors (4096K)
 Metaspace       used 88057K, committed 88768K, reserved 1179648K
  class space    used 12226K, committed 12544K, reserved 1048576K
}
Event: 20.122 GC heap after
{Heap after GC invocations=46 (full 0):
 garbage-first heap   total 413696K, used 179679K [0x00000006e4800000, 0x0000000800000000)
  region size 4096K, 1 young (4096K), 1 survivors (4096K)
 Metaspace       used 88057K, committed 88768K, reserved 1179648K
  class space    used 12226K, committed 12544K, reserved 1048576K
}
Event: 20.134 GC heap before
{Heap before GC invocations=46 (full 0):
 garbage-first heap   total 413696K, used 183775K [0x00000006e4800000, 0x0000000800000000)
  region size 4096K, 2 young (8192K), 1 survivors (4096K)
 Metaspace       used 88057K, committed 88768K, reserved 1179648K
  class space    used 12226K, committed 12544K, reserved 1048576K
}
Event: 20.136 GC heap after
{Heap after GC invocations=47 (full 0):
 garbage-first heap   total 413696K, used 182713K [0x00000006e4800000, 0x0000000800000000)
  region size 4096K, 1 young (4096K), 1 survivors (4096K)
 Metaspace       used 88057K, committed 88768K, reserved 1179648K
  class space    used 12226K, committed 12544K, reserved 1048576K
}
Event: 20.155 GC heap before
{Heap before GC invocations=47 (full 0):
 garbage-first heap   total 413696K, used 190905K [0x00000006e4800000, 0x0000000800000000)
  region size 4096K, 2 young (8192K), 1 survivors (4096K)
 Metaspace       used 88057K, committed 88768K, reserved 1179648K
  class space    used 12226K, committed 12544K, reserved 1048576K
}
Event: 20.156 GC heap after
{Heap after GC invocations=48 (full 0):
 garbage-first heap   total 413696K, used 186880K [0x00000006e4800000, 0x0000000800000000)
  region size 4096K, 1 young (4096K), 1 survivors (4096K)
 Metaspace       used 88057K, committed 88768K, reserved 1179648K
  class space    used 12226K, committed 12544K, reserved 1048576K
}
Event: 20.304 GC heap before
{Heap before GC invocations=49 (full 0):
 garbage-first heap   total 438272K, used 252416K [0x00000006e4800000, 0x0000000800000000)
  region size 4096K, 2 young (8192K), 1 survivors (4096K)
 Metaspace       used 88057K, committed 88768K, reserved 1179648K
  class space    used 12226K, committed 12544K, reserved 1048576K
}
Event: 20.306 GC heap after
{Heap after GC invocations=50 (full 0):
 garbage-first heap   total 438272K, used 207299K [0x00000006e4800000, 0x0000000800000000)
  region size 4096K, 1 young (4096K), 1 survivors (4096K)
 Metaspace       used 88057K, committed 88768K, reserved 1179648K
  class space    used 12226K, committed 12544K, reserved 1048576K
}
Event: 20.454 GC heap before
{Heap before GC invocations=51 (full 0):
 garbage-first heap   total 438272K, used 244163K [0x00000006e4800000, 0x0000000800000000)
  region size 4096K, 2 young (8192K), 1 survivors (4096K)
 Metaspace       used 88057K, committed 88768K, reserved 1179648K
  class space    used 12226K, committed 12544K, reserved 1048576K
}
Event: 20.456 GC heap after
{Heap after GC invocations=52 (full 0):
 garbage-first heap   total 438272K, used 223706K [0x00000006e4800000, 0x0000000800000000)
  region size 4096K, 1 young (4096K), 1 survivors (4096K)
 Metaspace       used 88057K, committed 88768K, reserved 1179648K
  class space    used 12226K, committed 12544K, reserved 1048576K
}
Event: 20.717 GC heap before
{Heap before GC invocations=53 (full 0):
 garbage-first heap   total 507904K, used 293338K [0x00000006e4800000, 0x0000000800000000)
  region size 4096K, 2 young (8192K), 1 survivors (4096K)
 Metaspace       used 88057K, committed 88768K, reserved 1179648K
  class space    used 12226K, committed 12544K, reserved 1048576K
}
Event: 20.720 GC heap after
{Heap after GC invocations=54 (full 0):
 garbage-first heap   total 507904K, used 256470K [0x00000006e4800000, 0x0000000800000000)
  region size 4096K, 1 young (4096K), 1 survivors (4096K)
 Metaspace       used 88057K, committed 88768K, reserved 1179648K
  class space    used 12226K, committed 12544K, reserved 1048576K
}
Event: 20.868 GC heap before
{Heap before GC invocations=55 (full 0):
 garbage-first heap   total 671744K, used 465366K [0x00000006e4800000, 0x0000000800000000)
  region size 4096K, 2 young (8192K), 1 survivors (4096K)
 Metaspace       used 88060K, committed 88768K, reserved 1179648K
  class space    used 12226K, committed 12544K, reserved 1048576K
}
Event: 20.872 GC heap after
{Heap after GC invocations=56 (full 0):
 garbage-first heap   total 671744K, used 261557K [0x00000006e4800000, 0x0000000800000000)
  region size 4096K, 1 young (4096K), 1 survivors (4096K)
 Metaspace       used 88060K, committed 88768K, reserved 1179648K
  class space    used 12226K, committed 12544K, reserved 1048576K
}
Event: 20.918 GC heap before
{Heap before GC invocations=56 (full 0):
 garbage-first heap   total 671744K, used 298421K [0x00000006e4800000, 0x0000000800000000)
  region size 4096K, 2 young (8192K), 1 survivors (4096K)
 Metaspace       used 88060K, committed 88768K, reserved 1179648K
  class space    used 12226K, committed 12544K, reserved 1048576K
}
Event: 20.920 GC heap after
{Heap after GC invocations=57 (full 0):
 garbage-first heap   total 671744K, used 272830K [0x00000006e4800000, 0x0000000800000000)
  region size 4096K, 1 young (4096K), 1 survivors (4096K)
 Metaspace       used 88060K, committed 88768K, reserved 1179648K
  class space    used 12226K, committed 12544K, reserved 1048576K
}
Event: 20.966 GC heap before
{Heap before GC invocations=57 (full 0):
 garbage-first heap   total 671744K, used 293310K [0x00000006e4800000, 0x0000000800000000)
  region size 4096K, 2 young (8192K), 1 survivors (4096K)
 Metaspace       used 88060K, committed 88768K, reserved 1179648K
  class space    used 12226K, committed 12544K, reserved 1048576K
}

Dll operation events (15 events):
Event: 0.017 Loaded shared library C:\Program Files\Eclipse Adoptium\jdk-17.0.15.6-hotspot\bin\java.dll
Event: 0.034 Loaded shared library C:\Program Files\Eclipse Adoptium\jdk-17.0.15.6-hotspot\bin\jsvml.dll
Event: 0.095 Loaded shared library C:\Program Files\Eclipse Adoptium\jdk-17.0.15.6-hotspot\bin\zip.dll
Event: 0.100 Loaded shared library C:\Program Files\Eclipse Adoptium\jdk-17.0.15.6-hotspot\bin\instrument.dll
Event: 0.106 Loaded shared library C:\Program Files\Eclipse Adoptium\jdk-17.0.15.6-hotspot\bin\net.dll
Event: 0.109 Loaded shared library C:\Program Files\Eclipse Adoptium\jdk-17.0.15.6-hotspot\bin\nio.dll
Event: 0.113 Loaded shared library C:\Program Files\Eclipse Adoptium\jdk-17.0.15.6-hotspot\bin\zip.dll
Event: 0.404 Loaded shared library C:\Program Files\Eclipse Adoptium\jdk-17.0.15.6-hotspot\bin\jimage.dll
Event: 0.525 Loaded shared library C:\Program Files\Eclipse Adoptium\jdk-17.0.15.6-hotspot\bin\verify.dll
Event: 0.814 Loaded shared library C:\Users\julia\.gradle\native\68d5fa5c4cc2d200863cafc0d521ce42e7d3e7ee720ec0a83991735586a16f82\windows-amd64\native-platform.dll
Event: 0.824 Loaded shared library C:\Users\julia\.gradle\native\e376f236ea51e6404a007f0833ffe2c6e607c4080706a723a18a27aeea778392\windows-amd64\native-platform-file-events.dll
Event: 2.102 Loaded shared library C:\Program Files\Eclipse Adoptium\jdk-17.0.15.6-hotspot\bin\management.dll
Event: 2.107 Loaded shared library C:\Program Files\Eclipse Adoptium\jdk-17.0.15.6-hotspot\bin\management_ext.dll
Event: 2.391 Loaded shared library C:\Program Files\Eclipse Adoptium\jdk-17.0.15.6-hotspot\bin\extnet.dll
Event: 2.719 Loaded shared library C:\Program Files\Eclipse Adoptium\jdk-17.0.15.6-hotspot\bin\sunmscapi.dll

Deoptimization events (20 events):
Event: 19.381 Thread 0x000001f270537160 DEOPT PACKING pc=0x000001f2548ab550 sp=0x000000f1905fe270
Event: 19.381 Thread 0x000001f270537160 DEOPT UNPACKING pc=0x000001f2540669a3 sp=0x000000f1905fe160 mode 2
Event: 19.454 Thread 0x000001f27338bc40 Uncommon trap: trap_request=0xffffffde fr.pc=0x000001f2546dbf00 relative=0x00000000000010a0
Event: 19.454 Thread 0x000001f27338bc40 Uncommon trap: reason=class_check action=maybe_recompile pc=0x000001f2546dbf00 method=java.util.zip.InflaterInputStream.read([BII)I @ 100 c2
Event: 19.454 Thread 0x000001f27338bc40 DEOPT PACKING pc=0x000001f2546dbf00 sp=0x000000f1928fb0e0
Event: 19.454 Thread 0x000001f27338bc40 DEOPT UNPACKING pc=0x000001f2540669a3 sp=0x000000f1928fb130 mode 2
Event: 19.454 Thread 0x000001f27338bc40 Uncommon trap: trap_request=0xffffffde fr.pc=0x000001f2546dbf00 relative=0x00000000000010a0
Event: 19.454 Thread 0x000001f27338bc40 Uncommon trap: reason=class_check action=maybe_recompile pc=0x000001f2546dbf00 method=java.util.zip.InflaterInputStream.read([BII)I @ 100 c2
Event: 19.454 Thread 0x000001f27338bc40 DEOPT PACKING pc=0x000001f2546dbf00 sp=0x000000f1928fb0e0
Event: 19.454 Thread 0x000001f27338bc40 DEOPT UNPACKING pc=0x000001f2540669a3 sp=0x000000f1928fb130 mode 2
Event: 19.454 Thread 0x000001f27338bc40 Uncommon trap: trap_request=0xffffffde fr.pc=0x000001f2546dbf00 relative=0x00000000000010a0
Event: 19.454 Thread 0x000001f27338bc40 Uncommon trap: reason=class_check action=maybe_recompile pc=0x000001f2546dbf00 method=java.util.zip.InflaterInputStream.read([BII)I @ 100 c2
Event: 19.454 Thread 0x000001f27338bc40 DEOPT PACKING pc=0x000001f2546dbf00 sp=0x000000f1928fb0e0
Event: 19.454 Thread 0x000001f27338bc40 DEOPT UNPACKING pc=0x000001f2540669a3 sp=0x000000f1928fb130 mode 2
Event: 19.454 Thread 0x000001f27338bc40 Uncommon trap: trap_request=0xffffffde fr.pc=0x000001f2546dbf00 relative=0x00000000000010a0
Event: 19.454 Thread 0x000001f27338bc40 Uncommon trap: reason=class_check action=maybe_recompile pc=0x000001f2546dbf00 method=java.util.zip.InflaterInputStream.read([BII)I @ 100 c2
Event: 19.454 Thread 0x000001f27338bc40 DEOPT PACKING pc=0x000001f2546dbf00 sp=0x000000f1928fb030
Event: 19.454 Thread 0x000001f27338bc40 DEOPT UNPACKING pc=0x000001f2540669a3 sp=0x000000f1928fb080 mode 2
Event: 20.210 Thread 0x000001f27338bc40 DEOPT PACKING pc=0x000001f24d59cb52 sp=0x000000f1928fb260
Event: 20.210 Thread 0x000001f27338bc40 DEOPT UNPACKING pc=0x000001f254067143 sp=0x000000f1928fa788 mode 0

Classes loaded (20 events):
Event: 18.323 Loading class java/util/HashMap$UnsafeHolder
Event: 18.323 Loading class java/util/HashMap$UnsafeHolder done
Event: 18.377 Loading class java/util/concurrent/ConcurrentLinkedQueue$Itr
Event: 18.377 Loading class java/util/concurrent/ConcurrentLinkedQueue$Itr done
Event: 18.775 Loading class java/nio/file/FileTreeWalker$1
Event: 18.775 Loading class java/nio/file/FileTreeWalker$1 done
Event: 18.839 Loading class java/util/stream/ReferencePipeline$4
Event: 18.840 Loading class java/util/stream/ReferencePipeline$4 done
Event: 18.840 Loading class java/util/function/IntBinaryOperator
Event: 18.840 Loading class java/util/function/IntBinaryOperator done
Event: 18.840 Loading class java/util/stream/ReduceOps$6
Event: 18.841 Loading class java/util/stream/ReduceOps$6 done
Event: 18.841 Loading class java/util/stream/ReduceOps$5ReducingSink
Event: 18.841 Loading class java/util/stream/ReduceOps$5ReducingSink done
Event: 18.841 Loading class java/util/stream/ReferencePipeline$4$1
Event: 18.841 Loading class java/util/stream/ReferencePipeline$4$1 done
Event: 19.450 Loading class java/util/zip/ZipInputStream
Event: 19.451 Loading class java/util/zip/ZipInputStream done
Event: 19.451 Loading class java/io/PushbackInputStream
Event: 19.451 Loading class java/io/PushbackInputStream done

Classes unloaded (0 events):
No events

Classes redefined (0 events):
No events

Internal exceptions (20 events):
Event: 18.162 Thread 0x000001f26e2bd290 Implicit null exception at 0x000001f254b14160 to 0x000001f254b14ad8
Event: 18.162 Thread 0x000001f26e2bd290 Implicit null exception at 0x000001f254b14160 to 0x000001f254b14ad8
Event: 18.277 Thread 0x000001f26e2bd290 Implicit null exception at 0x000001f254b14160 to 0x000001f254b14ad8
Event: 18.278 Thread 0x000001f26e2bd290 Implicit null exception at 0x000001f254b14160 to 0x000001f254b14ad8
Event: 18.307 Thread 0x000001f26e2bd290 Exception <a 'java/lang/NoSuchMethodError'{0x00000006eeeed468}: static Lcom/android/build/gradle/internal/profile/ProjectData;.<clinit>()V> (0x00000006eeeed468) 
thrown [s\src\hotspot\share\prims\jni.cpp, line 1112]
Event: 18.319 Thread 0x000001f26e2bd290 Exception <a 'java/lang/NoSuchMethodError'{0x00000006eef4a620}: static Lcom/android/build/gradle/internal/profile/TaskMetadata;.<clinit>()V> (0x00000006eef4a620) 
thrown [s\src\hotspot\share\prims\jni.cpp, line 1112]
Event: 18.373 Thread 0x000001f26e2bd290 Exception <a 'sun/nio/fs/WindowsException'{0x00000006ee4d57a0}> (0x00000006ee4d57a0) 
thrown [s\src\hotspot\share\prims\jni.cpp, line 516]
Event: 18.471 Thread 0x000001f26966d380 Exception <a 'java/lang/NoSuchMethodError'{0x00000006ee2b7980}: 'void java.lang.invoke.DirectMethodHandle$Holder.invokeInterface(java.lang.Object, java.lang.Object, java.lang.Object, java.lang.Object)'> (0x00000006ee2b7980) 
thrown [s\src\hotspot\share\interpreter\linkResolver.cpp, line 759]
Event: 18.480 Thread 0x000001f26966d380 Exception <a 'java/lang/IncompatibleClassChangeError'{0x00000006ee348658}: Found class java.lang.Object, but interface was expected> (0x00000006ee348658) 
thrown [s\src\hotspot\share\interpreter\linkResolver.cpp, line 826]
Event: 18.506 Thread 0x000001f26966d380 Exception <a 'java/lang/NoSuchMethodError'{0x00000006edd60e08}: 'void java.lang.invoke.DirectMethodHandle$Holder.invokeVirtual(java.lang.Object, java.lang.Object)'> (0x00000006edd60e08) 
thrown [s\src\hotspot\share\interpreter\linkResolver.cpp, line 759]
Event: 18.539 Thread 0x000001f26e2bd7a0 Exception <a 'java/lang/NoSuchMethodError'{0x00000006ee645078}: 'java.lang.Object java.lang.invoke.DirectMethodHandle$Holder.newInvokeSpecial(java.lang.Object, java.lang.Object, java.lang.Object, java.lang.Object, int, java.lang.Object)'> (0x00000006ee645078) 
thrown [s\src\hotspot\share\interpreter\linkResolver.cpp, line 759]
Event: 18.540 Thread 0x000001f26e2bd7a0 Exception <a 'java/lang/NoSuchMethodError'{0x00000006ee6490f0}: 'java.lang.Object java.lang.invoke.Invokers$Holder.linkToTargetMethod(java.lang.Object, java.lang.Object, java.lang.Object, int, java.lang.Object, java.lang.Object)'> (0x00000006ee6490f0) 
thrown [s\src\hotspot\share\interpreter\linkResolver.cpp, line 759]
Event: 18.558 Thread 0x000001f26e2bd7a0 Exception <a 'sun/nio/fs/WindowsException'{0x00000006ede85518}> (0x00000006ede85518) 
thrown [s\src\hotspot\share\prims\jni.cpp, line 516]
Event: 18.575 Thread 0x000001f26966d380 Exception <a 'sun/nio/fs/WindowsException'{0x00000006ede28000}> (0x00000006ede28000) 
thrown [s\src\hotspot\share\prims\jni.cpp, line 516]
Event: 18.587 Thread 0x000001f26966d380 Exception <a 'java/lang/IncompatibleClassChangeError'{0x00000006edf69cb8}: Found class java.lang.Object, but interface was expected> (0x00000006edf69cb8) 
thrown [s\src\hotspot\share\interpreter\linkResolver.cpp, line 826]
Event: 18.788 Thread 0x000001f26966d380 Exception <a 'java/lang/NoSuchMethodError'{0x00000006ed564430}: 'void java.lang.invoke.DirectMethodHandle$Holder.invokeStatic(java.lang.Object, java.lang.Object, java.lang.Object, java.lang.Object, int, java.lang.Object, java.lang.Object)'> (0x00000006ed564430) 
thrown [s\src\hotspot\share\interpreter\linkResolver.cpp, line 759]
Event: 18.823 Thread 0x000001f26966d380 Exception <a 'java/lang/NoSuchMethodError'{0x00000006ed6b1a58}: 'java.lang.Object java.lang.invoke.DirectMethodHandle$Holder.invokeSpecialIFC(java.lang.Object, java.lang.Object, java.lang.Object)'> (0x00000006ed6b1a58) 
thrown [s\src\hotspot\share\interpreter\linkResolver.cpp, line 759]
Event: 18.864 Thread 0x000001f27338cb70 Exception <a 'java/lang/NoSuchMethodError'{0x00000006ed3bacb8}: 'int java.lang.invoke.DirectMethodHandle$Holder.invokeStaticInit(java.lang.Object, java.lang.Object, java.lang.Object, java.lang.Object, java.lang.Object)'> (0x00000006ed3bacb8) 
thrown [s\src\hotspot\share\interpreter\linkResolver.cpp, line 759]
Event: 18.946 Thread 0x000001f27338c660 Implicit null exception at 0x000001f2547c2ff5 to 0x000001f2547c373c
Event: 19.208 Thread 0x000001f27338cb70 Implicit null exception at 0x000001f25485a05c to 0x000001f25485a7ec

VM Operations (20 events):
Event: 20.391 Executing VM operation: G1PauseRemark done
Event: 20.424 Executing VM operation: G1PauseCleanup
Event: 20.424 Executing VM operation: G1PauseCleanup done
Event: 20.454 Executing VM operation: G1TryInitiateConcMark
Event: 20.456 Executing VM operation: G1TryInitiateConcMark done
Event: 20.538 Executing VM operation: G1PauseRemark
Event: 20.542 Executing VM operation: G1PauseRemark done
Event: 20.582 Executing VM operation: G1PauseCleanup
Event: 20.582 Executing VM operation: G1PauseCleanup done
Event: 20.717 Executing VM operation: G1TryInitiateConcMark
Event: 20.720 Executing VM operation: G1TryInitiateConcMark done
Event: 20.802 Executing VM operation: G1PauseRemark
Event: 20.808 Executing VM operation: G1PauseRemark done
Event: 20.840 Executing VM operation: G1PauseCleanup
Event: 20.859 Executing VM operation: G1PauseCleanup done
Event: 20.868 Executing VM operation: G1TryInitiateConcMark
Event: 20.872 Executing VM operation: G1TryInitiateConcMark done
Event: 20.918 Executing VM operation: G1TryInitiateConcMark
Event: 20.920 Executing VM operation: G1TryInitiateConcMark done
Event: 20.966 Executing VM operation: G1TryInitiateConcMark

Memory protections (0 events):
No events

Nmethod flushes (20 events):
Event: 18.170 Thread 0x000001f2690a0ea0 flushing  nmethod 0x000001f24d9ace90
Event: 18.170 Thread 0x000001f2690a0ea0 flushing  nmethod 0x000001f24d9cec10
Event: 18.170 Thread 0x000001f2690a0ea0 flushing  nmethod 0x000001f24d9d3590
Event: 18.170 Thread 0x000001f2690a0ea0 flushing  nmethod 0x000001f24d9e8790
Event: 18.170 Thread 0x000001f2690a0ea0 flushing  nmethod 0x000001f24da56290
Event: 18.170 Thread 0x000001f2690a0ea0 flushing  nmethod 0x000001f24da63190
Event: 18.170 Thread 0x000001f2690a0ea0 flushing  nmethod 0x000001f24da9a390
Event: 18.170 Thread 0x000001f2690a0ea0 flushing  nmethod 0x000001f24da9b790
Event: 18.170 Thread 0x000001f2690a0ea0 flushing  nmethod 0x000001f24da9f290
Event: 18.170 Thread 0x000001f2690a0ea0 flushing  nmethod 0x000001f24daa0290
Event: 18.170 Thread 0x000001f2690a0ea0 flushing  nmethod 0x000001f24daa1490
Event: 18.170 Thread 0x000001f2690a0ea0 flushing  nmethod 0x000001f24daab810
Event: 18.170 Thread 0x000001f2690a0ea0 flushing  nmethod 0x000001f24daaf410
Event: 18.170 Thread 0x000001f2690a0ea0 flushing  nmethod 0x000001f24dac3c90
Event: 18.170 Thread 0x000001f2690a0ea0 flushing  nmethod 0x000001f24dafa090
Event: 18.171 Thread 0x000001f2690a0ea0 flushing  nmethod 0x000001f24db45c90
Event: 18.171 Thread 0x000001f2690a0ea0 flushing  nmethod 0x000001f24db49890
Event: 18.171 Thread 0x000001f2690a0ea0 flushing  nmethod 0x000001f24dba6210
Event: 18.171 Thread 0x000001f2690a0ea0 flushing  nmethod 0x000001f24dba6690
Event: 18.171 Thread 0x000001f2690a0ea0 flushing  nmethod 0x000001f24dba6e10

Events (20 events):
Event: 18.382 Thread 0x000001f26e2bd290 Thread added: 0x000001f26e2bc360
Event: 18.389 Thread 0x000001f26e2bc360 Thread added: 0x000001f26e2bd7a0
Event: 18.389 Thread 0x000001f26e2bc360 Thread added: 0x000001f26966c450
Event: 18.389 Thread 0x000001f26e2bc360 Thread added: 0x000001f26966d380
Event: 18.389 Thread 0x000001f26e2bc360 Thread added: 0x000001f26f43de10
Event: 18.389 Thread 0x000001f26e2bc360 Thread added: 0x000001f273389de0
Event: 18.389 Thread 0x000001f26e2bc360 Thread added: 0x000001f27338c150
Event: 18.390 Thread 0x000001f26e2bc360 Thread added: 0x000001f27338a2f0
Event: 18.419 Thread 0x000001f26966d380 Thread added: 0x000001f27338a800
Event: 18.824 Thread 0x000001f26966d380 Thread added: 0x000001f27338bc40
Event: 18.827 Thread 0x000001f26966d380 Thread added: 0x000001f27338c660
Event: 18.828 Thread 0x000001f26966d380 Thread added: 0x000001f27338ad10
Event: 18.828 Thread 0x000001f26966d380 Thread added: 0x000001f273388eb0
Event: 18.828 Thread 0x000001f26966d380 Thread added: 0x000001f27338cb70
Event: 18.828 Thread 0x000001f26966d380 Thread added: 0x000001f27338b220
Event: 18.828 Thread 0x000001f26966d380 Thread added: 0x000001f2733893c0
Event: 19.382 Thread 0x000001f2692c64d0 Thread exited: 0x000001f2692c64d0
Event: 19.382 Thread 0x000001f270729900 Thread exited: 0x000001f270729900
Event: 19.470 Thread 0x000001f26909de00 Thread added: 0x000001f2692c4a40
Event: 19.915 Thread 0x000001f2692c4a40 Thread exited: 0x000001f2692c4a40


Dynamic libraries:
0x00007ff7d1710000 - 0x00007ff7d171e000 	C:\Program Files\Eclipse Adoptium\jdk-17.0.15.6-hotspot\bin\java.exe
0x00007ff945640000 - 0x00007ff9458a0000 	C:\WINDOWS\SYSTEM32\ntdll.dll
0x00007ff943e80000 - 0x00007ff943f47000 	C:\WINDOWS\System32\KERNEL32.DLL
0x00007ff942b10000 - 0x00007ff942eda000 	C:\WINDOWS\System32\KERNELBASE.dll
0x00007ff93f910000 - 0x00007ff93f9ac000 	C:\WINDOWS\SYSTEM32\apphelp.dll
0x00007ff9431a0000 - 0x00007ff9432eb000 	C:\WINDOWS\System32\ucrtbase.dll
0x00007ff92a9a0000 - 0x00007ff92a9b7000 	C:\Program Files\Eclipse Adoptium\jdk-17.0.15.6-hotspot\bin\jli.dll
0x00007ff9230c0000 - 0x00007ff9230de000 	C:\Program Files\Eclipse Adoptium\jdk-17.0.15.6-hotspot\bin\VCRUNTIME140.dll
0x00007ff945430000 - 0x00007ff9455fc000 	C:\WINDOWS\System32\USER32.dll
0x00007ff92c2b0000 - 0x00007ff92c547000 	C:\WINDOWS\WinSxS\amd64_microsoft.windows.common-controls_6595b64144ccf1df_6.0.26100.3624_none_3e086962e3345f24\COMCTL32.dll
0x00007ff9428d0000 - 0x00007ff9428f7000 	C:\WINDOWS\System32\win32u.dll
0x00007ff945380000 - 0x00007ff945429000 	C:\WINDOWS\System32\msvcrt.dll
0x00007ff943e50000 - 0x00007ff943e7a000 	C:\WINDOWS\System32\GDI32.dll
0x00007ff942ee0000 - 0x00007ff943011000 	C:\WINDOWS\System32\gdi32full.dll
0x00007ff942820000 - 0x00007ff9428c3000 	C:\WINDOWS\System32\msvcp_win.dll
0x00007ff9435a0000 - 0x00007ff9435cf000 	C:\WINDOWS\System32\IMM32.DLL
0x00007ff92a950000 - 0x00007ff92a95c000 	C:\Program Files\Eclipse Adoptium\jdk-17.0.15.6-hotspot\bin\vcruntime140_1.dll
0x00007ff8f2090000 - 0x00007ff8f211d000 	C:\Program Files\Eclipse Adoptium\jdk-17.0.15.6-hotspot\bin\msvcp140.dll
0x00007ff8b1870000 - 0x00007ff8b24db000 	C:\Program Files\Eclipse Adoptium\jdk-17.0.15.6-hotspot\bin\server\jvm.dll
0x00007ff943ad0000 - 0x00007ff943b82000 	C:\WINDOWS\System32\ADVAPI32.dll
0x00007ff9445a0000 - 0x00007ff944646000 	C:\WINDOWS\System32\sechost.dll
0x00007ff945080000 - 0x00007ff945196000 	C:\WINDOWS\System32\RPCRT4.dll
0x00007ff943c10000 - 0x00007ff943c84000 	C:\WINDOWS\System32\WS2_32.dll
0x00007ff942690000 - 0x00007ff9426ee000 	C:\WINDOWS\SYSTEM32\POWRPROF.dll
0x00007ff93b920000 - 0x00007ff93b92b000 	C:\WINDOWS\SYSTEM32\VERSION.dll
0x00007ff93b8e0000 - 0x00007ff93b916000 	C:\WINDOWS\SYSTEM32\WINMM.dll
0x00007ff942670000 - 0x00007ff942684000 	C:\WINDOWS\SYSTEM32\UMPDC.dll
0x00007ff941630000 - 0x00007ff94164a000 	C:\WINDOWS\SYSTEM32\kernel.appcore.dll
0x00007ff920a90000 - 0x00007ff920a9a000 	C:\Program Files\Eclipse Adoptium\jdk-17.0.15.6-hotspot\bin\jimage.dll
0x00007ff93baa0000 - 0x00007ff93bce1000 	C:\WINDOWS\SYSTEM32\DBGHELP.DLL
0x00007ff943fe0000 - 0x00007ff944362000 	C:\WINDOWS\System32\combase.dll
0x00007ff944fa0000 - 0x00007ff945076000 	C:\WINDOWS\System32\OLEAUT32.dll
0x00007ff927ce0000 - 0x00007ff927d19000 	C:\WINDOWS\SYSTEM32\dbgcore.DLL
0x00007ff942900000 - 0x00007ff942999000 	C:\WINDOWS\System32\bcryptPrimitives.dll
0x00007ff91c3d0000 - 0x00007ff91c3de000 	C:\Program Files\Eclipse Adoptium\jdk-17.0.15.6-hotspot\bin\instrument.dll
0x00007ff920a60000 - 0x00007ff920a85000 	C:\Program Files\Eclipse Adoptium\jdk-17.0.15.6-hotspot\bin\java.dll
0x00007ff8f16d0000 - 0x00007ff8f17a7000 	C:\Program Files\Eclipse Adoptium\jdk-17.0.15.6-hotspot\bin\jsvml.dll
0x00007ff944650000 - 0x00007ff944d79000 	C:\WINDOWS\System32\SHELL32.dll
0x00007ff9429a0000 - 0x00007ff942b08000 	C:\WINDOWS\System32\wintypes.dll
0x00007ff940500000 - 0x00007ff940d52000 	C:\WINDOWS\SYSTEM32\windows.storage.dll
0x00007ff944d90000 - 0x00007ff944e7d000 	C:\WINDOWS\System32\SHCORE.dll
0x00007ff944390000 - 0x00007ff9443f4000 	C:\WINDOWS\System32\shlwapi.dll
0x00007ff942730000 - 0x00007ff94275f000 	C:\WINDOWS\SYSTEM32\profapi.dll
0x00007ff91dbe0000 - 0x00007ff91dbf8000 	C:\Program Files\Eclipse Adoptium\jdk-17.0.15.6-hotspot\bin\zip.dll
0x00007ff920990000 - 0x00007ff9209a9000 	C:\Program Files\Eclipse Adoptium\jdk-17.0.15.6-hotspot\bin\net.dll
0x00007ff93b210000 - 0x00007ff93b32d000 	C:\WINDOWS\SYSTEM32\WINHTTP.dll
0x00007ff941b50000 - 0x00007ff941bba000 	C:\WINDOWS\system32\mswsock.dll
0x00007ff91dc00000 - 0x00007ff91dc16000 	C:\Program Files\Eclipse Adoptium\jdk-17.0.15.6-hotspot\bin\nio.dll
0x00007ff920a50000 - 0x00007ff920a60000 	C:\Program Files\Eclipse Adoptium\jdk-17.0.15.6-hotspot\bin\verify.dll
0x00007ff917a50000 - 0x00007ff917a77000 	C:\Users\julia\.gradle\native\68d5fa5c4cc2d200863cafc0d521ce42e7d3e7ee720ec0a83991735586a16f82\windows-amd64\native-platform.dll
0x00007ff8f0260000 - 0x00007ff8f03a4000 	C:\Users\julia\.gradle\native\e376f236ea51e6404a007f0833ffe2c6e607c4080706a723a18a27aeea778392\windows-amd64\native-platform-file-events.dll
0x00007ff920980000 - 0x00007ff92098a000 	C:\Program Files\Eclipse Adoptium\jdk-17.0.15.6-hotspot\bin\management.dll
0x00007ff91dbd0000 - 0x00007ff91dbdb000 	C:\Program Files\Eclipse Adoptium\jdk-17.0.15.6-hotspot\bin\management_ext.dll
0x00007ff944d80000 - 0x00007ff944d88000 	C:\WINDOWS\System32\PSAPI.DLL
0x00007ff941e00000 - 0x00007ff941e1c000 	C:\WINDOWS\SYSTEM32\CRYPTSP.dll
0x00007ff941590000 - 0x00007ff9415ca000 	C:\WINDOWS\system32\rsaenh.dll
0x00007ff941bf0000 - 0x00007ff941c1b000 	C:\WINDOWS\SYSTEM32\USERENV.dll
0x00007ff942700000 - 0x00007ff942726000 	C:\WINDOWS\SYSTEM32\bcrypt.dll
0x00007ff941df0000 - 0x00007ff941dfc000 	C:\WINDOWS\SYSTEM32\CRYPTBASE.dll
0x00007ff941060000 - 0x00007ff941093000 	C:\WINDOWS\SYSTEM32\IPHLPAPI.DLL
0x00007ff943a70000 - 0x00007ff943a7a000 	C:\WINDOWS\System32\NSI.dll
0x00007ff93be40000 - 0x00007ff93be5f000 	C:\WINDOWS\SYSTEM32\dhcpcsvc6.DLL
0x00007ff93be10000 - 0x00007ff93be35000 	C:\WINDOWS\SYSTEM32\dhcpcsvc.DLL
0x00007ff9410f0000 - 0x00007ff941215000 	C:\WINDOWS\SYSTEM32\DNSAPI.dll
0x00007ff91d3f0000 - 0x00007ff91d3f9000 	C:\Program Files\Eclipse Adoptium\jdk-17.0.15.6-hotspot\bin\extnet.dll
0x00007ff919190000 - 0x00007ff91919e000 	C:\Program Files\Eclipse Adoptium\jdk-17.0.15.6-hotspot\bin\sunmscapi.dll
0x00007ff943020000 - 0x00007ff943197000 	C:\WINDOWS\System32\CRYPT32.dll
0x00007ff941ff0000 - 0x00007ff942020000 	C:\WINDOWS\SYSTEM32\ncrypt.dll
0x00007ff941fa0000 - 0x00007ff941fdf000 	C:\WINDOWS\SYSTEM32\NTASN1.dll
0x00007ff915090000 - 0x00007ff915098000 	C:\WINDOWS\system32\wshunix.dll
0x00007ff930d40000 - 0x00007ff930d58000 	C:\WINDOWS\system32\napinsp.dll
0x00007ff930d20000 - 0x00007ff930d32000 	C:\WINDOWS\System32\winrnr.dll
0x00007ff930d60000 - 0x00007ff930d90000 	C:\WINDOWS\system32\nlansp_c.dll
0x00007ff914930000 - 0x00007ff914946000 	C:\WINDOWS\system32\wshbth.dll
0x00007ff92b6b0000 - 0x00007ff92b6bb000 	C:\Windows\System32\rasadhlp.dll
0x00007ff93a2f0000 - 0x00007ff93a375000 	C:\WINDOWS\System32\fwpuclnt.dll

dbghelp: loaded successfully - version: 4.0.5 - missing functions: none
symbol engine: initialized successfully - sym options: 0x614 - pdb path: .;C:\Program Files\Eclipse Adoptium\jdk-17.0.15.6-hotspot\bin;C:\WINDOWS\SYSTEM32;C:\WINDOWS\WinSxS\amd64_microsoft.windows.common-controls_6595b64144ccf1df_6.0.26100.3624_none_3e086962e3345f24;C:\Program Files\Eclipse Adoptium\jdk-17.0.15.6-hotspot\bin\server;C:\Users\julia\.gradle\native\68d5fa5c4cc2d200863cafc0d521ce42e7d3e7ee720ec0a83991735586a16f82\windows-amd64;C:\Users\julia\.gradle\native\e376f236ea51e6404a007f0833ffe2c6e607c4080706a723a18a27aeea778392\windows-amd64

VM Arguments:
jvm_args: --add-opens=java.base/java.util=ALL-UNNAMED --add-opens=java.base/java.lang=ALL-UNNAMED --add-opens=java.base/java.lang.invoke=ALL-UNNAMED --add-opens=java.prefs/java.util.prefs=ALL-UNNAMED --add-opens=java.base/java.nio.charset=ALL-UNNAMED --add-opens=java.base/java.net=ALL-UNNAMED --add-opens=java.base/java.util.concurrent.atomic=ALL-UNNAMED -Xmx4536m -Dfile.encoding=windows-1252 -Duser.country=CO -Duser.language=es -Duser.variant -javaagent:C:\Users\julia\.gradle\wrapper\dists\gradle-8.2-bin\bbg7u40eoinfdyxsxr3z4i7ta\gradle-8.2\lib\agents\gradle-instrumentation-agent-8.2.jar 
java_command: org.gradle.launcher.daemon.bootstrap.GradleDaemon 8.2
java_class_path (initial): C:\Users\julia\.gradle\wrapper\dists\gradle-8.2-bin\bbg7u40eoinfdyxsxr3z4i7ta\gradle-8.2\lib\gradle-launcher-8.2.jar
Launcher Type: SUN_STANDARD

[Global flags]
     intx CICompilerCount                          = 4                                         {product} {ergonomic}
     uint ConcGCThreads                            = 2                                         {product} {ergonomic}
     uint G1ConcRefinementThreads                  = 8                                         {product} {ergonomic}
   size_t G1HeapRegionSize                         = 4194304                                   {product} {ergonomic}
    uintx GCDrainStackTargetSize                   = 64                                        {product} {ergonomic}
   size_t InitialHeapSize                          = 167772160                                 {product} {ergonomic}
   size_t MarkStackSize                            = 4194304                                   {product} {ergonomic}
   size_t MaxHeapSize                              = 4756340736                                {product} {command line}
   size_t MaxNewSize                               = 2852126720                                {product} {ergonomic}
   size_t MinHeapDeltaBytes                        = 4194304                                   {product} {ergonomic}
   size_t MinHeapSize                              = 8388608                                   {product} {ergonomic}
    uintx NonNMethodCodeHeapSize                   = 5839372                                {pd product} {ergonomic}
    uintx NonProfiledCodeHeapSize                  = 122909434                              {pd product} {ergonomic}
    uintx ProfiledCodeHeapSize                     = 122909434                              {pd product} {ergonomic}
    uintx ReservedCodeCacheSize                    = 251658240                              {pd product} {ergonomic}
     bool SegmentedCodeCache                       = true                                      {product} {ergonomic}
   size_t SoftMaxHeapSize                          = 4756340736                             {manageable} {ergonomic}
     bool UseCompressedClassPointers               = true                           {product lp64_product} {ergonomic}
     bool UseCompressedOops                        = true                           {product lp64_product} {ergonomic}
     bool UseG1GC                                  = true                                      {product} {ergonomic}
     bool UseLargePagesIndividualAllocation        = false                                  {pd product} {ergonomic}

Logging:
Log output configuration:
 #0: stdout all=warning uptime,level,tags
 #1: stderr all=off uptime,level,tags

Environment Variables:
JAVA_HOME=C:/Program Files/Eclipse Adoptium/jdk-17.0.15.6-hotspot
CLASSPATH=C:\Users\julia\Documents\bolas\Balls-Game\android\build\\gradle\wrapper\gradle-wrapper.jar
PATH=C:\Program Files\Eclipse Adoptium\jdk-17.0.15.6-hotspot\bin;C:\Program Files (x86)\NVIDIA Corporation\PhysX\Common;C:\Program Files\Common Files\Oracle\Java\javapath;C:\Program Files (x86)\Common Files\Oracle\Java\java8path;C:\Program Files (x86)\Common Files\Oracle\Java\javapath;C:\WINDOWS\system32;C:\WINDOWS;C:\WINDOWS\System32\Wbem;C:\WINDOWS\System32\WindowsPowerShell\v1.0\;C:\WINDOWS\System32\OpenSSH\;D:\Git\Git\cmd;C:\Users\julia\AppData\Local\Microsoft\WindowsApps;D:\Microsoft VS Code\bin;C:\Users\julia\AppData\Local\GitHubDesktop\bin;
USERNAME=julia
OS=Windows_NT
PROCESSOR_IDENTIFIER=AMD64 Family 23 Model 24 Stepping 1, AuthenticAMD
TMP=C:\Users\julia\AppData\Local\Temp
TEMP=C:\Users\julia\AppData\Local\Temp



Periodic native trim disabled


---------------  S Y S T E M  ---------------

OS:
 Windows 11 , 64 bit Build 26100 (10.0.26100.3775)
OS uptime: 0 days 22:08 hours

CPU: total 8 (initial active 8) (8 cores per cpu, 2 threads per core) family 23 model 24 stepping 1 microcode 0x8108109, cx8, cmov, fxsr, ht, mmx, 3dnowpref, sse, sse2, sse3, ssse3, sse4a, sse4.1, sse4.2, popcnt, lzcnt, tsc, tscinvbit, avx, avx2, aes, clmul, bmi1, bmi2, adx, sha, fma, vzeroupper, clflush, clflushopt
Processor Information for all 8 processors :
  Max Mhz: 2100, Current Mhz: 2100, Mhz Limit: 2100

Memory: 4k page, system-wide physical 10182M (768M free)
TotalPageFile size 18182M (AvailPageFile size 602M)
current process WorkingSet (physical memory assigned to process): 728M, peak: 728M
current process commit charge ("private bytes"): 949M, peak: 1605M

vm_info: OpenJDK 64-Bit Server VM (17.0.15+6) for windows-amd64 JRE (17.0.15+6), built on Apr 15 2025 21:25:47 by "admin" with MS VC++ 17.7 (VS2022)

END.
