#
# There is insufficient memory for the Java Runtime Environment to continue.
# Native memory allocation (mmap) failed to map 285212672 bytes. Error detail: G1 virtual space
# Possible reasons:
#   The system is out of physical RAM or swap space
#   This process is running with CompressedOops enabled, and the Java Heap may be blocking the growth of the native heap
# Possible solutions:
#   Reduce memory load on the system
#   Increase physical memory or swap space
#   Check if swap backing store is full
#   Decrease Java heap size (-Xmx/-Xms)
#   Decrease number of Java threads
#   Decrease Java thread stack sizes (-Xss)
#   Set larger code cache with -XX:ReservedCodeCacheSize=
#   JVM is running with Zero Based Compressed Oops mode in which the Java heap is
#     placed in the first 32GB address space. The Java Heap base address is the
#     maximum limit for the native heap growth. Please use -XX:HeapBaseMinAddress
#     to set the Java Heap base and to place the Java Heap above 32GB virtual address.
# This output file may be truncated or incomplete.
#
#  Out of Memory Error (os_windows.cpp:3618), pid=14628, tid=8016
#
# JRE version: OpenJDK Runtime Environment Temurin-17.0.15+6 (17.0.15+6) (build 17.0.15+6)
# Java VM: OpenJDK 64-Bit Server VM Temurin-17.0.15+6 (17.0.15+6, mixed mode, sharing, tiered, compressed oops, compressed class ptrs, g1 gc, windows-amd64)
# No core dump will be written. Minidumps are not enabled by default on client versions of Windows
#

---------------  S U M M A R Y ------------

Command Line: --add-opens=java.base/java.util=ALL-UNNAMED --add-opens=java.base/java.lang=ALL-UNNAMED --add-opens=java.base/java.lang.invoke=ALL-UNNAMED --add-opens=java.prefs/java.util.prefs=ALL-UNNAMED --add-opens=java.base/java.nio.charset=ALL-UNNAMED --add-opens=java.base/java.net=ALL-UNNAMED --add-opens=java.base/java.util.concurrent.atomic=ALL-UNNAMED -Xmx4536m -Dfile.encoding=windows-1252 -Duser.country=CO -Duser.language=es -Duser.variant -javaagent:C:\Users\julia\.gradle\wrapper\dists\gradle-8.2-bin\bbg7u40eoinfdyxsxr3z4i7ta\gradle-8.2\lib\agents\gradle-instrumentation-agent-8.2.jar org.gradle.launcher.daemon.bootstrap.GradleDaemon 8.2

Host: AMD Ryzen 5 3450U with Radeon Vega Mobile Gfx  , 8 cores, 9G,  Windows 11 , 64 bit Build 26100 (10.0.26100.3775)
Time: Tue Apr 29 20:10:04 2025 Hora est. Pacífico, Sudamérica elapsed time: 21.206257 seconds (0d 0h 0m 21s)

---------------  T H R E A D  ---------------

Current thread (0x000001927e58c180):  VMThread "VM Thread" [stack: 0x0000004601100000,0x0000004601200000] [id=8016]

Stack: [0x0000004601100000,0x0000004601200000]
Native frames: (J=compiled Java code, j=interpreted, Vv=VM code, C=native code)
V  [jvm.dll+0x682fc9]
V  [jvm.dll+0x839878]
V  [jvm.dll+0x83b323]
V  [jvm.dll+0x83b993]
V  [jvm.dll+0x24725f]
V  [jvm.dll+0x67fda9]
V  [jvm.dll+0x674c9a]
V  [jvm.dll+0x304d06]
V  [jvm.dll+0x30c1c6]
V  [jvm.dll+0x35dd4e]
V  [jvm.dll+0x35df8d]
V  [jvm.dll+0x2dc0cc]
V  [jvm.dll+0x2df0e6]
V  [jvm.dll+0x2e980c]
V  [jvm.dll+0x31d62d]
V  [jvm.dll+0x8401cd]
V  [jvm.dll+0x840f03]
V  [jvm.dll+0x84142f]
V  [jvm.dll+0x841814]
V  [jvm.dll+0x8418de]
V  [jvm.dll+0x7e94dc]
V  [jvm.dll+0x681ea7]
C  [ucrtbase.dll+0x37b0]
C  [KERNEL32.DLL+0x2e8d7]
C  [ntdll.dll+0xb14fc]

VM_Operation (0x0000004600dff890): G1PauseRemark, mode: safepoint, requested by thread 0x000001926dc03ba0


---------------  P R O C E S S  ---------------

Threads class SMR info:
_java_thread_list=0x000001925e1f2b30, length=70, elements={
0x000001926db90890, 0x000001927e592680, 0x000001927e593150, 0x000001927e5aa7c0,
0x000001927e5ab090, 0x000001927e5ad970, 0x000001927e5ae240, 0x000001927e5aee40,
0x000001927e5b1760, 0x000001927e5ba080, 0x000001927e57d230, 0x000001921399f4c0,
0x000001925a5a82a0, 0x000001925a77fc30, 0x0000019259ddfd30, 0x000001925abb4030,
0x000001925b6d5530, 0x000001925a998620, 0x000001925a999040, 0x000001925a99b8c0,
0x000001925a999550, 0x000001925a999a60, 0x000001925a999f70, 0x000001925a99a990,
0x000001925a99b3b0, 0x000001925aaf0020, 0x000001925aaf0530, 0x000001925aaf0a40,
0x000001925aaf0f50, 0x000001925aaefb10, 0x000001925aaf1460, 0x000001925aaf1970,
0x000001925aaf1e80, 0x000001925aaef600, 0x000001925aaf6560, 0x000001925aaf5b40,
0x000001925aaf4c10, 0x000001925aaf6a70, 0x000001925aaf3ce0, 0x000001925aaf32c0,
0x000001925aaf37d0, 0x000001925aaf41f0, 0x000001925aaf4700, 0x000001925af987d0,
0x000001925af9b050, 0x000001925af9ab40, 0x000001925af9b560, 0x000001925af99700,
0x000001925af99c10, 0x000001925af9a120, 0x000001925af9bf80, 0x000001925af9e800,
0x000001925af9dde0, 0x000001925af9e2f0, 0x000001925af9f730, 0x000001925a998b30,
0x000001925a99aea0, 0x000001925aaf5630, 0x000001925fb5e3d0, 0x000001925fb5edf0,
0x000001925fb62090, 0x000001925fb60230, 0x000001925fb5f300, 0x000001925fb5e8e0,
0x000001925fb5f810, 0x000001925fb60740, 0x000001925fb5fd20, 0x000001925fb61b80,
0x000001925fb634d0, 0x000001925fb639e0
}

Java Threads: ( => current thread )
  0x000001926db90890 JavaThread "main" [_thread_blocked, id=13668, stack(0x0000004600b00000,0x0000004600c00000)]
  0x000001927e592680 JavaThread "Reference Handler" daemon [_thread_blocked, id=12796, stack(0x0000004601200000,0x0000004601300000)]
  0x000001927e593150 JavaThread "Finalizer" daemon [_thread_blocked, id=4488, stack(0x0000004601300000,0x0000004601400000)]
  0x000001927e5aa7c0 JavaThread "Signal Dispatcher" daemon [_thread_blocked, id=7540, stack(0x0000004601400000,0x0000004601500000)]
  0x000001927e5ab090 JavaThread "Attach Listener" daemon [_thread_blocked, id=15404, stack(0x0000004601500000,0x0000004601600000)]
  0x000001927e5ad970 JavaThread "Service Thread" daemon [_thread_blocked, id=17368, stack(0x0000004601600000,0x0000004601700000)]
  0x000001927e5ae240 JavaThread "Monitor Deflation Thread" daemon [_thread_blocked, id=16784, stack(0x0000004601700000,0x0000004601800000)]
  0x000001927e5aee40 JavaThread "C2 CompilerThread0" daemon [_thread_blocked, id=13124, stack(0x0000004601800000,0x0000004601900000)]
  0x000001927e5b1760 JavaThread "C1 CompilerThread0" daemon [_thread_blocked, id=13760, stack(0x0000004601900000,0x0000004601a00000)]
  0x000001927e5ba080 JavaThread "Sweeper thread" daemon [_thread_blocked, id=348, stack(0x0000004601a00000,0x0000004601b00000)]
  0x000001927e57d230 JavaThread "Common-Cleaner" daemon [_thread_blocked, id=3404, stack(0x0000004601b00000,0x0000004601c00000)]
  0x000001921399f4c0 JavaThread "Notification Thread" daemon [_thread_blocked, id=6732, stack(0x0000004601c00000,0x0000004601d00000)]
  0x000001925a5a82a0 JavaThread "Daemon health stats" [_thread_blocked, id=18316, stack(0x0000004602400000,0x0000004602500000)]
  0x000001925a77fc30 JavaThread "Incoming local TCP Connector on port 50351" [_thread_in_native, id=17972, stack(0x0000004602300000,0x0000004602400000)]
  0x0000019259ddfd30 JavaThread "Daemon periodic checks" [_thread_blocked, id=10872, stack(0x0000004602500000,0x0000004602600000)]
  0x000001925abb4030 JavaThread "Daemon" [_thread_blocked, id=1724, stack(0x0000004602600000,0x0000004602700000)]
  0x000001925b6d5530 JavaThread "Handler for socket connection from /127.0.0.1:50351 to /127.0.0.1:50352" [_thread_in_native, id=14144, stack(0x0000004602700000,0x0000004602800000)]
  0x000001925a998620 JavaThread "Cancel handler" [_thread_blocked, id=15760, stack(0x0000004602800000,0x0000004602900000)]
  0x000001925a999040 JavaThread "Daemon worker" [_thread_blocked, id=3972, stack(0x0000004602900000,0x0000004602a00000)]
  0x000001925a99b8c0 JavaThread "Asynchronous log dispatcher for DefaultDaemonConnection: socket connection from /127.0.0.1:50351 to /127.0.0.1:50352" [_thread_blocked, id=5008, stack(0x0000004602a00000,0x0000004602b00000)]
  0x000001925a999550 JavaThread "Stdin handler" [_thread_blocked, id=9748, stack(0x0000004602b00000,0x0000004602c00000)]
  0x000001925a999a60 JavaThread "Daemon client event forwarder" [_thread_blocked, id=1604, stack(0x0000004602c00000,0x0000004602d00000)]
  0x000001925a999f70 JavaThread "Cache worker for journal cache (C:\Users\julia\.gradle\caches\journal-1)" [_thread_blocked, id=11092, stack(0x0000004603000000,0x0000004603100000)]
  0x000001925a99a990 JavaThread "File lock request listener" [_thread_in_native, id=13020, stack(0x0000004603100000,0x0000004603200000)]
  0x000001925a99b3b0 JavaThread "Cache worker for file hash cache (C:\Users\julia\.gradle\caches\8.2\fileHashes)" [_thread_blocked, id=6068, stack(0x0000004603200000,0x0000004603300000)]
  0x000001925aaf0020 JavaThread "File watcher server" daemon [_thread_in_native, id=8960, stack(0x0000004603400000,0x0000004603500000)]
  0x000001925aaf0530 JavaThread "File watcher consumer" daemon [_thread_blocked, id=14620, stack(0x0000004603500000,0x0000004603600000)]
  0x000001925aaf0a40 JavaThread "Cache worker for checksums cache (C:\Users\julia\Documents\bolas\Balls-Game\android\build\.gradle\8.2\checksums)" [_thread_blocked, id=16260, stack(0x0000004603600000,0x0000004603700000)]
  0x000001925aaf0f50 JavaThread "Cache worker for cache directory md-rule (C:\Users\julia\.gradle\caches\8.2\md-rule)" [_thread_blocked, id=12388, stack(0x0000004603700000,0x0000004603800000)]
  0x000001925aaefb10 JavaThread "Cache worker for file content cache (C:\Users\julia\.gradle\caches\8.2\fileContent)" [_thread_blocked, id=8620, stack(0x0000004603800000,0x0000004603900000)]
  0x000001925aaf1460 JavaThread "Cache worker for file hash cache (C:\Users\julia\Documents\bolas\Balls-Game\android\build\.gradle\8.2\fileHashes)" [_thread_blocked, id=16616, stack(0x0000004603a00000,0x0000004603b00000)]
  0x000001925aaf1970 JavaThread "Cache worker for cache directory md-supplier (C:\Users\julia\.gradle\caches\8.2\md-supplier)" [_thread_blocked, id=10620, stack(0x0000004603b00000,0x0000004603c00000)]
  0x000001925aaf1e80 JavaThread "Cache worker for execution history cache (C:\Users\julia\.gradle\caches\8.2\executionHistory)" [_thread_blocked, id=2704, stack(0x0000004603300000,0x0000004603400000)]
  0x000001925aaef600 JavaThread "jar transforms" [_thread_blocked, id=17820, stack(0x0000004603d00000,0x0000004603e00000)]
  0x000001925aaf6560 JavaThread "jar transforms Thread 2" [_thread_blocked, id=6664, stack(0x0000004603e00000,0x0000004603f00000)]
  0x000001925aaf5b40 JavaThread "jar transforms Thread 3" [_thread_blocked, id=14832, stack(0x0000004603f00000,0x0000004604000000)]
  0x000001925aaf4c10 JavaThread "jar transforms Thread 4" [_thread_blocked, id=18412, stack(0x0000004604000000,0x0000004604100000)]
  0x000001925aaf6a70 JavaThread "Cache worker for dependencies-accessors (C:\Users\julia\Documents\bolas\Balls-Game\android\build\.gradle\8.2\dependencies-accessors)" [_thread_blocked, id=15136, stack(0x0000004604100000,0x0000004604200000)]
  0x000001925aaf3ce0 JavaThread "jar transforms Thread 5" [_thread_blocked, id=7524, stack(0x0000004604200000,0x0000004604300000)]
  0x000001925aaf32c0 JavaThread "Cache worker for Build Output Cleanup Cache (C:\Users\julia\Documents\bolas\Balls-Game\android\build\.gradle\buildOutputCleanup)" [_thread_blocked, id=8080, stack(0x0000004604300000,0x0000004604400000)]
  0x000001925aaf37d0 JavaThread "Unconstrained build operations" [_thread_blocked, id=9528, stack(0x0000004604800000,0x0000004604900000)]
  0x000001925aaf41f0 JavaThread "Unconstrained build operations Thread 2" [_thread_blocked, id=11824, stack(0x0000004604900000,0x0000004604a00000)]
  0x000001925aaf4700 JavaThread "Unconstrained build operations Thread 3" [_thread_blocked, id=9668, stack(0x0000004604a00000,0x0000004604b00000)]
  0x000001925af987d0 JavaThread "Unconstrained build operations Thread 4" [_thread_blocked, id=9416, stack(0x0000004604b00000,0x0000004604c00000)]
  0x000001925af9b050 JavaThread "Unconstrained build operations Thread 5" [_thread_blocked, id=9300, stack(0x0000004604c00000,0x0000004604d00000)]
  0x000001925af9ab40 JavaThread "Unconstrained build operations Thread 6" [_thread_blocked, id=9880, stack(0x0000004604d00000,0x0000004604e00000)]
  0x000001925af9b560 JavaThread "Unconstrained build operations Thread 7" [_thread_blocked, id=16284, stack(0x0000004604e00000,0x0000004604f00000)]
  0x000001925af99700 JavaThread "jar transforms Thread 6" [_thread_blocked, id=16780, stack(0x0000004604f00000,0x0000004605000000)]
  0x000001925af99c10 JavaThread "jar transforms Thread 7" [_thread_blocked, id=16104, stack(0x0000004605000000,0x0000004605100000)]
  0x000001925af9a120 JavaThread "jar transforms Thread 8" [_thread_blocked, id=5648, stack(0x0000004605100000,0x0000004605200000)]
  0x000001925af9bf80 JavaThread "Memory manager" [_thread_blocked, id=13348, stack(0x0000004605200000,0x0000004605300000)]
  0x000001925af9e800 JavaThread "build event listener" [_thread_blocked, id=15624, stack(0x0000004605300000,0x0000004605400000)]
  0x000001925af9dde0 JavaThread "pool-3-thread-1" [_thread_blocked, id=18416, stack(0x0000004605400000,0x0000004605500000)]
  0x000001925af9e2f0 JavaThread "build event listener" [_thread_blocked, id=312, stack(0x0000004605500000,0x0000004605600000)]
  0x000001925af9f730 JavaThread "included builds" [_thread_blocked, id=15008, stack(0x0000004605600000,0x0000004605700000)]
  0x000001925a998b30 JavaThread "Execution worker" [_thread_blocked, id=17036, stack(0x0000004605700000,0x0000004605800000)]
  0x000001925a99aea0 JavaThread "Execution worker Thread 2" [_thread_blocked, id=15260, stack(0x0000004605800000,0x0000004605900000)]
  0x000001925aaf5630 JavaThread "Execution worker Thread 3" [_thread_blocked, id=2380, stack(0x0000004605900000,0x0000004605a00000)]
  0x000001925fb5e3d0 JavaThread "Execution worker Thread 4" [_thread_blocked, id=5396, stack(0x0000004605a00000,0x0000004605b00000)]
  0x000001925fb5edf0 JavaThread "Execution worker Thread 5" [_thread_blocked, id=18352, stack(0x0000004605b00000,0x0000004605c00000)]
  0x000001925fb62090 JavaThread "Execution worker Thread 6" [_thread_blocked, id=2176, stack(0x0000004605c00000,0x0000004605d00000)]
  0x000001925fb60230 JavaThread "Execution worker Thread 7" [_thread_blocked, id=12236, stack(0x0000004605d00000,0x0000004605e00000)]
  0x000001925fb5f300 JavaThread "Cache worker for execution history cache (C:\Users\julia\Documents\bolas\Balls-Game\android\build\.gradle\8.2\executionHistory)" [_thread_blocked, id=2672, stack(0x0000004605e00000,0x0000004605f00000)]
  0x000001925fb5e8e0 JavaThread "Unconstrained build operations Thread 8" [_thread_blocked, id=14964, stack(0x0000004605f00000,0x0000004606000000)]
  0x000001925fb5f810 JavaThread "Unconstrained build operations Thread 9" [_thread_blocked, id=18040, stack(0x0000004606000000,0x0000004606100000)]
  0x000001925fb60740 JavaThread "Unconstrained build operations Thread 10" [_thread_blocked, id=6396, stack(0x0000004606100000,0x0000004606200000)]
  0x000001925fb5fd20 JavaThread "Unconstrained build operations Thread 11" [_thread_blocked, id=12072, stack(0x0000004606200000,0x0000004606300000)]
  0x000001925fb61b80 JavaThread "Unconstrained build operations Thread 12" [_thread_blocked, id=11556, stack(0x0000004606300000,0x0000004606400000)]
  0x000001925fb634d0 JavaThread "Unconstrained build operations Thread 13" [_thread_blocked, id=18328, stack(0x0000004606400000,0x0000004606500000)]
  0x000001925fb639e0 JavaThread "Unconstrained build operations Thread 14" [_thread_blocked, id=11928, stack(0x0000004606500000,0x0000004606600000)]

Other Threads:
=>0x000001927e58c180 VMThread "VM Thread" [stack: 0x0000004601100000,0x0000004601200000] [id=8016]
  0x000001926db91830 WatcherThread [stack: 0x0000004601d00000,0x0000004601e00000] [id=12124]
  0x000001926dbfe680 GCTaskThread "GC Thread#0" [stack: 0x0000004600c00000,0x0000004600d00000] [id=3204]
  0x0000019259a95bc0 GCTaskThread "GC Thread#1" [stack: 0x0000004602000000,0x0000004602100000] [id=15816]
  0x0000019259a95e80 GCTaskThread "GC Thread#2" [stack: 0x0000004602100000,0x0000004602200000] [id=15304]
  0x0000019259a96140 GCTaskThread "GC Thread#3" [stack: 0x0000004602200000,0x0000004602300000] [id=17156]
  0x0000019213ba27d0 GCTaskThread "GC Thread#4" [stack: 0x0000004601f00000,0x0000004602000000] [id=10392]
  0x000001925a19a360 GCTaskThread "GC Thread#5" [stack: 0x0000004602d00000,0x0000004602e00000] [id=12788]
  0x000001925a19a620 GCTaskThread "GC Thread#6" [stack: 0x0000004602e00000,0x0000004602f00000] [id=9688]
  0x000001925ad85e70 GCTaskThread "GC Thread#7" [stack: 0x0000004602f00000,0x0000004603000000] [id=4480]
  0x000001926dc03ba0 ConcurrentGCThread "G1 Main Marker" [stack: 0x0000004600d00000,0x0000004600e00000] [id=14764]
  0x000001926dc04af0 ConcurrentGCThread "G1 Conc#0" [stack: 0x0000004600e00000,0x0000004600f00000] [id=9960]
  0x000001925b2b6b30 ConcurrentGCThread "G1 Conc#1" [stack: 0x0000004603900000,0x0000004603a00000] [id=12372]
  0x000001927e445ad0 ConcurrentGCThread "G1 Refine#0" [stack: 0x0000004600f00000,0x0000004601000000] [id=8864]
  0x000001925ad07070 ConcurrentGCThread "G1 Refine#1" [stack: 0x0000004604400000,0x0000004604500000] [id=2252]
  0x000001925ad07c30 ConcurrentGCThread "G1 Refine#2" [stack: 0x0000004604500000,0x0000004604600000] [id=6644]
  0x000001925ad07f20 ConcurrentGCThread "G1 Refine#3" [stack: 0x0000004604600000,0x0000004604700000] [id=11812]
  0x000001925ad07650 ConcurrentGCThread "G1 Refine#4" [stack: 0x0000004604700000,0x0000004604800000] [id=8000]
  0x000001927e4462b0 ConcurrentGCThread "G1 Service" [stack: 0x0000004601000000,0x0000004601100000] [id=9360]

Threads with active compile tasks:

VM state: at safepoint (normal execution)

VM Mutex/Monitor currently owned by a thread:  ([mutex/lock_event])
[0x000001926b832550] Threads_lock - owner thread: 0x000001927e58c180
[0x000001926db8ed80] Heap_lock - owner thread: 0x000001926dc03ba0

Heap address: 0x00000006e4800000, size: 4536 MB, Compressed Oops mode: Zero based, Oop shift amount: 3

CDS archive(s) mapped at: [0x0000019214000000-0x0000019214bb0000-0x0000019214bb0000), size 12255232, SharedBaseAddress: 0x0000019214000000, ArchiveRelocationMode: 1.
Compressed class space mapped at: 0x0000019215000000-0x0000019255000000, reserved size: 1073741824
Narrow klass base: 0x0000019214000000, Narrow klass shift: 0, Narrow klass range: 0x100000000

GC Precious Log:
 CPUs: 8 total, 8 available
 Memory: 10182M
 Large Page Support: Disabled
 NUMA Support: Disabled
 Compressed Oops: Enabled (Zero based)
 Heap Region Size: 4M
 Heap Min Capacity: 8M
 Heap Initial Capacity: 160M
 Heap Max Capacity: 4536M
 Pre-touch: Disabled
 Parallel Workers: 8
 Concurrent Workers: 2
 Concurrent Refinement Workers: 8
 Periodic GC: Disabled

Heap:
 garbage-first heap   total 507904K, used 464012K [0x00000006e4800000, 0x0000000800000000)
  region size 4096K, 2 young (8192K), 1 survivors (4096K)
 Metaspace       used 88155K, committed 88768K, reserved 1179648K
  class space    used 12247K, committed 12544K, reserved 1048576K

Heap Regions: E=young(eden), S=young(survivor), O=old, HS=humongous(starts), HC=humongous(continues), CS=collection set, F=free, OA=open archive, CA=closed archive, TAMS=top-at-mark-start (previous, next)
|   0|0x00000006e4800000, 0x00000006e4c00000, 0x00000006e4c00000|100%|HS|  |TAMS 0x00000006e4c00000, 0x00000006e4800000| Complete 
|   1|0x00000006e4c00000, 0x00000006e5000000, 0x00000006e5000000|100%| O|  |TAMS 0x00000006e5000000, 0x00000006e4c00000| Untracked 
|   2|0x00000006e5000000, 0x00000006e5400000, 0x00000006e5400000|100%| O|  |TAMS 0x00000006e5400000, 0x00000006e5000000| Untracked 
|   3|0x00000006e5400000, 0x00000006e5800000, 0x00000006e5800000|100%| O|  |TAMS 0x00000006e5800000, 0x00000006e5400000| Untracked 
|   4|0x00000006e5800000, 0x00000006e5c00000, 0x00000006e5c00000|100%| O|  |TAMS 0x00000006e5c00000, 0x00000006e5800000| Untracked 
|   5|0x00000006e5c00000, 0x00000006e6000000, 0x00000006e6000000|100%|HS|  |TAMS 0x00000006e6000000, 0x00000006e5c00000| Complete 
|   6|0x00000006e6000000, 0x00000006e6400000, 0x00000006e6400000|100%| O|  |TAMS 0x00000006e6400000, 0x00000006e6000000| Untracked 
|   7|0x00000006e6400000, 0x00000006e6800000, 0x00000006e6800000|100%| O|  |TAMS 0x00000006e6800000, 0x00000006e6400000| Untracked 
|   8|0x00000006e6800000, 0x00000006e6c00000, 0x00000006e6c00000|100%| O|  |TAMS 0x00000006e6c00000, 0x00000006e6800000| Untracked 
|   9|0x00000006e6c00000, 0x00000006e7000000, 0x00000006e7000000|100%| O|  |TAMS 0x00000006e7000000, 0x00000006e6c00000| Untracked 
|  10|0x00000006e7000000, 0x00000006e7400000, 0x00000006e7400000|100%|HS|  |TAMS 0x00000006e7400000, 0x00000006e7000000| Complete 
|  11|0x00000006e7400000, 0x00000006e7800000, 0x00000006e7800000|100%| O|  |TAMS 0x00000006e7800000, 0x00000006e7400000| Untracked 
|  12|0x00000006e7800000, 0x00000006e7c00000, 0x00000006e7c00000|100%| O|  |TAMS 0x00000006e7c00000, 0x00000006e7800000| Untracked 
|  13|0x00000006e7c00000, 0x00000006e8000000, 0x00000006e8000000|100%| O|  |TAMS 0x00000006e8000000, 0x00000006e7c00000| Untracked 
|  14|0x00000006e8000000, 0x00000006e8400000, 0x00000006e8400000|100%| O|  |TAMS 0x00000006e8400000, 0x00000006e8000000| Updating 
|  15|0x00000006e8400000, 0x00000006e8800000, 0x00000006e8800000|100%| O|  |TAMS 0x00000006e8800000, 0x00000006e8400000| Updating 
|  16|0x00000006e8800000, 0x00000006e8c00000, 0x00000006e8c00000|100%| O|  |TAMS 0x00000006e8c00000, 0x00000006e8800000| Untracked 
|  17|0x00000006e8c00000, 0x00000006e9000000, 0x00000006e9000000|100%| O|  |TAMS 0x00000006e9000000, 0x00000006e8c00000| Untracked 
|  18|0x00000006e9000000, 0x00000006e9400000, 0x00000006e9400000|100%| O|  |TAMS 0x00000006e9400000, 0x00000006e9000000| Untracked 
|  19|0x00000006e9400000, 0x00000006e9800000, 0x00000006e9800000|100%| O|  |TAMS 0x00000006e9800000, 0x00000006e9400000| Untracked 
|  20|0x00000006e9800000, 0x00000006e9c00000, 0x00000006e9c00000|100%| O|  |TAMS 0x00000006e9c00000, 0x00000006e9800000| Untracked 
|  21|0x00000006e9c00000, 0x00000006ea000000, 0x00000006ea000000|100%| O|  |TAMS 0x00000006ea000000, 0x00000006e9c00000| Untracked 
|  22|0x00000006ea000000, 0x00000006ea400000, 0x00000006ea400000|100%| O|  |TAMS 0x00000006ea400000, 0x00000006ea000000| Untracked 
|  23|0x00000006ea400000, 0x00000006ea800000, 0x00000006ea800000|100%| O|  |TAMS 0x00000006ea800000, 0x00000006ea400000| Untracked 
|  24|0x00000006ea800000, 0x00000006eabaec00, 0x00000006eac00000| 92%| O|  |TAMS 0x00000006eabaec00, 0x00000006ea800000| Updating 
|  25|0x00000006eac00000, 0x00000006eac00000, 0x00000006eb000000|  0%| F|  |TAMS 0x00000006eac00000, 0x00000006eac00000| Untracked 
|  26|0x00000006eb000000, 0x00000006eb000000, 0x00000006eb400000|  0%| F|  |TAMS 0x00000006eb000000, 0x00000006eb000000| Untracked 
|  27|0x00000006eb400000, 0x00000006eb400000, 0x00000006eb800000|  0%| F|  |TAMS 0x00000006eb400000, 0x00000006eb400000| Untracked 
|  28|0x00000006eb800000, 0x00000006ebc00000, 0x00000006ebc00000|100%|HS|  |TAMS 0x00000006ebc00000, 0x00000006eb800000| Complete 
|  29|0x00000006ebc00000, 0x00000006ec000000, 0x00000006ec000000|100%|HC|  |TAMS 0x00000006ec000000, 0x00000006ebc00000| Complete 
|  30|0x00000006ec000000, 0x00000006ec400000, 0x00000006ec400000|100%|HS|  |TAMS 0x00000006ec400000, 0x00000006ec000000| Complete 
|  31|0x00000006ec400000, 0x00000006ec800000, 0x00000006ec800000|100%|HC|  |TAMS 0x00000006ec800000, 0x00000006ec400000| Complete 
|  32|0x00000006ec800000, 0x00000006ecc00000, 0x00000006ecc00000|100%|HC|  |TAMS 0x00000006ecc00000, 0x00000006ec800000| Complete 
|  33|0x00000006ecc00000, 0x00000006ed000000, 0x00000006ed000000|100%|HC|  |TAMS 0x00000006ed000000, 0x00000006ecc00000| Complete 
|  34|0x00000006ed000000, 0x00000006ed400000, 0x00000006ed400000|100%|HC|  |TAMS 0x00000006ed400000, 0x00000006ed000000| Complete 
|  35|0x00000006ed400000, 0x00000006ed800000, 0x00000006ed800000|100%|HC|  |TAMS 0x00000006ed800000, 0x00000006ed400000| Complete 
|  36|0x00000006ed800000, 0x00000006edc00000, 0x00000006edc00000|100%|HC|  |TAMS 0x00000006edc00000, 0x00000006ed800000| Complete 
|  37|0x00000006edc00000, 0x00000006ee000000, 0x00000006ee000000|100%|HC|  |TAMS 0x00000006ee000000, 0x00000006edc00000| Complete 
|  38|0x00000006ee000000, 0x00000006ee400000, 0x00000006ee400000|100%|HC|  |TAMS 0x00000006ee400000, 0x00000006ee000000| Complete 
|  39|0x00000006ee400000, 0x00000006ee800000, 0x00000006ee800000|100%|HC|  |TAMS 0x00000006ee800000, 0x00000006ee400000| Complete 
|  40|0x00000006ee800000, 0x00000006eec00000, 0x00000006eec00000|100%|HC|  |TAMS 0x00000006eec00000, 0x00000006ee800000| Complete 
|  41|0x00000006eec00000, 0x00000006ef000000, 0x00000006ef000000|100%|HC|  |TAMS 0x00000006ef000000, 0x00000006eec00000| Complete 
|  42|0x00000006ef000000, 0x00000006ef400000, 0x00000006ef400000|100%|HC|  |TAMS 0x00000006ef400000, 0x00000006ef000000| Complete 
|  43|0x00000006ef400000, 0x00000006ef800000, 0x00000006ef800000|100%|HC|  |TAMS 0x00000006ef800000, 0x00000006ef400000| Complete 
|  44|0x00000006ef800000, 0x00000006efc00000, 0x00000006efc00000|100%|HC|  |TAMS 0x00000006efc00000, 0x00000006ef800000| Complete 
|  45|0x00000006efc00000, 0x00000006f0000000, 0x00000006f0000000|100%|HC|  |TAMS 0x00000006f0000000, 0x00000006efc00000| Complete 
|  46|0x00000006f0000000, 0x00000006f0400000, 0x00000006f0400000|100%|HS|  |TAMS 0x00000006f0000000, 0x00000006f0000000| Complete 
|  47|0x00000006f0400000, 0x00000006f0800000, 0x00000006f0800000|100%|HC|  |TAMS 0x00000006f0400000, 0x00000006f0400000| Complete 
|  48|0x00000006f0800000, 0x00000006f0c00000, 0x00000006f0c00000|100%|HC|  |TAMS 0x00000006f0800000, 0x00000006f0800000| Complete 
|  49|0x00000006f0c00000, 0x00000006f1000000, 0x00000006f1000000|100%|HC|  |TAMS 0x00000006f0c00000, 0x00000006f0c00000| Complete 
|  50|0x00000006f1000000, 0x00000006f1400000, 0x00000006f1400000|100%|HC|  |TAMS 0x00000006f1000000, 0x00000006f1000000| Complete 
|  51|0x00000006f1400000, 0x00000006f1800000, 0x00000006f1800000|100%|HC|  |TAMS 0x00000006f1400000, 0x00000006f1400000| Complete 
|  52|0x00000006f1800000, 0x00000006f1c00000, 0x00000006f1c00000|100%|HC|  |TAMS 0x00000006f1800000, 0x00000006f1800000| Complete 
|  53|0x00000006f1c00000, 0x00000006f2000000, 0x00000006f2000000|100%|HC|  |TAMS 0x00000006f1c00000, 0x00000006f1c00000| Complete 
|  54|0x00000006f2000000, 0x00000006f2400000, 0x00000006f2400000|100%|HC|  |TAMS 0x00000006f2000000, 0x00000006f2000000| Complete 
|  55|0x00000006f2400000, 0x00000006f2800000, 0x00000006f2800000|100%|HC|  |TAMS 0x00000006f2400000, 0x00000006f2400000| Complete 
|  56|0x00000006f2800000, 0x00000006f2c00000, 0x00000006f2c00000|100%|HC|  |TAMS 0x00000006f2800000, 0x00000006f2800000| Complete 
|  57|0x00000006f2c00000, 0x00000006f3000000, 0x00000006f3000000|100%|HC|  |TAMS 0x00000006f2c00000, 0x00000006f2c00000| Complete 
|  58|0x00000006f3000000, 0x00000006f3400000, 0x00000006f3400000|100%|HC|  |TAMS 0x00000006f3000000, 0x00000006f3000000| Complete 
|  59|0x00000006f3400000, 0x00000006f3800000, 0x00000006f3800000|100%|HC|  |TAMS 0x00000006f3400000, 0x00000006f3400000| Complete 
|  60|0x00000006f3800000, 0x00000006f3c00000, 0x00000006f3c00000|100%|HC|  |TAMS 0x00000006f3800000, 0x00000006f3800000| Complete 
|  61|0x00000006f3c00000, 0x00000006f4000000, 0x00000006f4000000|100%|HC|  |TAMS 0x00000006f3c00000, 0x00000006f3c00000| Complete 
|  62|0x00000006f4000000, 0x00000006f4400000, 0x00000006f4400000|100%|HC|  |TAMS 0x00000006f4000000, 0x00000006f4000000| Complete 
|  63|0x00000006f4400000, 0x00000006f4800000, 0x00000006f4800000|100%|HC|  |TAMS 0x00000006f4400000, 0x00000006f4400000| Complete 
|  64|0x00000006f4800000, 0x00000006f4800000, 0x00000006f4c00000|  0%| F|  |TAMS 0x00000006f4800000, 0x00000006f4800000| Untracked 
|  65|0x00000006f4c00000, 0x00000006f4c00000, 0x00000006f5000000|  0%| F|  |TAMS 0x00000006f4c00000, 0x00000006f4c00000| Untracked 
|  66|0x00000006f5000000, 0x00000006f5000000, 0x00000006f5400000|  0%| F|  |TAMS 0x00000006f5000000, 0x00000006f5000000| Untracked 
|  67|0x00000006f5400000, 0x00000006f5800000, 0x00000006f5800000|100%|HS|  |TAMS 0x00000006f5800000, 0x00000006f5400000| Complete 
|  68|0x00000006f5800000, 0x00000006f5c00000, 0x00000006f5c00000|100%|HC|  |TAMS 0x00000006f5c00000, 0x00000006f5800000| Complete 
|  69|0x00000006f5c00000, 0x00000006f6000000, 0x00000006f6000000|100%|HS|  |TAMS 0x00000006f6000000, 0x00000006f5c00000| Complete 
|  70|0x00000006f6000000, 0x00000006f6400000, 0x00000006f6400000|100%|HC|  |TAMS 0x00000006f6400000, 0x00000006f6000000| Complete 
|  71|0x00000006f6400000, 0x00000006f6800000, 0x00000006f6800000|100%|HC|  |TAMS 0x00000006f6800000, 0x00000006f6400000| Complete 
|  72|0x00000006f6800000, 0x00000006f6c00000, 0x00000006f6c00000|100%|HC|  |TAMS 0x00000006f6c00000, 0x00000006f6800000| Complete 
|  73|0x00000006f6c00000, 0x00000006f7000000, 0x00000006f7000000|100%|HC|  |TAMS 0x00000006f7000000, 0x00000006f6c00000| Complete 
|  74|0x00000006f7000000, 0x00000006f7400000, 0x00000006f7400000|100%|HC|  |TAMS 0x00000006f7400000, 0x00000006f7000000| Complete 
|  75|0x00000006f7400000, 0x00000006f7800000, 0x00000006f7800000|100%|HC|  |TAMS 0x00000006f7800000, 0x00000006f7400000| Complete 
|  76|0x00000006f7800000, 0x00000006f7c00000, 0x00000006f7c00000|100%|HC|  |TAMS 0x00000006f7c00000, 0x00000006f7800000| Complete 
|  77|0x00000006f7c00000, 0x00000006f8000000, 0x00000006f8000000|100%|HC|  |TAMS 0x00000006f8000000, 0x00000006f7c00000| Complete 
|  78|0x00000006f8000000, 0x00000006f8400000, 0x00000006f8400000|100%|HC|  |TAMS 0x00000006f8400000, 0x00000006f8000000| Complete 
|  79|0x00000006f8400000, 0x00000006f8800000, 0x00000006f8800000|100%|HC|  |TAMS 0x00000006f8800000, 0x00000006f8400000| Complete 
|  80|0x00000006f8800000, 0x00000006f8c00000, 0x00000006f8c00000|100%|HC|  |TAMS 0x00000006f8c00000, 0x00000006f8800000| Complete 
|  81|0x00000006f8c00000, 0x00000006f9000000, 0x00000006f9000000|100%|HC|  |TAMS 0x00000006f9000000, 0x00000006f8c00000| Complete 
|  82|0x00000006f9000000, 0x00000006f9400000, 0x00000006f9400000|100%|HC|  |TAMS 0x00000006f9400000, 0x00000006f9000000| Complete 
|  83|0x00000006f9400000, 0x00000006f9800000, 0x00000006f9800000|100%|HC|  |TAMS 0x00000006f9800000, 0x00000006f9400000| Complete 
|  84|0x00000006f9800000, 0x00000006f9c00000, 0x00000006f9c00000|100%|HC|  |TAMS 0x00000006f9c00000, 0x00000006f9800000| Complete 
|  85|0x00000006f9c00000, 0x00000006fa000000, 0x00000006fa000000|100%|HC|  |TAMS 0x00000006fa000000, 0x00000006f9c00000| Complete 
|  86|0x00000006fa000000, 0x00000006fa400000, 0x00000006fa400000|100%|HS|  |TAMS 0x00000006fa000000, 0x00000006fa000000| Complete 
|  87|0x00000006fa400000, 0x00000006fa800000, 0x00000006fa800000|100%|HC|  |TAMS 0x00000006fa400000, 0x00000006fa400000| Complete 
|  88|0x00000006fa800000, 0x00000006fac00000, 0x00000006fac00000|100%|HC|  |TAMS 0x00000006fa800000, 0x00000006fa800000| Complete 
|  89|0x00000006fac00000, 0x00000006fb000000, 0x00000006fb000000|100%|HC|  |TAMS 0x00000006fac00000, 0x00000006fac00000| Complete 
|  90|0x00000006fb000000, 0x00000006fb400000, 0x00000006fb400000|100%|HC|  |TAMS 0x00000006fb000000, 0x00000006fb000000| Complete 
|  91|0x00000006fb400000, 0x00000006fb800000, 0x00000006fb800000|100%|HC|  |TAMS 0x00000006fb400000, 0x00000006fb400000| Complete 
|  92|0x00000006fb800000, 0x00000006fbc00000, 0x00000006fbc00000|100%|HC|  |TAMS 0x00000006fb800000, 0x00000006fb800000| Complete 
|  93|0x00000006fbc00000, 0x00000006fc000000, 0x00000006fc000000|100%|HC|  |TAMS 0x00000006fbc00000, 0x00000006fbc00000| Complete 
|  94|0x00000006fc000000, 0x00000006fc400000, 0x00000006fc400000|100%|HC|  |TAMS 0x00000006fc000000, 0x00000006fc000000| Complete 
|  95|0x00000006fc400000, 0x00000006fc800000, 0x00000006fc800000|100%|HC|  |TAMS 0x00000006fc400000, 0x00000006fc400000| Complete 
|  96|0x00000006fc800000, 0x00000006fcc00000, 0x00000006fcc00000|100%|HC|  |TAMS 0x00000006fc800000, 0x00000006fc800000| Complete 
|  97|0x00000006fcc00000, 0x00000006fd000000, 0x00000006fd000000|100%|HC|  |TAMS 0x00000006fcc00000, 0x00000006fcc00000| Complete 
|  98|0x00000006fd000000, 0x00000006fd400000, 0x00000006fd400000|100%|HC|  |TAMS 0x00000006fd000000, 0x00000006fd000000| Complete 
|  99|0x00000006fd400000, 0x00000006fd800000, 0x00000006fd800000|100%|HC|  |TAMS 0x00000006fd400000, 0x00000006fd400000| Complete 
| 100|0x00000006fd800000, 0x00000006fdc00000, 0x00000006fdc00000|100%|HC|  |TAMS 0x00000006fd800000, 0x00000006fd800000| Complete 
| 101|0x00000006fdc00000, 0x00000006fe000000, 0x00000006fe000000|100%|HC|  |TAMS 0x00000006fdc00000, 0x00000006fdc00000| Complete 
| 102|0x00000006fe000000, 0x00000006fe400000, 0x00000006fe400000|100%|HC|  |TAMS 0x00000006fe000000, 0x00000006fe000000| Complete 
| 103|0x00000006fe400000, 0x00000006fe800000, 0x00000006fe800000|100%|HC|  |TAMS 0x00000006fe400000, 0x00000006fe400000| Complete 
| 104|0x00000006fe800000, 0x00000006fec00000, 0x00000006fec00000|100%|HC|  |TAMS 0x00000006fe800000, 0x00000006fe800000| Complete 
| 105|0x00000006fec00000, 0x00000006ff000000, 0x00000006ff000000|100%|HC|  |TAMS 0x00000006fec00000, 0x00000006fec00000| Complete 
| 106|0x00000006ff000000, 0x00000006ff400000, 0x00000006ff400000|100%|HC|  |TAMS 0x00000006ff000000, 0x00000006ff000000| Complete 
| 107|0x00000006ff400000, 0x00000006ff800000, 0x00000006ff800000|100%|HC|  |TAMS 0x00000006ff400000, 0x00000006ff400000| Complete 
| 108|0x00000006ff800000, 0x00000006ffc00000, 0x00000006ffc00000|100%|HC|  |TAMS 0x00000006ff800000, 0x00000006ff800000| Complete 
| 109|0x00000006ffc00000, 0x0000000700000000, 0x0000000700000000|100%|HC|  |TAMS 0x00000006ffc00000, 0x00000006ffc00000| Complete 
| 110|0x0000000700000000, 0x0000000700400000, 0x0000000700400000|100%|HC|  |TAMS 0x0000000700000000, 0x0000000700000000| Complete 
| 111|0x0000000700400000, 0x0000000700800000, 0x0000000700800000|100%|HC|  |TAMS 0x0000000700400000, 0x0000000700400000| Complete 
| 112|0x0000000700800000, 0x0000000700c00000, 0x0000000700c00000|100%|HC|  |TAMS 0x0000000700800000, 0x0000000700800000| Complete 
| 113|0x0000000700c00000, 0x0000000701000000, 0x0000000701000000|100%|HC|  |TAMS 0x0000000700c00000, 0x0000000700c00000| Complete 
| 114|0x0000000701000000, 0x0000000701400000, 0x0000000701400000|100%|HC|  |TAMS 0x0000000701000000, 0x0000000701000000| Complete 
| 115|0x0000000701400000, 0x0000000701800000, 0x0000000701800000|100%|HC|  |TAMS 0x0000000701400000, 0x0000000701400000| Complete 
| 116|0x0000000701800000, 0x0000000701c00000, 0x0000000701c00000|100%|HC|  |TAMS 0x0000000701800000, 0x0000000701800000| Complete 
| 117|0x0000000701c00000, 0x0000000702000000, 0x0000000702000000|100%|HC|  |TAMS 0x0000000701c00000, 0x0000000701c00000| Complete 
| 118|0x0000000702000000, 0x0000000702400000, 0x0000000702400000|100%|HC|  |TAMS 0x0000000702000000, 0x0000000702000000| Complete 
| 119|0x0000000702400000, 0x0000000702400000, 0x0000000702800000|  0%| F|  |TAMS 0x0000000702400000, 0x0000000702400000| Untracked 
| 120|0x0000000702800000, 0x0000000702800000, 0x0000000702c00000|  0%| F|  |TAMS 0x0000000702800000, 0x0000000702800000| Untracked 
| 121|0x0000000702c00000, 0x0000000702c00000, 0x0000000703000000|  0%| F|  |TAMS 0x0000000702c00000, 0x0000000702c00000| Untracked 
| 122|0x0000000703000000, 0x0000000703174710, 0x0000000703400000| 36%| S|CS|TAMS 0x0000000703000000, 0x0000000703000000| Complete 
| 123|0x0000000703400000, 0x0000000703403b48, 0x0000000703800000|  0%| E|  |TAMS 0x0000000703400000, 0x0000000703400000| Complete 

Card table byte_map: [0x00000192762e0000,0x0000019276bc0000] _byte_map_base: 0x0000019272bbc000

Marking Bits (Prev, Next): (CMBitMap*) 0x000001926dbfebb0, (CMBitMap*) 0x000001926dbfebf0
 Prev Bits: [0x00000192774a0000, 0x000001927bb80000)
 Next Bits: [0x000001920f000000, 0x00000192136e0000)

Polling page: 0x000001926ba70000

Metaspace:

Usage:
  Non-class:     74.13 MB used.
      Class:     11.96 MB used.
       Both:     86.09 MB used.

Virtual space:
  Non-class space:      128.00 MB reserved,      74.44 MB ( 58%) committed,  2 nodes.
      Class space:        1.00 GB reserved,      12.25 MB (  1%) committed,  1 nodes.
             Both:        1.12 GB reserved,      86.69 MB (  8%) committed. 

Chunk freelists:
   Non-Class:  5.19 MB
       Class:  3.69 MB
        Both:  8.88 MB

MaxMetaspaceSize: unlimited
CompressedClassSpaceSize: 1.00 GB
Initial GC threshold: 21.00 MB
Current GC threshold: 144.50 MB
CDS: on
MetaspaceReclaimPolicy: balanced
 - commit_granule_bytes: 65536.
 - commit_granule_words: 8192.
 - virtual_space_node_default_size: 8388608.
 - enlarge_chunks_in_place: 1.
 - new_chunks_are_fully_committed: 0.
 - uncommit_free_chunks: 1.
 - use_allocation_guard: 0.
 - handle_deallocations: 1.


Internal statistics:

num_allocs_failed_limit: 6.
num_arena_births: 880.
num_arena_deaths: 0.
num_vsnodes_births: 3.
num_vsnodes_deaths: 0.
num_space_committed: 1386.
num_space_uncommitted: 0.
num_chunks_returned_to_freelist: 6.
num_chunks_taken_from_freelist: 4505.
num_chunk_merges: 6.
num_chunk_splits: 2991.
num_chunks_enlarged: 2008.
num_inconsistent_stats: 0.

CodeHeap 'non-profiled nmethods': size=120000Kb used=6022Kb max_used=6022Kb free=113978Kb
 bounds [0x0000019207ad0000, 0x00000192080c0000, 0x000001920f000000]
CodeHeap 'profiled nmethods': size=120000Kb used=17451Kb max_used=17712Kb free=102548Kb
 bounds [0x0000019200000000, 0x0000019201160000, 0x0000019207530000]
CodeHeap 'non-nmethods': size=5760Kb used=2401Kb max_used=2477Kb free=3358Kb
 bounds [0x0000019207530000, 0x00000192077b0000, 0x0000019207ad0000]
 total_blobs=10040 nmethods=9108 adapters=842
 compilation: enabled
              stopped_count=0, restarted_count=0
 full_count=0

Compilation events (20 events):
Event: 18.907 Thread 0x000001927e5b1760 10620       3       java.util.ArrayList::remove (76 bytes)
Event: 18.908 Thread 0x000001927e5b1760 nmethod 10620 0x0000019200041d90 code [0x0000019200041f80, 0x0000019200042458]
Event: 18.908 Thread 0x000001925943de00 nmethod 10572 0x0000019207d73290 code [0x0000019207d73440, 0x0000019207d73c38]
Event: 18.912 Thread 0x000001925943de00 10621   !   4       java.util.zip.Inflater::needsInput (55 bytes)
Event: 18.914 Thread 0x000001925943de00 nmethod 10621 0x0000019207d72d90 code [0x0000019207d72f00, 0x0000019207d73158]
Event: 18.918 Thread 0x000001925e67ba80 10622   !   4       java.util.zip.Inflater::setInput (69 bytes)
Event: 18.922 Thread 0x000001925e67ba80 nmethod 10622 0x0000019207d72690 code [0x0000019207d72820, 0x0000019207d72bd8]
Event: 18.938 Thread 0x000001925e67ba80 10623       4       java.util.zip.ZipInputStream::read (304 bytes)
Event: 18.943 Thread 0x000001927e5aee40 nmethod 10554 0x0000019207d6e410 code [0x0000019207d6e6a0, 0x0000019207d71280]
Event: 18.950 Thread 0x000001927e5aee40 10624       4       java.io.FilterInputStream::read (9 bytes)
Event: 18.953 Thread 0x000001927e5aee40 nmethod 10624 0x0000019207d6e110 code [0x0000019207d6e280, 0x0000019207d6e338]
Event: 18.963 Thread 0x000001927e5aee40 10625       4       java.io.FileInputStream::read (8 bytes)
Event: 18.964 Thread 0x000001927e5aee40 nmethod 10625 0x0000019207d6de10 code [0x0000019207d6dfa0, 0x0000019207d6e048]
Event: 18.966 Thread 0x000001925e67ba80 nmethod 10623 0x00000192080ae010 code [0x00000192080ae240, 0x00000192080af5f0]
Event: 19.076 Thread 0x000001927e5b1760 10626       3       java.util.concurrent.ThreadPoolExecutor$Worker::unlock (7 bytes)
Event: 19.077 Thread 0x000001927e5b1760 nmethod 10626 0x0000019200041890 code [0x0000019200041a40, 0x0000019200041ca8]
Event: 19.444 Thread 0x000001927e5aee40 10627 %     4       kotlin.io.ByteStreamsKt::copyTo @ 27 (60 bytes)
Event: 19.453 Thread 0x000001927e5aee40 nmethod 10627% 0x00000192080b0190 code [0x00000192080b0340, 0x00000192080b0d68]
Event: 19.571 Thread 0x000001927e5aee40 10628       4       kotlin.io.ByteStreamsKt::copyTo (60 bytes)
Event: 19.583 Thread 0x000001927e5aee40 nmethod 10628 0x00000192080b1210 code [0x00000192080b13e0, 0x00000192080b1e58]

GC Heap History (20 events):
Event: 18.874 GC heap before
{Heap before GC invocations=29 (full 0):
 garbage-first heap   total 245760K, used 209305K [0x00000006e4800000, 0x0000000800000000)
  region size 4096K, 9 young (36864K), 4 survivors (16384K)
 Metaspace       used 88142K, committed 88768K, reserved 1179648K
  class space    used 12247K, committed 12544K, reserved 1048576K
}
Event: 18.886 GC heap after
{Heap after GC invocations=30 (full 0):
 garbage-first heap   total 245760K, used 106530K [0x00000006e4800000, 0x0000000800000000)
  region size 4096K, 2 young (8192K), 2 survivors (8192K)
 Metaspace       used 88142K, committed 88768K, reserved 1179648K
  class space    used 12247K, committed 12544K, reserved 1048576K
}
Event: 18.919 GC heap before
{Heap before GC invocations=30 (full 0):
 garbage-first heap   total 245760K, used 118818K [0x00000006e4800000, 0x0000000800000000)
  region size 4096K, 3 young (12288K), 2 survivors (8192K)
 Metaspace       used 88154K, committed 88768K, reserved 1179648K
  class space    used 12247K, committed 12544K, reserved 1048576K
}
Event: 18.921 GC heap after
{Heap after GC invocations=31 (full 0):
 garbage-first heap   total 245760K, used 112119K [0x00000006e4800000, 0x0000000800000000)
  region size 4096K, 1 young (4096K), 1 survivors (4096K)
 Metaspace       used 88154K, committed 88768K, reserved 1179648K
  class space    used 12247K, committed 12544K, reserved 1048576K
}
Event: 18.940 GC heap before
{Heap before GC invocations=31 (full 0):
 garbage-first heap   total 245760K, used 124407K [0x00000006e4800000, 0x0000000800000000)
  region size 4096K, 2 young (8192K), 1 survivors (4096K)
 Metaspace       used 88154K, committed 88768K, reserved 1179648K
  class space    used 12247K, committed 12544K, reserved 1048576K
}
Event: 18.942 GC heap after
{Heap after GC invocations=32 (full 0):
 garbage-first heap   total 303104K, used 115970K [0x00000006e4800000, 0x0000000800000000)
  region size 4096K, 1 young (4096K), 1 survivors (4096K)
 Metaspace       used 88154K, committed 88768K, reserved 1179648K
  class space    used 12247K, committed 12544K, reserved 1048576K
}
Event: 18.950 GC heap before
{Heap before GC invocations=32 (full 0):
 garbage-first heap   total 303104K, used 124162K [0x00000006e4800000, 0x0000000800000000)
  region size 4096K, 2 young (8192K), 1 survivors (4096K)
 Metaspace       used 88154K, committed 88768K, reserved 1179648K
  class space    used 12247K, committed 12544K, reserved 1048576K
}
Event: 18.952 GC heap after
{Heap after GC invocations=33 (full 0):
 garbage-first heap   total 303104K, used 112843K [0x00000006e4800000, 0x0000000800000000)
  region size 4096K, 1 young (4096K), 1 survivors (4096K)
 Metaspace       used 88154K, committed 88768K, reserved 1179648K
  class space    used 12247K, committed 12544K, reserved 1048576K
}
Event: 19.082 GC heap before
{Heap before GC invocations=34 (full 0):
 garbage-first heap   total 303104K, used 157899K [0x00000006e4800000, 0x0000000800000000)
  region size 4096K, 2 young (8192K), 1 survivors (4096K)
 Metaspace       used 88155K, committed 88768K, reserved 1179648K
  class space    used 12247K, committed 12544K, reserved 1048576K
}
Event: 19.085 GC heap after
{Heap after GC invocations=35 (full 0):
 garbage-first heap   total 303104K, used 132221K [0x00000006e4800000, 0x0000000800000000)
  region size 4096K, 1 young (4096K), 1 survivors (4096K)
 Metaspace       used 88155K, committed 88768K, reserved 1179648K
  class space    used 12247K, committed 12544K, reserved 1048576K
}
Event: 19.234 GC heap before
{Heap before GC invocations=36 (full 0):
 garbage-first heap   total 303104K, used 169085K [0x00000006e4800000, 0x0000000800000000)
  region size 4096K, 2 young (8192K), 1 survivors (4096K)
 Metaspace       used 88155K, committed 88768K, reserved 1179648K
  class space    used 12247K, committed 12544K, reserved 1048576K
}
Event: 19.236 GC heap after
{Heap after GC invocations=37 (full 0):
 garbage-first heap   total 303104K, used 148588K [0x00000006e4800000, 0x0000000800000000)
  region size 4096K, 1 young (4096K), 1 survivors (4096K)
 Metaspace       used 88155K, committed 88768K, reserved 1179648K
  class space    used 12247K, committed 12544K, reserved 1048576K
}
Event: 19.460 GC heap before
{Heap before GC invocations=38 (full 0):
 garbage-first heap   total 376832K, used 218220K [0x00000006e4800000, 0x0000000800000000)
  region size 4096K, 2 young (8192K), 1 survivors (4096K)
 Metaspace       used 88155K, committed 88768K, reserved 1179648K
  class space    used 12247K, committed 12544K, reserved 1048576K
}
Event: 19.462 GC heap after
{Heap after GC invocations=39 (full 0):
 garbage-first heap   total 376832K, used 181367K [0x00000006e4800000, 0x0000000800000000)
  region size 4096K, 1 young (4096K), 1 survivors (4096K)
 Metaspace       used 88155K, committed 88768K, reserved 1179648K
  class space    used 12247K, committed 12544K, reserved 1048576K
}
Event: 19.646 GC heap before
{Heap before GC invocations=40 (full 0):
 garbage-first heap   total 507904K, used 324727K [0x00000006e4800000, 0x0000000800000000)
  region size 4096K, 3 young (12288K), 1 survivors (4096K)
 Metaspace       used 88155K, committed 88768K, reserved 1179648K
  class space    used 12247K, committed 12544K, reserved 1048576K
}
Event: 19.648 GC heap after
{Heap after GC invocations=41 (full 0):
 garbage-first heap   total 507904K, used 205954K [0x00000006e4800000, 0x0000000800000000)
  region size 4096K, 1 young (4096K), 1 survivors (4096K)
 Metaspace       used 88155K, committed 88768K, reserved 1179648K
  class space    used 12247K, committed 12544K, reserved 1048576K
}
Event: 19.767 GC heap before
{Heap before GC invocations=41 (full 0):
 garbage-first heap   total 507904K, used 242818K [0x00000006e4800000, 0x0000000800000000)
  region size 4096K, 2 young (8192K), 1 survivors (4096K)
 Metaspace       used 88155K, committed 88768K, reserved 1179648K
  class space    used 12247K, committed 12544K, reserved 1048576K
}
Event: 19.769 GC heap after
{Heap after GC invocations=42 (full 0):
 garbage-first heap   total 507904K, used 222337K [0x00000006e4800000, 0x0000000800000000)
  region size 4096K, 1 young (4096K), 1 survivors (4096K)
 Metaspace       used 88155K, committed 88768K, reserved 1179648K
  class space    used 12247K, committed 12544K, reserved 1048576K
}
Event: 20.005 GC heap before
{Heap before GC invocations=43 (full 0):
 garbage-first heap   total 507904K, used 291969K [0x00000006e4800000, 0x0000000800000000)
  region size 4096K, 2 young (8192K), 1 survivors (4096K)
 Metaspace       used 88155K, committed 88768K, reserved 1179648K
  class space    used 12247K, committed 12544K, reserved 1048576K
}
Event: 20.008 GC heap after
{Heap after GC invocations=44 (full 0):
 garbage-first heap   total 507904K, used 255116K [0x00000006e4800000, 0x0000000800000000)
  region size 4096K, 1 young (4096K), 1 survivors (4096K)
 Metaspace       used 88155K, committed 88768K, reserved 1179648K
  class space    used 12247K, committed 12544K, reserved 1048576K
}

Dll operation events (15 events):
Event: 0.017 Loaded shared library C:\Program Files\Eclipse Adoptium\jdk-17.0.15.6-hotspot\bin\java.dll
Event: 0.033 Loaded shared library C:\Program Files\Eclipse Adoptium\jdk-17.0.15.6-hotspot\bin\jsvml.dll
Event: 0.097 Loaded shared library C:\Program Files\Eclipse Adoptium\jdk-17.0.15.6-hotspot\bin\zip.dll
Event: 0.102 Loaded shared library C:\Program Files\Eclipse Adoptium\jdk-17.0.15.6-hotspot\bin\instrument.dll
Event: 0.108 Loaded shared library C:\Program Files\Eclipse Adoptium\jdk-17.0.15.6-hotspot\bin\net.dll
Event: 0.111 Loaded shared library C:\Program Files\Eclipse Adoptium\jdk-17.0.15.6-hotspot\bin\nio.dll
Event: 0.116 Loaded shared library C:\Program Files\Eclipse Adoptium\jdk-17.0.15.6-hotspot\bin\zip.dll
Event: 0.387 Loaded shared library C:\Program Files\Eclipse Adoptium\jdk-17.0.15.6-hotspot\bin\jimage.dll
Event: 0.495 Loaded shared library C:\Program Files\Eclipse Adoptium\jdk-17.0.15.6-hotspot\bin\verify.dll
Event: 0.732 Loaded shared library C:\Users\julia\.gradle\native\68d5fa5c4cc2d200863cafc0d521ce42e7d3e7ee720ec0a83991735586a16f82\windows-amd64\native-platform.dll
Event: 0.742 Loaded shared library C:\Users\julia\.gradle\native\e376f236ea51e6404a007f0833ffe2c6e607c4080706a723a18a27aeea778392\windows-amd64\native-platform-file-events.dll
Event: 2.018 Loaded shared library C:\Program Files\Eclipse Adoptium\jdk-17.0.15.6-hotspot\bin\management.dll
Event: 2.022 Loaded shared library C:\Program Files\Eclipse Adoptium\jdk-17.0.15.6-hotspot\bin\management_ext.dll
Event: 2.316 Loaded shared library C:\Program Files\Eclipse Adoptium\jdk-17.0.15.6-hotspot\bin\extnet.dll
Event: 2.620 Loaded shared library C:\Program Files\Eclipse Adoptium\jdk-17.0.15.6-hotspot\bin\sunmscapi.dll

Deoptimization events (20 events):
Event: 18.829 Thread 0x000001925fb5e8e0 DEOPT PACKING pc=0x0000019207be3a00 sp=0x0000004605ffaa40
Event: 18.829 Thread 0x000001925fb5e8e0 DEOPT UNPACKING pc=0x00000192075869a3 sp=0x0000004605ffaa90 mode 2
Event: 18.829 Thread 0x000001925fb5e8e0 Uncommon trap: trap_request=0xffffffde fr.pc=0x0000019207be3a00 relative=0x00000000000010a0
Event: 18.829 Thread 0x000001925fb5e8e0 Uncommon trap: reason=class_check action=maybe_recompile pc=0x0000019207be3a00 method=java.util.zip.InflaterInputStream.read([BII)I @ 100 c2
Event: 18.829 Thread 0x000001925fb5e8e0 DEOPT PACKING pc=0x0000019207be3a00 sp=0x0000004605ffaa40
Event: 18.829 Thread 0x000001925fb5e8e0 DEOPT UNPACKING pc=0x00000192075869a3 sp=0x0000004605ffaa90 mode 2
Event: 18.829 Thread 0x000001925fb5e8e0 Uncommon trap: trap_request=0xffffffde fr.pc=0x0000019207be3a00 relative=0x00000000000010a0
Event: 18.829 Thread 0x000001925fb5e8e0 Uncommon trap: reason=class_check action=maybe_recompile pc=0x0000019207be3a00 method=java.util.zip.InflaterInputStream.read([BII)I @ 100 c2
Event: 18.829 Thread 0x000001925fb5e8e0 DEOPT PACKING pc=0x0000019207be3a00 sp=0x0000004605ffa990
Event: 18.829 Thread 0x000001925fb5e8e0 DEOPT UNPACKING pc=0x00000192075869a3 sp=0x0000004605ffa9e0 mode 2
Event: 18.860 Thread 0x000001925aaf1e80 Uncommon trap: trap_request=0xffffffc6 fr.pc=0x0000019207ea4f68 relative=0x0000000000000968
Event: 18.860 Thread 0x000001925aaf1e80 Uncommon trap: reason=bimorphic_or_optimized_type_check action=maybe_recompile pc=0x0000019207ea4f68 method=java.io.BufferedInputStream.read1([BII)I @ 39 c2
Event: 18.860 Thread 0x000001925aaf1e80 DEOPT PACKING pc=0x0000019207ea4f68 sp=0x00000046033fe570
Event: 18.860 Thread 0x000001925aaf1e80 DEOPT UNPACKING pc=0x00000192075869a3 sp=0x00000046033fe488 mode 2
Event: 18.861 Thread 0x000001925aaf1e80 Uncommon trap: trap_request=0xffffff45 fr.pc=0x0000019207dec6d0 relative=0x0000000000000210
Event: 18.861 Thread 0x000001925aaf1e80 Uncommon trap: reason=unstable_if action=reinterpret pc=0x0000019207dec6d0 method=com.esotericsoftware.kryo.io.Input.readVarInt(Z)I @ 42 c2
Event: 18.861 Thread 0x000001925aaf1e80 DEOPT PACKING pc=0x0000019207dec6d0 sp=0x00000046033fe700
Event: 18.861 Thread 0x000001925aaf1e80 DEOPT UNPACKING pc=0x00000192075869a3 sp=0x00000046033fe5f0 mode 2
Event: 19.571 Thread 0x000001925fb5e8e0 DEOPT PACKING pc=0x0000019200bd7dd2 sp=0x0000004605ffabc0
Event: 19.571 Thread 0x000001925fb5e8e0 DEOPT UNPACKING pc=0x0000019207587143 sp=0x0000004605ffa0e8 mode 0

Classes loaded (20 events):
Event: 17.914 Loading class java/util/HashMap$UnsafeHolder
Event: 17.915 Loading class java/util/HashMap$UnsafeHolder done
Event: 17.969 Loading class java/util/concurrent/ConcurrentLinkedQueue$Itr
Event: 17.969 Loading class java/util/concurrent/ConcurrentLinkedQueue$Itr done
Event: 18.338 Loading class java/nio/file/FileTreeWalker$1
Event: 18.338 Loading class java/nio/file/FileTreeWalker$1 done
Event: 18.408 Loading class java/util/stream/ReferencePipeline$4
Event: 18.408 Loading class java/util/stream/ReferencePipeline$4 done
Event: 18.408 Loading class java/util/function/IntBinaryOperator
Event: 18.408 Loading class java/util/function/IntBinaryOperator done
Event: 18.409 Loading class java/util/stream/ReduceOps$6
Event: 18.409 Loading class java/util/stream/ReduceOps$6 done
Event: 18.409 Loading class java/util/stream/ReduceOps$5ReducingSink
Event: 18.409 Loading class java/util/stream/ReduceOps$5ReducingSink done
Event: 18.409 Loading class java/util/stream/ReferencePipeline$4$1
Event: 18.409 Loading class java/util/stream/ReferencePipeline$4$1 done
Event: 18.823 Loading class java/util/zip/ZipInputStream
Event: 18.823 Loading class java/util/zip/ZipInputStream done
Event: 18.824 Loading class java/io/PushbackInputStream
Event: 18.824 Loading class java/io/PushbackInputStream done

Classes unloaded (0 events):
No events

Classes redefined (0 events):
No events

Internal exceptions (20 events):
Event: 17.768 Thread 0x000001925a999040 Implicit null exception at 0x000001920808fae0 to 0x0000019208090458
Event: 17.872 Thread 0x000001925a999040 Implicit null exception at 0x000001920808fae0 to 0x0000019208090458
Event: 17.872 Thread 0x000001925a999040 Implicit null exception at 0x000001920808fae0 to 0x0000019208090458
Event: 17.901 Thread 0x000001925a999040 Exception <a 'java/lang/NoSuchMethodError'{0x00000006efc92c90}: static Lcom/android/build/gradle/internal/profile/ProjectData;.<clinit>()V> (0x00000006efc92c90) 
thrown [s\src\hotspot\share\prims\jni.cpp, line 1112]
Event: 17.910 Thread 0x000001925a999040 Exception <a 'java/lang/NoSuchMethodError'{0x00000006efcefb30}: static Lcom/android/build/gradle/internal/profile/TaskMetadata;.<clinit>()V> (0x00000006efcefb30) 
thrown [s\src\hotspot\share\prims\jni.cpp, line 1112]
Event: 17.966 Thread 0x000001925a999040 Exception <a 'sun/nio/fs/WindowsException'{0x00000006efa78a78}> (0x00000006efa78a78) 
thrown [s\src\hotspot\share\prims\jni.cpp, line 516]
Event: 18.061 Thread 0x000001925af9f730 Exception <a 'java/lang/NoSuchMethodError'{0x00000006ef1fd9c0}: 'java.lang.Object java.lang.invoke.DirectMethodHandle$Holder.newInvokeSpecial(java.lang.Object, java.lang.Object, java.lang.Object, java.lang.Object, int, java.lang.Object)'> (0x00000006ef1fd9c0) 
thrown [s\src\hotspot\share\interpreter\linkResolver.cpp, line 759]
Event: 18.061 Thread 0x000001925af9f730 Exception <a 'java/lang/NoSuchMethodError'{0x00000006ef201ce0}: 'java.lang.Object java.lang.invoke.Invokers$Holder.linkToTargetMethod(java.lang.Object, java.lang.Object, java.lang.Object, int, java.lang.Object, java.lang.Object)'> (0x00000006ef201ce0) 
thrown [s\src\hotspot\share\interpreter\linkResolver.cpp, line 759]
Event: 18.069 Thread 0x000001925af9f730 Exception <a 'java/lang/NoSuchMethodError'{0x00000006ef23ec40}: 'void java.lang.invoke.DirectMethodHandle$Holder.invokeInterface(java.lang.Object, java.lang.Object, java.lang.Object, java.lang.Object)'> (0x00000006ef23ec40) 
thrown [s\src\hotspot\share\interpreter\linkResolver.cpp, line 759]
Event: 18.077 Thread 0x000001925af9f730 Exception <a 'java/lang/IncompatibleClassChangeError'{0x00000006ef3372f0}: Found class java.lang.Object, but interface was expected> (0x00000006ef3372f0) 
thrown [s\src\hotspot\share\interpreter\linkResolver.cpp, line 826]
Event: 18.090 Thread 0x000001925af9f730 Exception <a 'sun/nio/fs/WindowsException'{0x00000006eec5ad98}> (0x00000006eec5ad98) 
thrown [s\src\hotspot\share\prims\jni.cpp, line 516]
Event: 18.120 Thread 0x000001925a99aea0 Exception <a 'java/lang/NoSuchMethodError'{0x00000006eed5f358}: 'void java.lang.invoke.DirectMethodHandle$Holder.invokeVirtual(java.lang.Object, java.lang.Object)'> (0x00000006eed5f358) 
thrown [s\src\hotspot\share\interpreter\linkResolver.cpp, line 759]
Event: 18.133 Thread 0x000001925a99aea0 Exception <a 'sun/nio/fs/WindowsException'{0x00000006eeded8e0}> (0x00000006eeded8e0) 
thrown [s\src\hotspot\share\prims\jni.cpp, line 516]
Event: 18.142 Thread 0x000001925a99aea0 Exception <a 'java/lang/IncompatibleClassChangeError'{0x00000006eee45a70}: Found class java.lang.Object, but interface was expected> (0x00000006eee45a70) 
thrown [s\src\hotspot\share\interpreter\linkResolver.cpp, line 826]
Event: 18.351 Thread 0x000001925a99aea0 Exception <a 'java/lang/NoSuchMethodError'{0x00000006ee43b398}: 'void java.lang.invoke.DirectMethodHandle$Holder.invokeStatic(java.lang.Object, java.lang.Object, java.lang.Object, java.lang.Object, int, java.lang.Object, java.lang.Object)'> (0x00000006ee43b398) 
thrown [s\src\hotspot\share\interpreter\linkResolver.cpp, line 759]
Event: 18.391 Thread 0x000001925a99aea0 Exception <a 'java/lang/NoSuchMethodError'{0x00000006ee626a08}: 'java.lang.Object java.lang.invoke.DirectMethodHandle$Holder.invokeSpecialIFC(java.lang.Object, java.lang.Object, java.lang.Object)'> (0x00000006ee626a08) 
thrown [s\src\hotspot\share\interpreter\linkResolver.cpp, line 759]
Event: 18.442 Thread 0x000001925a99aea0 Exception <a 'java/lang/NoSuchMethodError'{0x00000006ee2bbe38}: 'int java.lang.invoke.DirectMethodHandle$Holder.invokeStaticInit(java.lang.Object, java.lang.Object, java.lang.Object, java.lang.Object, java.lang.Object)'> (0x00000006ee2bbe38) 
thrown [s\src\hotspot\share\interpreter\linkResolver.cpp, line 759]
Event: 18.500 Thread 0x000001927e593150 Implicit null exception at 0x0000019207ea94fd to 0x0000019207ea9b74
Event: 18.516 Thread 0x000001925fb639e0 Implicit null exception at 0x0000019207f86af5 to 0x0000019207f8723c
Event: 18.773 Thread 0x000001925fb61b80 Implicit null exception at 0x000001920801dadc to 0x000001920801e268

VM Operations (20 events):
Event: 19.315 Executing VM operation: G1PauseRemark done
Event: 19.348 Executing VM operation: G1PauseCleanup
Event: 19.348 Executing VM operation: G1PauseCleanup done
Event: 19.460 Executing VM operation: G1TryInitiateConcMark
Event: 19.462 Executing VM operation: G1TryInitiateConcMark done
Event: 19.539 Executing VM operation: G1PauseRemark
Event: 19.544 Executing VM operation: G1PauseRemark done
Event: 19.587 Executing VM operation: G1PauseCleanup
Event: 19.587 Executing VM operation: G1PauseCleanup done
Event: 19.646 Executing VM operation: G1TryInitiateConcMark
Event: 19.648 Executing VM operation: G1TryInitiateConcMark done
Event: 19.767 Executing VM operation: G1TryInitiateConcMark
Event: 19.769 Executing VM operation: G1TryInitiateConcMark done
Event: 19.848 Executing VM operation: G1PauseRemark
Event: 19.852 Executing VM operation: G1PauseRemark done
Event: 19.885 Executing VM operation: G1PauseCleanup
Event: 19.886 Executing VM operation: G1PauseCleanup done
Event: 20.005 Executing VM operation: G1TryInitiateConcMark
Event: 20.008 Executing VM operation: G1TryInitiateConcMark done
Event: 20.092 Executing VM operation: G1PauseRemark

Memory protections (0 events):
No events

Nmethod flushes (20 events):
Event: 17.703 Thread 0x000001927e5ba080 flushing  nmethod 0x0000019200f84990
Event: 17.703 Thread 0x000001927e5ba080 flushing  nmethod 0x0000019200fb5510
Event: 17.703 Thread 0x000001927e5ba080 flushing  nmethod 0x0000019200fb7090
Event: 17.704 Thread 0x000001927e5ba080 flushing  nmethod 0x0000019200fb7e10
Event: 17.704 Thread 0x000001927e5ba080 flushing  nmethod 0x0000019200fb8810
Event: 17.704 Thread 0x000001927e5ba080 flushing  nmethod 0x0000019200fbdb10
Event: 17.704 Thread 0x000001927e5ba080 flushing  nmethod 0x0000019200fc1090
Event: 17.704 Thread 0x000001927e5ba080 flushing  nmethod 0x0000019200fccc10
Event: 17.704 Thread 0x000001927e5ba080 flushing  nmethod 0x0000019200fce310
Event: 17.704 Thread 0x000001927e5ba080 flushing  nmethod 0x0000019200fd0c10
Event: 17.704 Thread 0x000001927e5ba080 flushing  nmethod 0x0000019200fd1510
Event: 17.704 Thread 0x000001927e5ba080 flushing  nmethod 0x0000019200fd1990
Event: 17.704 Thread 0x000001927e5ba080 flushing  nmethod 0x0000019200fd2d90
Event: 17.704 Thread 0x000001927e5ba080 flushing  nmethod 0x0000019200fd7790
Event: 17.704 Thread 0x000001927e5ba080 flushing  nmethod 0x0000019200fdac90
Event: 17.704 Thread 0x000001927e5ba080 flushing  nmethod 0x0000019201054710
Event: 17.704 Thread 0x000001927e5ba080 flushing  nmethod 0x0000019201055590
Event: 17.704 Thread 0x000001927e5ba080 flushing  nmethod 0x00000192010bff10
Event: 17.704 Thread 0x000001927e5ba080 flushing  nmethod 0x00000192010c0390
Event: 17.704 Thread 0x000001927e5ba080 flushing  nmethod 0x00000192010c0b10

Events (20 events):
Event: 17.968 Thread 0x000001925a999040 Thread added: 0x000001925af9dde0
Event: 17.969 Thread 0x000001925a999040 Thread added: 0x000001925af9e2f0
Event: 17.981 Thread 0x000001925a999040 Thread added: 0x000001925af9f730
Event: 17.990 Thread 0x000001925af9f730 Thread added: 0x000001925a998b30
Event: 17.990 Thread 0x000001925af9f730 Thread added: 0x000001925a99aea0
Event: 17.990 Thread 0x000001925af9f730 Thread added: 0x000001925aaf5630
Event: 17.990 Thread 0x000001925af9f730 Thread added: 0x000001925fb5e3d0
Event: 17.991 Thread 0x000001925af9f730 Thread added: 0x000001925fb5edf0
Event: 17.991 Thread 0x000001925af9f730 Thread added: 0x000001925fb62090
Event: 17.991 Thread 0x000001925af9f730 Thread added: 0x000001925fb60230
Event: 18.015 Thread 0x000001925a998b30 Thread added: 0x000001925fb5f300
Event: 18.393 Thread 0x000001925a99aea0 Thread added: 0x000001925fb5e8e0
Event: 18.396 Thread 0x000001925a99aea0 Thread added: 0x000001925fb5f810
Event: 18.396 Thread 0x000001925a99aea0 Thread added: 0x000001925fb60740
Event: 18.397 Thread 0x000001925a99aea0 Thread added: 0x000001925fb5fd20
Event: 18.397 Thread 0x000001925a99aea0 Thread added: 0x000001925fb61b80
Event: 18.397 Thread 0x000001925a99aea0 Thread added: 0x000001925fb634d0
Event: 18.398 Thread 0x000001925a99aea0 Thread added: 0x000001925fb639e0
Event: 19.076 Thread 0x000001925e67ba80 Thread exited: 0x000001925e67ba80
Event: 19.444 Thread 0x000001925943de00 Thread exited: 0x000001925943de00


Dynamic libraries:
0x00007ff6b9320000 - 0x00007ff6b932e000 	C:\Program Files\Eclipse Adoptium\jdk-17.0.15.6-hotspot\bin\java.exe
0x00007ff945640000 - 0x00007ff9458a0000 	C:\WINDOWS\SYSTEM32\ntdll.dll
0x00007ff943e80000 - 0x00007ff943f47000 	C:\WINDOWS\System32\KERNEL32.DLL
0x00007ff942b10000 - 0x00007ff942eda000 	C:\WINDOWS\System32\KERNELBASE.dll
0x00007ff93f910000 - 0x00007ff93f9ac000 	C:\WINDOWS\SYSTEM32\apphelp.dll
0x00007ff9431a0000 - 0x00007ff9432eb000 	C:\WINDOWS\System32\ucrtbase.dll
0x00007ff93cd10000 - 0x00007ff93cd27000 	C:\Program Files\Eclipse Adoptium\jdk-17.0.15.6-hotspot\bin\jli.dll
0x00007ff92a970000 - 0x00007ff92a98e000 	C:\Program Files\Eclipse Adoptium\jdk-17.0.15.6-hotspot\bin\VCRUNTIME140.dll
0x00007ff945430000 - 0x00007ff9455fc000 	C:\WINDOWS\System32\USER32.dll
0x00007ff92c2b0000 - 0x00007ff92c547000 	C:\WINDOWS\WinSxS\amd64_microsoft.windows.common-controls_6595b64144ccf1df_6.0.26100.3624_none_3e086962e3345f24\COMCTL32.dll
0x00007ff9428d0000 - 0x00007ff9428f7000 	C:\WINDOWS\System32\win32u.dll
0x00007ff945380000 - 0x00007ff945429000 	C:\WINDOWS\System32\msvcrt.dll
0x00007ff943e50000 - 0x00007ff943e7a000 	C:\WINDOWS\System32\GDI32.dll
0x00007ff942ee0000 - 0x00007ff943011000 	C:\WINDOWS\System32\gdi32full.dll
0x00007ff942820000 - 0x00007ff9428c3000 	C:\WINDOWS\System32\msvcp_win.dll
0x00007ff9435a0000 - 0x00007ff9435cf000 	C:\WINDOWS\System32\IMM32.DLL
0x00007ff9230d0000 - 0x00007ff9230dc000 	C:\Program Files\Eclipse Adoptium\jdk-17.0.15.6-hotspot\bin\vcruntime140_1.dll
0x00007ff8f2090000 - 0x00007ff8f211d000 	C:\Program Files\Eclipse Adoptium\jdk-17.0.15.6-hotspot\bin\msvcp140.dll
0x00007ff88bda0000 - 0x00007ff88ca0b000 	C:\Program Files\Eclipse Adoptium\jdk-17.0.15.6-hotspot\bin\server\jvm.dll
0x00007ff943ad0000 - 0x00007ff943b82000 	C:\WINDOWS\System32\ADVAPI32.dll
0x00007ff9445a0000 - 0x00007ff944646000 	C:\WINDOWS\System32\sechost.dll
0x00007ff945080000 - 0x00007ff945196000 	C:\WINDOWS\System32\RPCRT4.dll
0x00007ff943c10000 - 0x00007ff943c84000 	C:\WINDOWS\System32\WS2_32.dll
0x00007ff93b8e0000 - 0x00007ff93b916000 	C:\WINDOWS\SYSTEM32\WINMM.dll
0x00007ff942690000 - 0x00007ff9426ee000 	C:\WINDOWS\SYSTEM32\POWRPROF.dll
0x00007ff93b920000 - 0x00007ff93b92b000 	C:\WINDOWS\SYSTEM32\VERSION.dll
0x00007ff942670000 - 0x00007ff942684000 	C:\WINDOWS\SYSTEM32\UMPDC.dll
0x00007ff941630000 - 0x00007ff94164a000 	C:\WINDOWS\SYSTEM32\kernel.appcore.dll
0x00007ff9230c0000 - 0x00007ff9230ca000 	C:\Program Files\Eclipse Adoptium\jdk-17.0.15.6-hotspot\bin\jimage.dll
0x00007ff93baa0000 - 0x00007ff93bce1000 	C:\WINDOWS\SYSTEM32\DBGHELP.DLL
0x00007ff943fe0000 - 0x00007ff944362000 	C:\WINDOWS\System32\combase.dll
0x00007ff944fa0000 - 0x00007ff945076000 	C:\WINDOWS\System32\OLEAUT32.dll
0x00007ff927ce0000 - 0x00007ff927d19000 	C:\WINDOWS\SYSTEM32\dbgcore.DLL
0x00007ff942900000 - 0x00007ff942999000 	C:\WINDOWS\System32\bcryptPrimitives.dll
0x00007ff919190000 - 0x00007ff91919e000 	C:\Program Files\Eclipse Adoptium\jdk-17.0.15.6-hotspot\bin\instrument.dll
0x00007ff920a70000 - 0x00007ff920a95000 	C:\Program Files\Eclipse Adoptium\jdk-17.0.15.6-hotspot\bin\java.dll
0x00007ff8f16d0000 - 0x00007ff8f17a7000 	C:\Program Files\Eclipse Adoptium\jdk-17.0.15.6-hotspot\bin\jsvml.dll
0x00007ff944650000 - 0x00007ff944d79000 	C:\WINDOWS\System32\SHELL32.dll
0x00007ff9429a0000 - 0x00007ff942b08000 	C:\WINDOWS\System32\wintypes.dll
0x00007ff940500000 - 0x00007ff940d52000 	C:\WINDOWS\SYSTEM32\windows.storage.dll
0x00007ff944d90000 - 0x00007ff944e7d000 	C:\WINDOWS\System32\SHCORE.dll
0x00007ff944390000 - 0x00007ff9443f4000 	C:\WINDOWS\System32\shlwapi.dll
0x00007ff942730000 - 0x00007ff94275f000 	C:\WINDOWS\SYSTEM32\profapi.dll
0x00007ff91dbe0000 - 0x00007ff91dbf8000 	C:\Program Files\Eclipse Adoptium\jdk-17.0.15.6-hotspot\bin\zip.dll
0x00007ff920990000 - 0x00007ff9209a9000 	C:\Program Files\Eclipse Adoptium\jdk-17.0.15.6-hotspot\bin\net.dll
0x00007ff93b210000 - 0x00007ff93b32d000 	C:\WINDOWS\SYSTEM32\WINHTTP.dll
0x00007ff941b50000 - 0x00007ff941bba000 	C:\WINDOWS\system32\mswsock.dll
0x00007ff91dc00000 - 0x00007ff91dc16000 	C:\Program Files\Eclipse Adoptium\jdk-17.0.15.6-hotspot\bin\nio.dll
0x00007ff920980000 - 0x00007ff920990000 	C:\Program Files\Eclipse Adoptium\jdk-17.0.15.6-hotspot\bin\verify.dll
0x00007ff917a50000 - 0x00007ff917a77000 	C:\Users\julia\.gradle\native\68d5fa5c4cc2d200863cafc0d521ce42e7d3e7ee720ec0a83991735586a16f82\windows-amd64\native-platform.dll
0x00007ff8f0260000 - 0x00007ff8f03a4000 	C:\Users\julia\.gradle\native\e376f236ea51e6404a007f0833ffe2c6e607c4080706a723a18a27aeea778392\windows-amd64\native-platform-file-events.dll
0x00007ff91dbd0000 - 0x00007ff91dbda000 	C:\Program Files\Eclipse Adoptium\jdk-17.0.15.6-hotspot\bin\management.dll
0x00007ff91d3f0000 - 0x00007ff91d3fb000 	C:\Program Files\Eclipse Adoptium\jdk-17.0.15.6-hotspot\bin\management_ext.dll
0x00007ff944d80000 - 0x00007ff944d88000 	C:\WINDOWS\System32\PSAPI.DLL
0x00007ff941e00000 - 0x00007ff941e1c000 	C:\WINDOWS\SYSTEM32\CRYPTSP.dll
0x00007ff941590000 - 0x00007ff9415ca000 	C:\WINDOWS\system32\rsaenh.dll
0x00007ff941bf0000 - 0x00007ff941c1b000 	C:\WINDOWS\SYSTEM32\USERENV.dll
0x00007ff942700000 - 0x00007ff942726000 	C:\WINDOWS\SYSTEM32\bcrypt.dll
0x00007ff941df0000 - 0x00007ff941dfc000 	C:\WINDOWS\SYSTEM32\CRYPTBASE.dll
0x00007ff941060000 - 0x00007ff941093000 	C:\WINDOWS\SYSTEM32\IPHLPAPI.DLL
0x00007ff943a70000 - 0x00007ff943a7a000 	C:\WINDOWS\System32\NSI.dll
0x00007ff93be40000 - 0x00007ff93be5f000 	C:\WINDOWS\SYSTEM32\dhcpcsvc6.DLL
0x00007ff93be10000 - 0x00007ff93be35000 	C:\WINDOWS\SYSTEM32\dhcpcsvc.DLL
0x00007ff9410f0000 - 0x00007ff941215000 	C:\WINDOWS\SYSTEM32\DNSAPI.dll
0x00007ff91c3d0000 - 0x00007ff91c3d9000 	C:\Program Files\Eclipse Adoptium\jdk-17.0.15.6-hotspot\bin\extnet.dll
0x00007ff919180000 - 0x00007ff91918e000 	C:\Program Files\Eclipse Adoptium\jdk-17.0.15.6-hotspot\bin\sunmscapi.dll
0x00007ff943020000 - 0x00007ff943197000 	C:\WINDOWS\System32\CRYPT32.dll
0x00007ff941ff0000 - 0x00007ff942020000 	C:\WINDOWS\SYSTEM32\ncrypt.dll
0x00007ff941fa0000 - 0x00007ff941fdf000 	C:\WINDOWS\SYSTEM32\NTASN1.dll
0x00007ff915090000 - 0x00007ff915098000 	C:\WINDOWS\system32\wshunix.dll
0x00007ff930d40000 - 0x00007ff930d58000 	C:\WINDOWS\system32\napinsp.dll
0x00007ff930d20000 - 0x00007ff930d32000 	C:\WINDOWS\System32\winrnr.dll
0x00007ff930d60000 - 0x00007ff930d90000 	C:\WINDOWS\system32\nlansp_c.dll
0x00007ff914930000 - 0x00007ff914946000 	C:\WINDOWS\system32\wshbth.dll
0x00007ff92b6b0000 - 0x00007ff92b6bb000 	C:\Windows\System32\rasadhlp.dll
0x00007ff93a2f0000 - 0x00007ff93a375000 	C:\WINDOWS\System32\fwpuclnt.dll

dbghelp: loaded successfully - version: 4.0.5 - missing functions: none
symbol engine: initialized successfully - sym options: 0x614 - pdb path: .;C:\Program Files\Eclipse Adoptium\jdk-17.0.15.6-hotspot\bin;C:\WINDOWS\SYSTEM32;C:\WINDOWS\WinSxS\amd64_microsoft.windows.common-controls_6595b64144ccf1df_6.0.26100.3624_none_3e086962e3345f24;C:\Program Files\Eclipse Adoptium\jdk-17.0.15.6-hotspot\bin\server;C:\Users\julia\.gradle\native\68d5fa5c4cc2d200863cafc0d521ce42e7d3e7ee720ec0a83991735586a16f82\windows-amd64;C:\Users\julia\.gradle\native\e376f236ea51e6404a007f0833ffe2c6e607c4080706a723a18a27aeea778392\windows-amd64

VM Arguments:
jvm_args: --add-opens=java.base/java.util=ALL-UNNAMED --add-opens=java.base/java.lang=ALL-UNNAMED --add-opens=java.base/java.lang.invoke=ALL-UNNAMED --add-opens=java.prefs/java.util.prefs=ALL-UNNAMED --add-opens=java.base/java.nio.charset=ALL-UNNAMED --add-opens=java.base/java.net=ALL-UNNAMED --add-opens=java.base/java.util.concurrent.atomic=ALL-UNNAMED -Xmx4536m -Dfile.encoding=windows-1252 -Duser.country=CO -Duser.language=es -Duser.variant -javaagent:C:\Users\julia\.gradle\wrapper\dists\gradle-8.2-bin\bbg7u40eoinfdyxsxr3z4i7ta\gradle-8.2\lib\agents\gradle-instrumentation-agent-8.2.jar 
java_command: org.gradle.launcher.daemon.bootstrap.GradleDaemon 8.2
java_class_path (initial): C:\Users\julia\.gradle\wrapper\dists\gradle-8.2-bin\bbg7u40eoinfdyxsxr3z4i7ta\gradle-8.2\lib\gradle-launcher-8.2.jar
Launcher Type: SUN_STANDARD

[Global flags]
     intx CICompilerCount                          = 4                                         {product} {ergonomic}
     uint ConcGCThreads                            = 2                                         {product} {ergonomic}
     uint G1ConcRefinementThreads                  = 8                                         {product} {ergonomic}
   size_t G1HeapRegionSize                         = 4194304                                   {product} {ergonomic}
    uintx GCDrainStackTargetSize                   = 64                                        {product} {ergonomic}
   size_t InitialHeapSize                          = 167772160                                 {product} {ergonomic}
   size_t MarkStackSize                            = 4194304                                   {product} {ergonomic}
   size_t MaxHeapSize                              = 4756340736                                {product} {command line}
   size_t MaxNewSize                               = 2852126720                                {product} {ergonomic}
   size_t MinHeapDeltaBytes                        = 4194304                                   {product} {ergonomic}
   size_t MinHeapSize                              = 8388608                                   {product} {ergonomic}
    uintx NonNMethodCodeHeapSize                   = 5839372                                {pd product} {ergonomic}
    uintx NonProfiledCodeHeapSize                  = 122909434                              {pd product} {ergonomic}
    uintx ProfiledCodeHeapSize                     = 122909434                              {pd product} {ergonomic}
    uintx ReservedCodeCacheSize                    = 251658240                              {pd product} {ergonomic}
     bool SegmentedCodeCache                       = true                                      {product} {ergonomic}
   size_t SoftMaxHeapSize                          = 4756340736                             {manageable} {ergonomic}
     bool UseCompressedClassPointers               = true                           {product lp64_product} {ergonomic}
     bool UseCompressedOops                        = true                           {product lp64_product} {ergonomic}
     bool UseG1GC                                  = true                                      {product} {ergonomic}
     bool UseLargePagesIndividualAllocation        = false                                  {pd product} {ergonomic}

Logging:
Log output configuration:
 #0: stdout all=warning uptime,level,tags
 #1: stderr all=off uptime,level,tags

Environment Variables:
JAVA_HOME=C:/Program Files/Eclipse Adoptium/jdk-17.0.15.6-hotspot
CLASSPATH=C:\Users\julia\Documents\bolas\Balls-Game\android\build\\gradle\wrapper\gradle-wrapper.jar
PATH=C:\Program Files\Eclipse Adoptium\jdk-17.0.15.6-hotspot\bin;C:\Program Files (x86)\NVIDIA Corporation\PhysX\Common;C:\Program Files\Common Files\Oracle\Java\javapath;C:\Program Files (x86)\Common Files\Oracle\Java\java8path;C:\Program Files (x86)\Common Files\Oracle\Java\javapath;C:\WINDOWS\system32;C:\WINDOWS;C:\WINDOWS\System32\Wbem;C:\WINDOWS\System32\WindowsPowerShell\v1.0\;C:\WINDOWS\System32\OpenSSH\;D:\Git\Git\cmd;C:\Users\julia\AppData\Local\Microsoft\WindowsApps;D:\Microsoft VS Code\bin;C:\Users\julia\AppData\Local\GitHubDesktop\bin;
USERNAME=julia
OS=Windows_NT
PROCESSOR_IDENTIFIER=AMD64 Family 23 Model 24 Stepping 1, AuthenticAMD
TMP=C:\Users\julia\AppData\Local\Temp
TEMP=C:\Users\julia\AppData\Local\Temp



Periodic native trim disabled


---------------  S Y S T E M  ---------------

OS:
 Windows 11 , 64 bit Build 26100 (10.0.26100.3775)
OS uptime: 0 days 22:22 hours

CPU: total 8 (initial active 8) (8 cores per cpu, 2 threads per core) family 23 model 24 stepping 1 microcode 0x8108109, cx8, cmov, fxsr, ht, mmx, 3dnowpref, sse, sse2, sse3, ssse3, sse4a, sse4.1, sse4.2, popcnt, lzcnt, tsc, tscinvbit, avx, avx2, aes, clmul, bmi1, bmi2, adx, sha, fma, vzeroupper, clflush, clflushopt
Processor Information for all 8 processors :
  Max Mhz: 2100, Current Mhz: 2100, Mhz Limit: 2100

Memory: 4k page, system-wide physical 10182M (903M free)
TotalPageFile size 18182M (AvailPageFile size 244M)
current process WorkingSet (physical memory assigned to process): 700M, peak: 735M
current process commit charge ("private bytes"): 776M, peak: 1080M

vm_info: OpenJDK 64-Bit Server VM (17.0.15+6) for windows-amd64 JRE (17.0.15+6), built on Apr 15 2025 21:25:47 by "admin" with MS VC++ 17.7 (VS2022)

END.
